Archive member included because of file (symbol)

contiki-z1.a(contiki-z1-plat)
                              obj_z1/contiki-z1-main.o (init_platform)
contiki-z1.a(msp430.o)        obj_z1/contiki-z1-main.o (splhigh_)
contiki-z1.a(leds.o)          obj_z1/contiki-z1-main.o (leds_init)
contiki-z1.a(watchdog.o)      obj_z1/contiki-z1-main.o (watchdog_start)
contiki-z1.a(xmem.o)          obj_z1/contiki-z1-main.o (xmem_init)
contiki-z1.a(spi.o)           contiki-z1.a(xmem.o) (spi_init)
contiki-z1.a(cc2420.o)        obj_z1/contiki-z1-main.o (cc2420_set_pan_addr)
contiki-z1.a(cc2420-arch.o)   contiki-z1.a(cc2420.o) (cc2420_arch_init)
contiki-z1.a(node-id.o)       obj_z1/contiki-z1-main.o (node_id_restore)
contiki-z1.a(sensors.o)       contiki-z1.a(contiki-z1-plat) (sensors_process)
contiki-z1.a(uart0.o)         obj_z1/contiki-z1-main.o (uart0_active)
contiki-z1.a(uart0-putchar.o)
                              obj_z1/contiki-z1-main.o (putchar)
contiki-z1.a(z1-sensors.o)    contiki-z1.a(sensors.o) (sensors_flags)
contiki-z1.a(adxl345.o)       obj_z1/contiki-z1-main.o (adxl345)
contiki-z1.a(tmp102.o)        contiki-z1.a(z1-sensors.o) (tmp102)
contiki-z1.a(clock.o)         obj_z1/contiki-z1-main.o (clock_init)
contiki-z1.a(leds-arch.o)     contiki-z1.a(leds.o) (leds_arch_init)
contiki-z1.a(rtimer-arch.o)   obj_z1/contiki-z1-main.o (rtimer_arch_now)
contiki-z1.a(autostart.o)     obj_z1/contiki-z1-main.o (autostart_start)
contiki-z1.a(energest.o)      obj_z1/contiki-z1-main.o (energest_init)
contiki-z1.a(ctimer.o)        obj_z1/contiki-z1-main.o (ctimer_init)
contiki-z1.a(etimer.o)        contiki-z1.a(clock.o) (etimer_request_poll)
contiki-z1.a(process.o)       contiki-z1.a(ctimer.o) (process_current)
contiki-z1.a(rtimer.o)        obj_z1/contiki-z1-main.o (rtimer_init)
contiki-z1.a(timer.o)         contiki-z1.a(adxl345.o) (timer_set)
contiki-z1.a(list.o)          contiki-z1.a(ctimer.o) (list_init)
contiki-z1.a(random.o)        obj_z1/contiki-z1-main.o (random_init)
contiki-z1.a(uip-ds6.o)       obj_z1/contiki-z1-main.o (uip_ds6_get_link_local)
contiki-z1.a(uip-ds6-route.o)
                              contiki-z1.a(uip-ds6.o) (uip_ds6_route_init)
contiki-z1.a(uip6.o)          obj_z1/mqtt_sn.o (uip_htons)
contiki-z1.a(uip-ds6-nbr.o)   contiki-z1.a(uip-ds6.o) (uip_ds6_neighbors_init)
contiki-z1.a(uip-nd6.o)       contiki-z1.a(uip6.o) (uip_nd6_init)
contiki-z1.a(sicslowpan.o)    obj_z1/contiki-z1-main.o (sicslowpan_driver)
contiki-z1.a(uip-debug.o)     obj_z1/mqtt_sn.o (uip_debug_ipaddr_print)
contiki-z1.a(tcpip.o)         contiki-z1.a(sicslowpan.o) (tcpip_set_outputfunc)
contiki-z1.a(simple-udp.o)    obj_z1/mqtt_sn.o (simple_udp_send)
contiki-z1.a(rpl-ext-header.)
                              contiki-z1.a(uip6.o) (rpl_verify_hbh_header)
contiki-z1.a(rpl.o)           contiki-z1.a(uip-ds6-nbr.o) (rpl_link_neighbor_callback)
contiki-z1.a(rpl-icmp6.o)     contiki-z1.a(rpl-ext-header.) (dao_output_target)
contiki-z1.a(rpl-dag.o)       contiki-z1.a(rpl-ext-header.) (rpl_parents)
contiki-z1.a(queuebuf.o)      obj_z1/contiki-z1-main.o (queuebuf_init)
contiki-z1.a(nbr-table.o)     contiki-z1.a(uip-ds6-route.o) (nbr_table_register)
contiki-z1.a(packetbuf.o)     contiki-z1.a(cc2420.o) (packetbuf_set_datalen)
contiki-z1.a(linkaddr.o)      obj_z1/contiki-z1-main.o (linkaddr_copy)
contiki-z1.a(link-stats.o)    contiki-z1.a(rpl-dag.o) (link_stats_from_lladdr)
contiki-z1.a(nullmac.o)       obj_z1/contiki-z1-main.o (nullmac_driver)
contiki-z1.a(framer-802154.o)
                              contiki-z1.a(sicslowpan.o) (framer_802154)
contiki-z1.a(nullrdc.o)       obj_z1/contiki-z1-main.o (nullrdc_driver)
contiki-z1.a(nullsec.o)       contiki-z1.a(sicslowpan.o) (nullsec_driver)
contiki-z1.a(i2cmaster.o)     contiki-z1.a(adxl345.o) (i2c_receiveinit)
contiki-z1.a(button-sensor.o)
                              contiki-z1.a(z1-sensors.o) (button_sensor)
contiki-z1.a(stimer.o)        contiki-z1.a(uip-ds6.o) (stimer_set)
contiki-z1.a(memb.o)          contiki-z1.a(uip-ds6-route.o) (memb_init)
contiki-z1.a(uip-icmp6.o)     contiki-z1.a(uip6.o) (uip_icmp6_input)
contiki-z1.a(uip-udp-packet.)
                              contiki-z1.a(simple-udp.o) (uip_udp_packet_sendto)
contiki-z1.a(rpl-nbr-policy.)
                              contiki-z1.a(nbr-table.o) (rpl_nbr_policy_find_removable)
contiki-z1.a(rpl-timers.o)    contiki-z1.a(rpl.o) (rpl_reset_periodic_timer)
contiki-z1.a(rpl-mrhof.o)     contiki-z1.a(rpl-dag.o) (rpl_mrhof)
contiki-z1.a(frame802154.o)   contiki-z1.a(framer-802154.o) (frame802154_get_pan_id)
contiki-z1.a(mac.o)           contiki-z1.a(nullrdc.o) (mac_call_sent_callback)
/usr/lib/gcc/msp430/4.6.3/mcpu-430x/mmpy-16/libgcc.a(_mulsi3.o)
                              contiki-z1.a(rpl.o) (__mulsi3)
/usr/lib/gcc/msp430/4.6.3/mcpu-430x/mmpy-16/libgcc.a(_udivmod16.o)
                              contiki-z1.a(rpl-icmp6.o) (__udivhi3)
/usr/lib/gcc/msp430/4.6.3/mcpu-430x/mmpy-16/libgcc.a(_divmod16.o)
[...]
Memory Configuration

Name             Origin             Length             Attributes
sfr              0x0000000000000000 0x0000000000000010
peripheral_8bit  0x0000000000000010 0x00000000000000f0
peripheral_16bit 0x0000000000000100 0x0000000000000100
ram_mirror       0x0000000000000200 0x0000000000000800 xw
infomem          0x0000000000001000 0x0000000000000100
infod            0x0000000000001000 0x0000000000000040
infoc            0x0000000000001040 0x0000000000000040
infob            0x0000000000001080 0x0000000000000040
infoa            0x00000000000010c0 0x0000000000000040
ram              0x0000000000001100 0x0000000000002000 xw
rom              0x0000000000003100 0x000000000000cebe xr
vectors          0x000000000000ffc0 0x0000000000000040
far_rom          0x0000000000010000 0x000000000000a000
bsl              0x0000000000000000 0x0000000000000000
ram2             0x0000000000000000 0x0000000000000000 xw
usbram           0x0000000000000000 0x0000000000000000 xw
*default*        0x0000000000000000 0xffffffffffffffff

Linker script and memory map

LOAD /usr/lib/gcc/msp430/4.6.3/mcpu-430x/mmpy-16/crt0ivtbl32.o
                0x0000000000000041                __P1SEL2 = 0x41
                0x0000000000000045                __P5SEL2 = 0x45
LOAD main_core.co
LOAD obj_z1/mqtt_sn.o
LOAD obj_z1/contiki-z1-main.o
LOAD contiki-z1.a
LOAD /usr/lib/gcc/msp430/4.6.3/mcpu-430x/mmpy-16/libgcc.a
LOAD /usr/lib/gcc/msp430/4.6.3/../../../../msp430/lib/mcpu-430x/mmpy-16/libc.a
LOAD /usr/lib/gcc/msp430/4.6.3/mcpu-430x/mmpy-16/libgcc.a
LOAD /usr/lib/gcc/msp430/4.6.3/mcpu-430x/mmpy-16/libcrt0.a
                0x0000000000000040                PROVIDE (__info_segment_size, 0x40)
                0x0000000000001000                PROVIDE (__infod, 0x1000)
                0x0000000000001040                PROVIDE (__infoc, 0x1040)
                0x0000000000001080                PROVIDE (__infob, 0x1080)
                0x00000000000010c0                PROVIDE (__infoa, 0x10c0)
                0x0000000000000000                __IE1 = 0x0
                0x0000000000000002                __IFG1 = 0x2
                0x0000000000000001                __IE2 = 0x1
                0x0000000000000003                __IFG2 = 0x3
                0x0000000000000006                __UC1IE = 0x6
                0x0000000000000007                __UC1IFG = 0x7
                0x00000000000001a0                __ADC12CTL0 = 0x1a0
                0x00000000000001a2                __ADC12CTL1 = 0x1a2
                0x00000000000001a4                __ADC12IFG = 0x1a4
                0x00000000000001a6                __ADC12IE = 0x1a6
                0x00000000000001a8                __ADC12IV = 0x1a8
                0x0000000000000140                __ADC12MEM0 = 0x140
                0x0000000000000142                __ADC12MEM1 = 0x142
                0x0000000000000144                __ADC12MEM2 = 0x144
                0x0000000000000146                __ADC12MEM3 = 0x146
                0x0000000000000148                __ADC12MEM4 = 0x148
                0x000000000000014a                __ADC12MEM5 = 0x14a
                0x000000000000014c                __ADC12MEM6 = 0x14c
                0x000000000000014e                __ADC12MEM7 = 0x14e
                0x0000000000000150                __ADC12MEM8 = 0x150
                0x0000000000000152                __ADC12MEM9 = 0x152
                0x0000000000000154                __ADC12MEM10 = 0x154
                0x0000000000000156                __ADC12MEM11 = 0x156
                0x0000000000000158                __ADC12MEM12 = 0x158
                0x000000000000015a                __ADC12MEM13 = 0x15a
                0x000000000000015c                __ADC12MEM14 = 0x15c
                0x000000000000015e                __ADC12MEM15 = 0x15e
                0x0000000000000080                __ADC12MCTL0 = 0x80
                0x0000000000000081                __ADC12MCTL1 = 0x81
                0x0000000000000082                __ADC12MCTL2 = 0x82
                0x0000000000000083                __ADC12MCTL3 = 0x83
                0x0000000000000084                __ADC12MCTL4 = 0x84
                0x0000000000000085                __ADC12MCTL5 = 0x85
                0x0000000000000086                __ADC12MCTL6 = 0x86
                0x0000000000000087                __ADC12MCTL7 = 0x87
                0x0000000000000088                __ADC12MCTL8 = 0x88
                0x0000000000000089                __ADC12MCTL9 = 0x89
                0x000000000000008a                __ADC12MCTL10 = 0x8a
                0x000000000000008b                __ADC12MCTL11 = 0x8b
                0x000000000000008c                __ADC12MCTL12 = 0x8c
                0x000000000000008d                __ADC12MCTL13 = 0x8d
                0x000000000000008e                __ADC12MCTL14 = 0x8e
                0x000000000000008f                __ADC12MCTL15 = 0x8f
                0x0000000000000056                __DCOCTL = 0x56
                0x0000000000000057                __BCSCTL1 = 0x57
                0x0000000000000058                __BCSCTL2 = 0x58
                0x0000000000000053                __BCSCTL3 = 0x53
                0x0000000000000059                __CACTL1 = 0x59
                0x000000000000005a                __CACTL2 = 0x5a
                0x000000000000005b                __CAPD = 0x5b
                0x00000000000001c0                __DAC12_0CTL = 0x1c0
                0x00000000000001c2                __DAC12_1CTL = 0x1c2
                0x00000000000001c8                __DAC12_0DAT = 0x1c8
                0x00000000000001ca                __DAC12_1DAT = 0x1ca
                0x0000000000000122                __DMACTL0 = 0x122
                0x0000000000000124                __DMACTL1 = 0x124
                0x0000000000000126                __DMAIV = 0x126
                0x00000000000001d0                __DMA0CTL = 0x1d0
                0x00000000000001dc                __DMA1CTL = 0x1dc
                0x00000000000001e8                __DMA2CTL = 0x1e8
                0x00000000000001d2                __DMA0SA = 0x1d2
                0x00000000000001d2                __DMA0SAL = 0x1d2
                0x00000000000001d6                __DMA0DA = 0x1d6
                0x00000000000001d6                __DMA0DAL = 0x1d6
                0x00000000000001da                __DMA0SZ = 0x1da
                0x00000000000001de                __DMA1SA = 0x1de
                0x00000000000001de                __DMA1SAL = 0x1de
                0x00000000000001e2                __DMA1DA = 0x1e2
                0x00000000000001e2                __DMA1DAL = 0x1e2
                0x00000000000001e6                __DMA1SZ = 0x1e6
                0x00000000000001ea                __DMA2SA = 0x1ea
                0x00000000000001ea                __DMA2SAL = 0x1ea
                0x00000000000001ee                __DMA2DA = 0x1ee
                0x00000000000001ee                __DMA2DAL = 0x1ee
                0x00000000000001f2                __DMA2SZ = 0x1f2
                0x0000000000000128                __FCTL1 = 0x128
                0x000000000000012a                __FCTL2 = 0x12a
                0x000000000000012c                __FCTL3 = 0x12c
                0x00000000000001be                __FCTL4 = 0x1be
                0x0000000000000130                __MPY = 0x130
                0x0000000000000132                __MPYS = 0x132
                0x0000000000000134                __MAC = 0x134
                0x0000000000000136                __MACS = 0x136
                0x0000000000000138                __OP2 = 0x138
                0x000000000000013a                __RESLO = 0x13a
                0x000000000000013c                __RESHI = 0x13c
                0x000000000000013e                __SUMEXT = 0x13e
                0x0000000000000020                __P1IN = 0x20
                0x0000000000000021                __P1OUT = 0x21
                0x0000000000000022                __P1DIR = 0x22
                0x0000000000000023                __P1IFG = 0x23
                0x0000000000000024                __P1IES = 0x24
                0x0000000000000025                __P1IE = 0x25
                0x0000000000000026                __P1SEL = 0x26
                0x0000000000000027                __P1REN = 0x27
                0x0000000000000028                __P2IN = 0x28
                0x0000000000000029                __P2OUT = 0x29
                0x000000000000002a                __P2DIR = 0x2a
                0x000000000000002b                __P2IFG = 0x2b
                0x000000000000002c                __P2IES = 0x2c
                0x000000000000002d                __P2IE = 0x2d
                0x000000000000002e                __P2SEL = 0x2e
                0x000000000000002f                __P2REN = 0x2f
                0x0000000000000018                __P3IN = 0x18
                0x0000000000000019                __P3OUT = 0x19
                0x000000000000001a                __P3DIR = 0x1a
                0x000000000000001b                __P3SEL = 0x1b
                0x0000000000000010                __P3REN = 0x10
                0x000000000000001c                __P4IN = 0x1c
                0x000000000000001d                __P4OUT = 0x1d
                0x000000000000001e                __P4DIR = 0x1e
                0x000000000000001f                __P4SEL = 0x1f
                0x0000000000000011                __P4REN = 0x11
                0x0000000000000030                __P5IN = 0x30
                0x0000000000000031                __P5OUT = 0x31
                0x0000000000000032                __P5DIR = 0x32
                0x0000000000000033                __P5SEL = 0x33
                0x0000000000000012                __P5REN = 0x12
                0x0000000000000034                __P6IN = 0x34
                0x0000000000000035                __P6OUT = 0x35
                0x0000000000000036                __P6DIR = 0x36
                0x0000000000000037                __P6SEL = 0x37
                0x0000000000000013                __P6REN = 0x13
                0x0000000000000038                __P7IN = 0x38
                0x000000000000003a                __P7OUT = 0x3a
                0x000000000000003c                __P7DIR = 0x3c
                0x000000000000003e                __P7SEL = 0x3e
                0x0000000000000014                __P7REN = 0x14
                0x0000000000000039                __P8IN = 0x39
                0x000000000000003b                __P8OUT = 0x3b
                0x000000000000003d                __P8DIR = 0x3d
                0x000000000000003f                __P8SEL = 0x3f
                0x0000000000000015                __P8REN = 0x15
                0x0000000000000038                __PAIN = 0x38
                0x000000000000003a                __PAOUT = 0x3a
                0x000000000000003c                __PADIR = 0x3c
                0x000000000000003e                __PASEL = 0x3e
                0x0000000000000014                __PAREN = 0x14
                0x0000000000000055                __SVSCTL = 0x55
                0x000000000000012e                __TAIV = 0x12e
                0x0000000000000160                __TACTL = 0x160
                0x0000000000000162                __TACCTL0 = 0x162
                0x0000000000000164                __TACCTL1 = 0x164
                0x0000000000000166                __TACCTL2 = 0x166
                0x0000000000000170                __TAR = 0x170
                0x0000000000000172                __TACCR0 = 0x172
                0x0000000000000174                __TACCR1 = 0x174
                0x0000000000000176                __TACCR2 = 0x176
                0x000000000000011e                __TBIV = 0x11e
                0x0000000000000180                __TBCTL = 0x180
                0x0000000000000182                __TBCCTL0 = 0x182
                0x0000000000000184                __TBCCTL1 = 0x184
                0x0000000000000186                __TBCCTL2 = 0x186
                0x0000000000000188                __TBCCTL3 = 0x188
                0x000000000000018a                __TBCCTL4 = 0x18a
                0x000000000000018c                __TBCCTL5 = 0x18c
                0x000000000000018e                __TBCCTL6 = 0x18e
                0x0000000000000190                __TBR = 0x190
                0x0000000000000192                __TBCCR0 = 0x192
                0x0000000000000194                __TBCCR1 = 0x194
                0x0000000000000196                __TBCCR2 = 0x196
                0x0000000000000198                __TBCCR3 = 0x198
                0x000000000000019a                __TBCCR4 = 0x19a
                0x000000000000019c                __TBCCR5 = 0x19c
                0x000000000000019e                __TBCCR6 = 0x19e
                0x0000000000000060                __UCA0CTL0 = 0x60
                0x0000000000000061                __UCA0CTL1 = 0x61
                0x0000000000000062                __UCA0BR0 = 0x62
                0x0000000000000063                __UCA0BR1 = 0x63
                0x0000000000000064                __UCA0MCTL = 0x64
                0x0000000000000065                __UCA0STAT = 0x65
                0x0000000000000066                __UCA0RXBUF = 0x66
                0x0000000000000067                __UCA0TXBUF = 0x67
                0x000000000000005d                __UCA0ABCTL = 0x5d
                0x000000000000005e                __UCA0IRTCTL = 0x5e
                0x000000000000005f                __UCA0IRRCTL = 0x5f
                0x0000000000000068                __UCB0CTL0 = 0x68
                0x0000000000000069                __UCB0CTL1 = 0x69
                0x000000000000006a                __UCB0BR0 = 0x6a
                0x000000000000006b                __UCB0BR1 = 0x6b
                0x000000000000006c                __UCB0I2CIE = 0x6c
                0x000000000000006d                __UCB0STAT = 0x6d
                0x000000000000006e                __UCB0RXBUF = 0x6e
                0x000000000000006f                __UCB0TXBUF = 0x6f
                0x0000000000000118                __UCB0I2COA = 0x118
                0x000000000000011a                __UCB0I2CSA = 0x11a
                0x00000000000000d0                __UCA1CTL0 = 0xd0
                0x00000000000000d1                __UCA1CTL1 = 0xd1
                0x00000000000000d2                __UCA1BR0 = 0xd2
                0x00000000000000d3                __UCA1BR1 = 0xd3
                0x00000000000000d4                __UCA1MCTL = 0xd4
                0x00000000000000d5                __UCA1STAT = 0xd5
                0x00000000000000d6                __UCA1RXBUF = 0xd6
                0x00000000000000d7                __UCA1TXBUF = 0xd7
                0x00000000000000cd                __UCA1ABCTL = 0xcd
                0x00000000000000ce                __UCA1IRTCTL = 0xce
                0x00000000000000cf                __UCA1IRRCTL = 0xcf
                0x00000000000000d8                __UCB1CTL0 = 0xd8
                0x00000000000000d9                __UCB1CTL1 = 0xd9
                0x00000000000000da                __UCB1BR0 = 0xda
                0x00000000000000db                __UCB1BR1 = 0xdb
                0x00000000000000dc                __UCB1I2CIE = 0xdc
                0x00000000000000dd                __UCB1STAT = 0xdd
                0x00000000000000de                __UCB1RXBUF = 0xde
                0x00000000000000df                __UCB1TXBUF = 0xdf
                0x000000000000017c                __UCB1I2COA = 0x17c
                0x000000000000017e                __UCB1I2CSA = 0x17e
                0x0000000000000120                __WDTCTL = 0x120
                0x00000000000010c0                __TLV_CHECKSUM = 0x10c0
                0x00000000000010f6                __TLV_DCO_30_TAG = 0x10f6
                0x00000000000010f7                __TLV_DCO_30_LEN = 0x10f7
                0x00000000000010da                __TLV_ADC12_1_TAG = 0x10da
                0x00000000000010db                __TLV_ADC12_1_LEN = 0x10db
                0x00000000000010f8                __CALDCO_16MHZ = 0x10f8
                0x00000000000010f9                __CALBC1_16MHZ = 0x10f9
                0x00000000000010fa                __CALDCO_12MHZ = 0x10fa
                0x00000000000010fb                __CALBC1_12MHZ = 0x10fb
                0x00000000000010fc                __CALDCO_8MHZ = 0x10fc
                0x00000000000010fd                __CALBC1_8MHZ = 0x10fd
                0x00000000000010fe                __CALDCO_1MHZ = 0x10fe
                0x00000000000010ff                __CALBC1_1MHZ = 0x10ff

.hash
 *(.hash)

.dynsym
 *(.dynsym)

.dynstr
 *(.dynstr)

.gnu.version
 *(.gnu.version)

.gnu.version_d
 *(.gnu.version_d)

.gnu.version_r
 *(.gnu.version_r)

.rel.init
 *(.rel.init)

.rela.init
 *(.rela.init)

.rel.fini
 *(.rel.fini)

.rela.fini
 *(.rela.fini)

.rel.text
 *(.rel.text .rel.text.* .rel.gnu.linkonce.t.*)

.rela.text
 *(.rela.text .rela.text.* .rela.gnu.linkonce.t.*)

.rel.rodata
 *(.rel.rodata .rel.rodata.* .rel.gnu.linkonce.r.*)

.rela.rodata
 *(.rela.rodata .rela.rodata.* .rela.gnu.linkonce.r.*)

.rel.data
 *(.rel.data .rel.data.* .rel.gnu.linkonce.d.*)

.rela.data
 *(.rela.data .rela.data.* .rela.gnu.linkonce.d.*)

.rel.bss
 *(.rel.bss .rel.bss.* .rel.gnu.linkonce.b.*)

.rela.bss
 *(.rela.bss .rela.bss.* .rela.gnu.linkonce.b.*)

.rel.ctors
 *(.rel.ctors)

.rela.ctors
 *(.rela.ctors)

.rel.dtors
 *(.rel.dtors)

.rela.dtors
 *(.rela.dtors)

.rel.got
 *(.rel.got)

.rela.got
 *(.rela.got)

.rel.plt
 *(.rel.plt)

.rela.plt
 *(.rela.plt)

.text           0x0000000000003100     0xaa7c
                0x0000000000003100                . = ALIGN (0x2)
 *(.init .init.*)
 *(.init0)
 .init0         0x0000000000003100        0x0 /usr/lib/gcc/msp430/4.6.3/mcpu-430x/mmpy-16/libcrt0.a(_reset_vector__.o)
                0x0000000000003100                _reset_vector__
 *(.init1)
 .init1         0x0000000000003100        0xc /usr/lib/gcc/msp430/4.6.3/mcpu-430x/mmpy-16/libcrt0.a(__watchdog_support.o)
                0x0000000000003100                __watchdog_support
 *(.init2)
 .init2         0x000000000000310c        0x4 /usr/lib/gcc/msp430/4.6.3/mcpu-430x/mmpy-16/libcrt0.a(__init_stack.o)
                0x000000000000310c                __init_stack
 *(.init3)
 .init3         0x0000000000003110        0x0 /usr/lib/gcc/msp430/4.6.3/mcpu-430x/mmpy-16/libcrt0.a(__low_level_init.o)
                0x0000000000003110                __low_level_init
 *(.init4)
 .init4         0x0000000000003110       0x18 /usr/lib/gcc/msp430/4.6.3/mcpu-430x/mmpy-16/libcrt0.a(_copy_data.o)
                0x0000000000003110                __do_copy_data
 .init4         0x0000000000003128       0x16 /usr/lib/gcc/msp430/4.6.3/mcpu-430x/mmpy-16/libcrt0.a(_clear_bss.o)
                0x0000000000003128                __do_clear_bss
 *(.init5)
 *(.init6)
 *(.init7)
 *(.init8)
 *(.init9)
 .init9         0x000000000000313e      0x348 obj_z1/contiki-z1-main.o
                0x000000000000313e                main
 *(.fini9)
 .fini9         0x0000000000003486        0x0 /usr/lib/gcc/msp430/4.6.3/mcpu-430x/mmpy-16/libcrt0.a(__stop_progExec__.o)
                0x0000000000003486                __stop_progExec__
 *(.fini8)
 *(.fini7)
 *(.fini6)
 *(.fini5)
 *(.fini4)
 *(.fini3)
 *(.fini2)
 *(.fini1)
 *(.fini0)
 .fini0         0x0000000000003486        0x6 /usr/lib/gcc/msp430/4.6.3/mcpu-430x/mmpy-16/libcrt0.a(_endless_loop__.o)
                0x0000000000003486                _endless_loop__
 *(.fini .fini.*)
                0x000000000000348c                . = ALIGN (0x2)
                0x000000000000348c                __ctors_start = .
 *(.ctors)
                0x000000000000348c                __ctors_end = .
                0x000000000000348c                __dtors_start = .
 *(.dtors)
                0x000000000000348c                __dtors_end = .
                0x000000000000348c                . = ALIGN (0x2)
 *(.text .text.* .gnu.linkonce.t.*)
 .text          0x000000000000348c        0x4 /usr/lib/gcc/msp430/4.6.3/mcpu-430x/mmpy-16/crt0ivtbl32.o
                0x000000000000348c                __isr_14
                0x000000000000348c                __isr_4
                0x000000000000348c                __isr_29
                0x000000000000348c                __isr_11
                0x000000000000348c                __isr_5
                0x000000000000348c                __isr_2
                0x000000000000348c                __isr_10
                0x000000000000348c                __isr_7
                0x000000000000348c                __isr_0
                0x000000000000348c                __isr_28
                0x000000000000348c                __isr_8
                0x000000000000348c                __isr_20
                0x000000000000348c                __isr_3
                0x000000000000348c                __isr_12
                0x000000000000348c                __isr_13
                0x000000000000348c                __isr_27
                0x000000000000348c                __isr_9
                0x000000000000348c                __isr_30
                0x000000000000348c                __isr_6
                0x000000000000348c                __isr_22
                0x000000000000348c                __isr_1
                0x000000000000348c                __isr_15
                0x000000000000348c                __isr_21
 .text.mqtt_sn_callback
                0x0000000000003490       0x24 main_core.co
                0x0000000000003490                mqtt_sn_callback
 .text.init_broker
                0x00000000000034b4       0xe6 main_core.co
                0x00000000000034b4                init_broker
 .text.process_thread_init_system_process
                0x000000000000359a       0x96 main_core.co
 .text.unlock_tasks
                0x0000000000003630        0xe obj_z1/mqtt_sn.o
                0x0000000000003630                unlock_tasks
 .text.parse_mqtt_type_string
                0x000000000000363e       0x68 obj_z1/mqtt_sn.o
                0x000000000000363e                parse_mqtt_type_string
 .text.mqtt_sn_get_qos_flag
                0x00000000000036a6       0x12 obj_z1/mqtt_sn.o
                0x00000000000036a6                mqtt_sn_get_qos_flag
 .text.verf_hist_sub
                0x00000000000036b8       0x46 obj_z1/mqtt_sn.o
                0x00000000000036b8                verf_hist_sub
 .text.verf_register
                0x00000000000036fe       0x26 obj_z1/mqtt_sn.o
                0x00000000000036fe                verf_register
 .text.mqtt_sn_will_topic_send
                0x0000000000003724       0x62 obj_z1/mqtt_sn.o
                0x0000000000003724                mqtt_sn_will_topic_send
 .text.mqtt_sn_will_message_send
                0x0000000000003786       0x5c obj_z1/mqtt_sn.o
                0x0000000000003786                mqtt_sn_will_message_send
 .text.mqtt_sn_ping_send
                0x00000000000037e2       0x68 obj_z1/mqtt_sn.o
                0x00000000000037e2                mqtt_sn_ping_send
 .text.timeout_ping_mqtt
                0x000000000000384a       0x50 obj_z1/mqtt_sn.o
                0x000000000000384a                timeout_ping_mqtt
 .text.mqtt_sn_con_send
                0x000000000000389a       0x90 obj_z1/mqtt_sn.o
                0x000000000000389a                mqtt_sn_con_send
 .text.mqtt_sn_reg_send
                0x000000000000392a       0x9c obj_z1/mqtt_sn.o
                0x000000000000392a                mqtt_sn_reg_send
 .text.mqtt_sn_regack_send
                0x00000000000039c6       0x40 obj_z1/mqtt_sn.o
                0x00000000000039c6                mqtt_sn_regack_send
 .text.mqtt_sn_pub_send
                0x0000000000003a06       0xc6 obj_z1/mqtt_sn.o
                0x0000000000003a06                mqtt_sn_pub_send
 .text.mqtt_sn_pub
                0x0000000000003acc       0x32 obj_z1/mqtt_sn.o
                0x0000000000003acc                mqtt_sn_pub
 .text.mqtt_sn_sub_send
                0x0000000000003afe       0x7c obj_z1/mqtt_sn.o
                0x0000000000003afe                mqtt_sn_sub_send
 .text.timeout_con
                0x0000000000003b7a       0xb6 obj_z1/mqtt_sn.o
                0x0000000000003b7a                timeout_con
 .text.mqtt_sn_sub_send_wildcard
                0x0000000000003c30       0x84 obj_z1/mqtt_sn.o
                0x0000000000003c30                mqtt_sn_sub_send_wildcard
 .text.mqtt_sn_insert_queue
                0x0000000000003cb4       0xa0 obj_z1/mqtt_sn.o
                0x0000000000003cb4                mqtt_sn_insert_queue
 .text.mqtt_sn_sub_wildcard
                0x0000000000003d54       0x36 obj_z1/mqtt_sn.o
                0x0000000000003d54                mqtt_sn_sub_wildcard
 .text.mqtt_sn_sub
                0x0000000000003d8a       0x98 obj_z1/mqtt_sn.o
                0x0000000000003d8a                mqtt_sn_sub
 .text.mqtt_sn_delete_queue
                0x0000000000003e22       0x82 obj_z1/mqtt_sn.o
                0x0000000000003e22                mqtt_sn_delete_queue
 .text.mqtt_sn_check_empty
                0x0000000000003ea4        0xc obj_z1/mqtt_sn.o
                0x0000000000003ea4                mqtt_sn_check_empty
 .text.init_vectors
                0x0000000000003eb0       0x2c obj_z1/mqtt_sn.o
                0x0000000000003eb0                init_vectors
 .text.mqtt_sn_recv_parser
                0x0000000000003edc      0x1d4 obj_z1/mqtt_sn.o
                0x0000000000003edc                mqtt_sn_recv_parser
 .text.mqtt_sn_udp_rec_cb
                0x00000000000040b0        0xa obj_z1/mqtt_sn.o
                0x00000000000040b0                mqtt_sn_udp_rec_cb
 .text.mqtt_sn_create_sck
                0x00000000000040ba      0x1d4 obj_z1/mqtt_sn.o
                0x00000000000040ba                mqtt_sn_create_sck
 .text.process_thread_mqtt_sn_main
                0x000000000000428e      0x326 obj_z1/mqtt_sn.o
 .text.mqtt_sn_init
                0x00000000000045b4       0x70 obj_z1/mqtt_sn.o
                0x00000000000045b4                mqtt_sn_init
 .text.init_platform
                0x0000000000004624        0xc contiki-z1.a(contiki-z1-plat)
                0x0000000000004624                init_platform
 .text.msp430_init_dco
                0x0000000000004630       0x28 contiki-z1.a(msp430.o)
                0x0000000000004630                msp430_init_dco
 .text.splhigh_
                0x0000000000004658        0x8 contiki-z1.a(msp430.o)
                0x0000000000004658                splhigh_
 .text.msp430_sync_dco
                0x0000000000004660       0x72 contiki-z1.a(msp430.o)
                0x0000000000004660                msp430_sync_dco
 .text.msp430_cpu_init
                0x00000000000046d2       0x2e contiki-z1.a(msp430.o)
                0x00000000000046d2                msp430_cpu_init
 .text.show_leds
                0x0000000000004700       0xee contiki-z1.a(leds.o)
 .text.leds_init
                0x00000000000047ee        0xa contiki-z1.a(leds.o)
                0x00000000000047ee                leds_init
 .text.leds_on  0x00000000000047f8        0xa contiki-z1.a(leds.o)
                0x00000000000047f8                leds_on
 .text.leds_off
                0x0000000000004802        0xe contiki-z1.a(leds.o)
                0x0000000000004802                leds_off
 .text.watchdog_interrupt
                0x0000000000004810        0x6 contiki-z1.a(watchdog.o)
                0x0000000000004810                __isr_26
                0x0000000000004810                watchdog_interrupt
 .text.watchdog_start
                0x0000000000004816       0x14 contiki-z1.a(watchdog.o)
                0x0000000000004816                watchdog_start
 .text.watchdog_periodic
                0x000000000000482a       0x12 contiki-z1.a(watchdog.o)
                0x000000000000482a                watchdog_periodic
 .text.watchdog_stop
                0x000000000000483c       0x16 contiki-z1.a(watchdog.o)
                0x000000000000483c                watchdog_stop
 .text.watchdog_init
                0x0000000000004852       0x14 contiki-z1.a(watchdog.o)
                0x0000000000004852                watchdog_init
 .text.wait_ready
                0x0000000000004866       0x4e contiki-z1.a(xmem.o)
 .text.xmem_init
                0x00000000000048b4       0x1e contiki-z1.a(xmem.o)
                0x00000000000048b4                xmem_init
 .text.xmem_pread
                0x00000000000048d2       0xd0 contiki-z1.a(xmem.o)
                0x00000000000048d2                xmem_pread
 .text.spi_init
                0x00000000000049a2       0x38 contiki-z1.a(spi.o)
                0x00000000000049a2                spi_init
 .text.get_object
                0x00000000000049da        0x4 contiki-z1.a(cc2420.o)
 .text.set_object
                0x00000000000049de        0x4 contiki-z1.a(cc2420.o)
 .text.strobe   0x00000000000049e2       0x20 contiki-z1.a(cc2420.o)
 .text.getreg   0x0000000000004a02       0x50 contiki-z1.a(cc2420.o)
 .text.setreg   0x0000000000004a52       0x52 contiki-z1.a(cc2420.o)
 .text.write_ram
                0x0000000000004aa4       0x7e contiki-z1.a(cc2420.o)
 .text.write_fifo_buf
                0x0000000000004b22       0x40 contiki-z1.a(cc2420.o)
 .text.get_status
                0x0000000000004b62       0x24 contiki-z1.a(cc2420.o)
 .text.set_txpower
                0x0000000000004b86       0x26 contiki-z1.a(cc2420.o)
 .text.cc2420_receiving_packet
                0x0000000000004bac        0xe contiki-z1.a(cc2420.o)
 .text.pending_packet
                0x0000000000004bba        0xe contiki-z1.a(cc2420.o)
 .text.on       0x0000000000004bc8       0x26 contiki-z1.a(cc2420.o)
 .text.wait_for_transmission
                0x0000000000004bee       0x22 contiki-z1.a(cc2420.o)
 .text.wait_for_status
                0x0000000000004c10       0x26 contiki-z1.a(cc2420.o)
 .text.getrxdata
                0x0000000000004c36       0x54 contiki-z1.a(cc2420.o)
 .text.flushrx  0x0000000000004c8a       0x1a contiki-z1.a(cc2420.o)
 .text.off      0x0000000000004ca4       0x5e contiki-z1.a(cc2420.o)
 .text.RELEASE_LOCK
                0x0000000000004d02       0x28 contiki-z1.a(cc2420.o)
 .text.set_key  0x0000000000004d2a       0x18 contiki-z1.a(cc2420.o)
 .text.set_frame_filtering
                0x0000000000004d42       0x30 contiki-z1.a(cc2420.o)
 .text.set_auto_ack
                0x0000000000004d72       0x30 contiki-z1.a(cc2420.o)
 .text.set_poll_mode
                0x0000000000004da2       0x36 contiki-z1.a(cc2420.o)
 .text.cc2420_prepare
                0x0000000000004dd8       0x38 contiki-z1.a(cc2420.o)
 .text.cc2420_on
                0x0000000000004e10       0x22 contiki-z1.a(cc2420.o)
                0x0000000000004e10                cc2420_on
 .text.cc2420_off
                0x0000000000004e32       0x30 contiki-z1.a(cc2420.o)
                0x0000000000004e32                cc2420_off
 .text.cc2420_cca
                0x0000000000004e62       0x5a contiki-z1.a(cc2420.o)
 .text.cc2420_read
                0x0000000000004ebc       0xbc contiki-z1.a(cc2420.o)
 .text.process_thread_cc2420_process
                0x0000000000004f78       0x58 contiki-z1.a(cc2420.o)
 .text.encrypt  0x0000000000004fd0       0x8c contiki-z1.a(cc2420.o)
 .text.cc2420_set_channel
                0x000000000000505c       0x3a contiki-z1.a(cc2420.o)
                0x000000000000505c                cc2420_set_channel
 .text.cc2420_set_pan_addr
                0x0000000000005096       0x4c contiki-z1.a(cc2420.o)
                0x0000000000005096                cc2420_set_pan_addr
 .text.cc2420_interrupt
                0x00000000000050e2       0x18 contiki-z1.a(cc2420.o)
                0x00000000000050e2                cc2420_interrupt
 .text.cc2420_set_txpower
                0x00000000000050fa        0xe contiki-z1.a(cc2420.o)
                0x00000000000050fa                cc2420_set_txpower
 .text.cc2420_get_txpower
                0x0000000000005108       0x1e contiki-z1.a(cc2420.o)
                0x0000000000005108                cc2420_get_txpower
 .text.cc2420_transmit
                0x0000000000005126      0x10c contiki-z1.a(cc2420.o)
 .text.cc2420_send
                0x0000000000005232       0x12 contiki-z1.a(cc2420.o)
 .text.cc2420_rssi
                0x0000000000005244       0x48 contiki-z1.a(cc2420.o)
                0x0000000000005244                cc2420_rssi
 .text.get_value
                0x000000000000528c      0x102 contiki-z1.a(cc2420.o)
 .text.cc2420_set_cca_threshold
                0x000000000000538e       0x16 contiki-z1.a(cc2420.o)
                0x000000000000538e                cc2420_set_cca_threshold
 .text.set_value
                0x00000000000053a4       0xb4 contiki-z1.a(cc2420.o)
 .text.cc2420_init
                0x0000000000005458       0xf0 contiki-z1.a(cc2420.o)
                0x0000000000005458                cc2420_init
 .text.cc2420_arch_init
                0x0000000000005548       0x1a contiki-z1.a(cc2420-arch.o)
                0x0000000000005548                cc2420_arch_init
 .text.node_id_restore
                0x0000000000005562       0x4c contiki-z1.a(node-id.o)
                0x0000000000005562                node_id_restore
 .text.process_thread_sensors_process
                0x00000000000055ae       0xbe contiki-z1.a(sensors.o)
 .text.sensors_changed
                0x000000000000566c       0x2a contiki-z1.a(sensors.o)
                0x000000000000566c                sensors_changed
 .text.uart0_active
                0x0000000000005696        0xe contiki-z1.a(uart0.o)
                0x0000000000005696                uart0_active
 .text.uart0_writeb
                0x00000000000056a4       0x18 contiki-z1.a(uart0.o)
                0x00000000000056a4                uart0_writeb
 .text.uart0_init
                0x00000000000056bc       0x46 contiki-z1.a(uart0.o)
                0x00000000000056bc                uart0_init
 .text.uart0_rx_interrupt
                0x0000000000005702       0x66 contiki-z1.a(uart0.o)
                0x0000000000005702                __isr_23
                0x0000000000005702                uart0_rx_interrupt
 .text.putchar  0x0000000000005768       0x10 contiki-z1.a(uart0-putchar.o)
                0x0000000000005768                putchar
 .text.status   0x0000000000005778       0x12 contiki-z1.a(adxl345.o)
 .text.accm_write_reg
                0x000000000000578a       0x2e contiki-z1.a(adxl345.o)
 .text.accm_write_stream
                0x00000000000057b8       0x2a contiki-z1.a(adxl345.o)
 .text.accm_read_reg
                0x00000000000057e2       0x54 contiki-z1.a(adxl345.o)
 .text.process_thread_accmeter_process
                0x0000000000005836       0x56 contiki-z1.a(adxl345.o)
 .text.accm_read_axis
                0x000000000000588c       0x66 contiki-z1.a(adxl345.o)
                0x000000000000588c                accm_read_axis
 .text.value    0x00000000000058f2       0x20 contiki-z1.a(adxl345.o)
 .text.accm_init
                0x0000000000005912       0x76 contiki-z1.a(adxl345.o)
                0x0000000000005912                accm_init
 .text.accm_stop
                0x0000000000005988       0x32 contiki-z1.a(adxl345.o)
                0x0000000000005988                accm_stop
 .text.configure
                0x00000000000059ba       0x26 contiki-z1.a(adxl345.o)
 .text.port1_isr
                0x00000000000059e0       0xc4 contiki-z1.a(adxl345.o)
                0x00000000000059e0                port1_isr
                0x00000000000059e0                __isr_18
 .text.status   0x0000000000005aa4       0x12 contiki-z1.a(tmp102.o)
 .text.tmp102_init
                0x0000000000005ab6       0x24 contiki-z1.a(tmp102.o)
                0x0000000000005ab6                tmp102_init
 .text.tmp102_stop
                0x0000000000005ada        0xc contiki-z1.a(tmp102.o)
                0x0000000000005ada                tmp102_stop
 .text.configure
                0x0000000000005ae6       0x26 contiki-z1.a(tmp102.o)
 .text.tmp102_read_reg
                0x0000000000005b0c       0x60 contiki-z1.a(tmp102.o)
                0x0000000000005b0c                tmp102_read_reg
 .text.tmp102_read_temp_x100
                0x0000000000005b6c       0x56 contiki-z1.a(tmp102.o)
                0x0000000000005b6c                tmp102_read_temp_x100
 .text.value    0x0000000000005bc2        0x6 contiki-z1.a(tmp102.o)
 .text.timera1  0x0000000000005bc8      0x10a contiki-z1.a(clock.o)
                0x0000000000005bc8                __isr_24
                0x0000000000005bc8                timera1
 .text.clock_time
                0x0000000000005cd2       0x1a contiki-z1.a(clock.o)
                0x0000000000005cd2                clock_time
 .text.clock_init
                0x0000000000005cec       0x28 contiki-z1.a(clock.o)
                0x0000000000005cec                clock_init
 .text.clock_delay
                0x0000000000005d14        0xc contiki-z1.a(clock.o)
                0x0000000000005d14                clock_delay
 .text.clock_wait
                0x0000000000005d20       0x28 contiki-z1.a(clock.o)
                0x0000000000005d20                clock_wait
 .text.clock_seconds
                0x0000000000005d48       0x1a contiki-z1.a(clock.o)
                0x0000000000005d48                clock_seconds
 .text.leds_arch_init
                0x0000000000005d62        0xe contiki-z1.a(leds-arch.o)
                0x0000000000005d62                leds_arch_init
 .text.leds_arch_set
                0x0000000000005d70       0x3a contiki-z1.a(leds-arch.o)
                0x0000000000005d70                leds_arch_set
 .text.rtimer_arch_init
                0x0000000000005daa        0xe contiki-z1.a(rtimer-arch.o)
                0x0000000000005daa                rtimer_arch_init
 .text.rtimer_arch_now
                0x0000000000005db8        0xe contiki-z1.a(rtimer-arch.o)
                0x0000000000005db8                rtimer_arch_now
 .text.timera0  0x0000000000005dc6       0x5c contiki-z1.a(rtimer-arch.o)
                0x0000000000005dc6                __isr_25
                0x0000000000005dc6                timera0
 .text.rtimer_arch_schedule
                0x0000000000005e22        0x6 contiki-z1.a(rtimer-arch.o)
                0x0000000000005e22                rtimer_arch_schedule
 .text.autostart_start
                0x0000000000005e28       0x16 contiki-z1.a(autostart.o)
                0x0000000000005e28                autostart_start
 .text.energest_init
                0x0000000000005e3e       0x28 contiki-z1.a(energest.o)
                0x0000000000005e3e                energest_init
 .text.energest_type_time
                0x0000000000005e66       0x3c contiki-z1.a(energest.o)
                0x0000000000005e66                energest_type_time
 .text.energest_type_set
                0x0000000000005ea2        0xc contiki-z1.a(energest.o)
                0x0000000000005ea2                energest_type_set
 .text.energest_flush
                0x0000000000005eae       0x38 contiki-z1.a(energest.o)
                0x0000000000005eae                energest_flush
 .text.process_thread_ctimer_process
                0x0000000000005ee6       0x9c contiki-z1.a(ctimer.o)
 .text.ctimer_init
                0x0000000000005f82       0x18 contiki-z1.a(ctimer.o)
                0x0000000000005f82                ctimer_init
 .text.ctimer_set_with_process
                0x0000000000005f9a       0x4e contiki-z1.a(ctimer.o)
                0x0000000000005f9a                ctimer_set_with_process
 .text.ctimer_set
                0x0000000000005fe8       0x10 contiki-z1.a(ctimer.o)
                0x0000000000005fe8                ctimer_set
 .text.ctimer_reset
                0x0000000000005ff8       0x2c contiki-z1.a(ctimer.o)
                0x0000000000005ff8                ctimer_reset
 .text.ctimer_restart
                0x0000000000006024       0x2c contiki-z1.a(ctimer.o)
                0x0000000000006024                ctimer_restart
 .text.ctimer_stop
                0x0000000000006050       0x28 contiki-z1.a(ctimer.o)
                0x0000000000006050                ctimer_stop
 .text.update_time
                0x0000000000006078       0x70 contiki-z1.a(etimer.o)
 .text.etimer_request_poll
                0x00000000000060e8        0xa contiki-z1.a(etimer.o)
                0x00000000000060e8                etimer_request_poll
 .text.process_thread_etimer_process
                0x00000000000060f2       0xc0 contiki-z1.a(etimer.o)
 .text.add_timer
                0x00000000000061b2       0x40 contiki-z1.a(etimer.o)
 .text.etimer_set
                0x00000000000061f2       0x12 contiki-z1.a(etimer.o)
                0x00000000000061f2                etimer_set
 .text.etimer_reset
                0x0000000000006204       0x12 contiki-z1.a(etimer.o)
                0x0000000000006204                etimer_reset
 .text.etimer_restart
                0x0000000000006216       0x12 contiki-z1.a(etimer.o)
                0x0000000000006216                etimer_restart
 .text.etimer_expired
                0x0000000000006228        0xe contiki-z1.a(etimer.o)
                0x0000000000006228                etimer_expired
 .text.etimer_expiration_time
                0x0000000000006236       0x14 contiki-z1.a(etimer.o)
                0x0000000000006236                etimer_expiration_time
 .text.etimer_pending
                0x000000000000624a        0xc contiki-z1.a(etimer.o)
                0x000000000000624a                etimer_pending
 .text.etimer_next_expiration_time
                0x0000000000006256       0x16 contiki-z1.a(etimer.o)
                0x0000000000006256                etimer_next_expiration_time
 .text.etimer_stop
                0x000000000000626c       0x3c contiki-z1.a(etimer.o)
                0x000000000000626c                etimer_stop
 .text.call_process
                0x00000000000062a8       0x46 contiki-z1.a(process.o)
 .text.exit_process
                0x00000000000062ee       0x8a contiki-z1.a(process.o)
 .text.do_poll  0x0000000000006378       0x30 contiki-z1.a(process.o)
 .text.process_alloc_event
                0x00000000000063a8        0xe contiki-z1.a(process.o)
                0x00000000000063a8                process_alloc_event
 .text.process_init
                0x00000000000063b6       0x1c contiki-z1.a(process.o)
                0x00000000000063b6                process_init
 .text.process_run
                0x00000000000063d2       0x8c contiki-z1.a(process.o)
                0x00000000000063d2                process_run
 .text.process_nevents
                0x000000000000645e        0xe contiki-z1.a(process.o)
                0x000000000000645e                process_nevents
 .text.process_post
                0x000000000000646c       0x4a contiki-z1.a(process.o)
                0x000000000000646c                process_post
 .text.process_post_synch
                0x00000000000064b6       0x12 contiki-z1.a(process.o)
                0x00000000000064b6                process_post_synch
 .text.process_start
                0x00000000000064c8       0x32 contiki-z1.a(process.o)
                0x00000000000064c8                process_start
 .text.process_poll
                0x00000000000064fa       0x18 contiki-z1.a(process.o)
                0x00000000000064fa                process_poll
 .text.rtimer_init
                0x0000000000006512        0x6 contiki-z1.a(rtimer.o)
                0x0000000000006512                rtimer_init
 .text.rtimer_run_next
                0x0000000000006518       0x26 contiki-z1.a(rtimer.o)
                0x0000000000006518                rtimer_run_next
 .text.timer_set
                0x000000000000653e       0x1c contiki-z1.a(timer.o)
                0x000000000000653e                timer_set
 .text.timer_reset
                0x000000000000655a        0xe contiki-z1.a(timer.o)
                0x000000000000655a                timer_reset
 .text.timer_restart
                0x0000000000006568       0x14 contiki-z1.a(timer.o)
                0x0000000000006568                timer_restart
 .text.timer_expired
                0x000000000000657c       0x2a contiki-z1.a(timer.o)
                0x000000000000657c                timer_expired
 .text.list_init
                0x00000000000065a6        0x6 contiki-z1.a(list.o)
                0x00000000000065a6                list_init
 .text.list_head
                0x00000000000065ac        0x4 contiki-z1.a(list.o)
                0x00000000000065ac                list_head
 .text.list_tail
                0x00000000000065b0       0x12 contiki-z1.a(list.o)
                0x00000000000065b0                list_tail
 .text.list_remove
                0x00000000000065c2       0x34 contiki-z1.a(list.o)
                0x00000000000065c2                list_remove
 .text.list_push
                0x00000000000065f6       0x16 contiki-z1.a(list.o)
                0x00000000000065f6                list_push
 .text.list_add
                0x000000000000660c       0x26 contiki-z1.a(list.o)
                0x000000000000660c                list_add
 .text.list_length
                0x0000000000006632       0x10 contiki-z1.a(list.o)
                0x0000000000006632                list_length
 .text.list_item_next
                0x0000000000006642        0xc contiki-z1.a(list.o)
                0x0000000000006642                list_item_next
 .text.random_init
                0x000000000000664e        0x6 contiki-z1.a(random.o)
                0x000000000000664e                random_init
 .text.random_rand
                0x0000000000006654        0x6 contiki-z1.a(random.o)
                0x0000000000006654                random_rand
 .text.uip_ds6_list_loop
                0x000000000000665a       0x66 contiki-z1.a(uip-ds6.o)
                0x000000000000665a                uip_ds6_list_loop
 .text.uip_ds6_prefix_add
                0x00000000000066c0       0x70 contiki-z1.a(uip-ds6.o)
                0x00000000000066c0                uip_ds6_prefix_add
 .text.uip_ds6_is_addr_onlink
                0x0000000000006730       0x42 contiki-z1.a(uip-ds6.o)
                0x0000000000006730                uip_ds6_is_addr_onlink
 .text.uip_ds6_addr_lookup
                0x0000000000006772       0x2a contiki-z1.a(uip-ds6.o)
                0x0000000000006772                uip_ds6_addr_lookup
 .text.uip_ds6_get_link_local
                0x000000000000679c       0x3e contiki-z1.a(uip-ds6.o)
                0x000000000000679c                uip_ds6_get_link_local
 .text.uip_ds6_maddr_add
                0x00000000000067da       0x48 contiki-z1.a(uip-ds6.o)
                0x00000000000067da                uip_ds6_maddr_add
 .text.uip_ds6_addr_add
                0x0000000000006822       0xb4 contiki-z1.a(uip-ds6.o)
                0x0000000000006822                uip_ds6_addr_add
 .text.uip_ds6_maddr_lookup
                0x00000000000068d6       0x2a contiki-z1.a(uip-ds6.o)
                0x00000000000068d6                uip_ds6_maddr_lookup
 .text.uip_ds6_addr_rm
                0x0000000000006900       0x54 contiki-z1.a(uip-ds6.o)
                0x0000000000006900                uip_ds6_addr_rm
 .text.uip_ds6_periodic
                0x0000000000006954       0x46 contiki-z1.a(uip-ds6.o)
                0x0000000000006954                uip_ds6_periodic
 .text.uip_ds6_set_addr_iid
                0x000000000000699a       0x14 contiki-z1.a(uip-ds6.o)
                0x000000000000699a                uip_ds6_set_addr_iid
 .text.get_match_length
                0x00000000000069ae       0x3a contiki-z1.a(uip-ds6.o)
                0x00000000000069ae                get_match_length
 .text.uip_ds6_select_src
                0x00000000000069e8       0x9a contiki-z1.a(uip-ds6.o)
                0x00000000000069e8                uip_ds6_select_src
 .text.uip_ds6_compute_reachable_time
                0x0000000000006a82       0x36 contiki-z1.a(uip-ds6.o)
                0x0000000000006a82                uip_ds6_compute_reachable_time
 .text.uip_ds6_init
                0x0000000000006ab8      0x138 contiki-z1.a(uip-ds6.o)
                0x0000000000006ab8                uip_ds6_init
 .text.call_route_callback
                0x0000000000006bf0       0x40 contiki-z1.a(uip-ds6-route.o)
 .text.uip_ds6_route_init
                0x0000000000006c30       0x36 contiki-z1.a(uip-ds6-route.o)
                0x0000000000006c30                uip_ds6_route_init
 .text.uip_ds6_route_nexthop
                0x0000000000006c66       0x1a contiki-z1.a(uip-ds6-route.o)
                0x0000000000006c66                uip_ds6_route_nexthop
 .text.uip_ds6_route_head
                0x0000000000006c80        0xa contiki-z1.a(uip-ds6-route.o)
                0x0000000000006c80                uip_ds6_route_head
 .text.uip_ds6_route_next
                0x0000000000006c8a        0xe contiki-z1.a(uip-ds6-route.o)
                0x0000000000006c8a                uip_ds6_route_next
 .text.uip_ds6_route_is_nexthop
                0x0000000000006c98       0x1e contiki-z1.a(uip-ds6-route.o)
                0x0000000000006c98                uip_ds6_route_is_nexthop
 .text.uip_ds6_route_lookup
                0x0000000000006cb6       0x6e contiki-z1.a(uip-ds6-route.o)
                0x0000000000006cb6                uip_ds6_route_lookup
 .text.uip_ds6_route_rm
                0x0000000000006d24       0xa0 contiki-z1.a(uip-ds6-route.o)
                0x0000000000006d24                uip_ds6_route_rm
 .text.rm_routelist
                0x0000000000006dc4       0x34 contiki-z1.a(uip-ds6-route.o)
 .text.rm_routelist_callback
                0x0000000000006df8        0x6 contiki-z1.a(uip-ds6-route.o)
 .text.uip_ds6_route_add
                0x0000000000006dfe       0xfc contiki-z1.a(uip-ds6-route.o)
                0x0000000000006dfe                uip_ds6_route_add
 .text.uip_ds6_defrt_rm
                0x0000000000006efa       0x44 contiki-z1.a(uip-ds6-route.o)
                0x0000000000006efa                uip_ds6_defrt_rm
 .text.uip_ds6_defrt_lookup
                0x0000000000006f3e       0x32 contiki-z1.a(uip-ds6-route.o)
                0x0000000000006f3e                uip_ds6_defrt_lookup
 .text.uip_ds6_defrt_add
                0x0000000000006f70       0x68 contiki-z1.a(uip-ds6-route.o)
                0x0000000000006f70                uip_ds6_defrt_add
 .text.uip_ds6_defrt_choose
                0x0000000000006fd8       0x36 contiki-z1.a(uip-ds6-route.o)
                0x0000000000006fd8                uip_ds6_defrt_choose
 .text.uip_ds6_defrt_periodic
                0x000000000000700e       0x38 contiki-z1.a(uip-ds6-route.o)
                0x000000000000700e                uip_ds6_defrt_periodic
 .text.chksum   0x0000000000007046       0x32 contiki-z1.a(uip6.o)
 .text.upper_layer_chksum
                0x0000000000007078       0x56 contiki-z1.a(uip6.o)
 .text.ext_hdr_options_process
                0x00000000000070ce       0xcc contiki-z1.a(uip6.o)
 .text.uip_icmp6chksum
                0x000000000000719a        0xa contiki-z1.a(uip6.o)
                0x000000000000719a                uip_icmp6chksum
 .text.uip_udpchksum
                0x00000000000071a4        0xa contiki-z1.a(uip6.o)
                0x00000000000071a4                uip_udpchksum
 .text.uip_init
                0x00000000000071ae       0x26 contiki-z1.a(uip6.o)
                0x00000000000071ae                uip_init
 .text.remove_ext_hdr
                0x00000000000071d4       0x52 contiki-z1.a(uip6.o)
                0x00000000000071d4                remove_ext_hdr
 .text.uip_udp_new
                0x0000000000007226       0xa0 contiki-z1.a(uip6.o)
                0x0000000000007226                uip_udp_new
 .text.uip_process
                0x00000000000072c6      0x498 contiki-z1.a(uip6.o)
                0x00000000000072c6                uip_process
 .text.uip_htons
                0x000000000000775e        0xc contiki-z1.a(uip6.o)
                0x000000000000775e                uip_htons
 .text.uip_htonl
                0x000000000000776a       0x2a contiki-z1.a(uip6.o)
                0x000000000000776a                uip_htonl
 .text.uip_ds6_nbr_rm
                0x0000000000007794       0x1e contiki-z1.a(uip-ds6-nbr.o)
                0x0000000000007794                uip_ds6_nbr_rm
 .text.uip_ds6_neighbors_init
                0x00000000000077b2       0x12 contiki-z1.a(uip-ds6-nbr.o)
                0x00000000000077b2                uip_ds6_neighbors_init
 .text.uip_ds6_nbr_add
                0x00000000000077c4       0x36 contiki-z1.a(uip-ds6-nbr.o)
                0x00000000000077c4                uip_ds6_nbr_add
 .text.uip_ds6_nbr_get_ll
                0x00000000000077fa        0xc contiki-z1.a(uip-ds6-nbr.o)
                0x00000000000077fa                uip_ds6_nbr_get_ll
 .text.uip_ds6_nbr_lookup
                0x0000000000007806       0x3e contiki-z1.a(uip-ds6-nbr.o)
                0x0000000000007806                uip_ds6_nbr_lookup
 .text.uip_ds6_nbr_ll_lookup
                0x0000000000007844        0xc contiki-z1.a(uip-ds6-nbr.o)
                0x0000000000007844                uip_ds6_nbr_ll_lookup
 .text.uip_ds6_nbr_ipaddr_from_lladdr
                0x0000000000007850        0x6 contiki-z1.a(uip-ds6-nbr.o)
                0x0000000000007850                uip_ds6_nbr_ipaddr_from_lladdr
 .text.uip_ds6_nbr_lladdr_from_ipaddr
                0x0000000000007856       0x12 contiki-z1.a(uip-ds6-nbr.o)
                0x0000000000007856                uip_ds6_nbr_lladdr_from_ipaddr
 .text.uip_ds6_link_neighbor_callback
                0x0000000000007868       0x32 contiki-z1.a(uip-ds6-nbr.o)
                0x0000000000007868                uip_ds6_link_neighbor_callback
 .text.uip_nd6_init
                0x000000000000789a        0x2 contiki-z1.a(uip-nd6.o)
                0x000000000000789a                uip_nd6_init
 .text.clear_fragments
                0x000000000000789c       0x3a contiki-z1.a(sicslowpan.o)
 .text.set_packet_attrs
                0x00000000000078d6       0x44 contiki-z1.a(sicslowpan.o)
 .text.addr_context_lookup_by_number
                0x000000000000791a       0x34 contiki-z1.a(sicslowpan.o)
 .text.compress_addr_64
                0x000000000000794e       0xaa contiki-z1.a(sicslowpan.o)
 .text.store_fragment
                0x00000000000079f8       0x6e contiki-z1.a(sicslowpan.o)
 .text.add_fragment
                0x0000000000007a66      0x162 contiki-z1.a(sicslowpan.o)
 .text.uncompress_addr
                0x0000000000007bc8       0x96 contiki-z1.a(sicslowpan.o)
 .text.input    0x0000000000007c5e      0x61a contiki-z1.a(sicslowpan.o)
 .text.sicslowpan_init
                0x0000000000008278       0x24 contiki-z1.a(sicslowpan.o)
                0x0000000000008278                sicslowpan_init
 .text.addr_context_lookup_by_prefix
                0x000000000000829c       0x4a contiki-z1.a(sicslowpan.o)
 .text.send_packet
                0x00000000000082e6       0x1a contiki-z1.a(sicslowpan.o)
 .text.output   0x0000000000008300      0x68e contiki-z1.a(sicslowpan.o)
 .text.packet_sent
                0x000000000000898e       0x22 contiki-z1.a(sicslowpan.o)
 .text.uip_debug_ipaddr_print
                0x00000000000089b0       0xba contiki-z1.a(uip-debug.o)
                0x00000000000089b0                uip_debug_ipaddr_print
 .text.tcpip_output
                0x0000000000008a6a       0x10 contiki-z1.a(tcpip.o)
                0x0000000000008a6a                tcpip_output
 .text.tcpip_set_outputfunc
                0x0000000000008a7a        0x6 contiki-z1.a(tcpip.o)
                0x0000000000008a7a                tcpip_set_outputfunc
 .text.udp_new  0x0000000000008a80       0x1a contiki-z1.a(tcpip.o)
                0x0000000000008a80                udp_new
 .text.tcpip_input
                0x0000000000008a9a       0x16 contiki-z1.a(tcpip.o)
                0x0000000000008a9a                tcpip_input
 .text.tcpip_ipv6_output
                0x0000000000008ab0       0xc0 contiki-z1.a(tcpip.o)
                0x0000000000008ab0                tcpip_ipv6_output
 .text.process_thread_tcpip_process
                0x0000000000008b70       0xcc contiki-z1.a(tcpip.o)
 .text.tcpip_uipcall
                0x0000000000008c3c       0x2a contiki-z1.a(tcpip.o)
                0x0000000000008c3c                tcpip_uipcall
 .text.process_thread_simple_udp_process
                0x0000000000008c66       0x9c contiki-z1.a(simple-udp.o)
 .text.simple_udp_send
                0x0000000000008d02       0x2a contiki-z1.a(simple-udp.o)
                0x0000000000008d02                simple_udp_send
 .text.simple_udp_register
                0x0000000000008d2c       0x8a contiki-z1.a(simple-udp.o)
                0x0000000000008d2c                simple_udp_register
 .text.update_hbh_header
                0x0000000000008db6       0xcc contiki-z1.a(rpl-ext-header.)
 .text.insert_hbh_header
                0x0000000000008e82       0x94 contiki-z1.a(rpl-ext-header.)
 .text.rpl_verify_hbh_header
                0x0000000000008f16       0xf8 contiki-z1.a(rpl-ext-header.)
                0x0000000000008f16                rpl_verify_hbh_header
 .text.rpl_remove_header
                0x000000000000900e       0x76 contiki-z1.a(rpl-ext-header.)
                0x000000000000900e                rpl_remove_header
 .text.rpl_update_header
                0x0000000000009084       0x58 contiki-z1.a(rpl-ext-header.)
                0x0000000000009084                rpl_update_header
 .text.rpl_get_mode
                0x00000000000090dc        0x6 contiki-z1.a(rpl.o)
                0x00000000000090dc                rpl_get_mode
 .text.rpl_purge_routes
                0x00000000000090e2       0x96 contiki-z1.a(rpl.o)
                0x00000000000090e2                rpl_purge_routes
 .text.rpl_remove_routes
                0x0000000000009178       0x22 contiki-z1.a(rpl.o)
                0x0000000000009178                rpl_remove_routes
 .text.rpl_remove_routes_by_nexthop
                0x000000000000919a       0x3e contiki-z1.a(rpl.o)
                0x000000000000919a                rpl_remove_routes_by_nexthop
 .text.rpl_add_route
                0x00000000000091d8       0x42 contiki-z1.a(rpl.o)
                0x00000000000091d8                rpl_add_route
 .text.rpl_link_neighbor_callback
                0x000000000000921a       0x4c contiki-z1.a(rpl.o)
                0x000000000000921a                rpl_link_neighbor_callback
 .text.rpl_ipv6_neighbor_callback
                0x0000000000009266       0x1e contiki-z1.a(rpl.o)
                0x0000000000009266                rpl_ipv6_neighbor_callback
 .text.rpl_purge_dags
                0x0000000000009284       0x5e contiki-z1.a(rpl.o)
                0x0000000000009284                rpl_purge_dags
 .text.rpl_init
                0x00000000000092e2       0x44 contiki-z1.a(rpl.o)
                0x00000000000092e2                rpl_init
 .text.prepare_for_dao_fwd
                0x0000000000009326       0x28 contiki-z1.a(rpl-icmp6.o)
 .text.get32    0x000000000000934e       0x3e contiki-z1.a(rpl-icmp6.o)
 .text.set32    0x000000000000938c       0x2a contiki-z1.a(rpl-icmp6.o)
 .text.get16    0x00000000000093b6        0xe contiki-z1.a(rpl-icmp6.o)
 .text.set16    0x00000000000093c4       0x10 contiki-z1.a(rpl-icmp6.o)
 .text.dao_ack_input
                0x00000000000093d4        0xa contiki-z1.a(rpl-icmp6.o)
 .text.dio_input
                0x00000000000093de      0x282 contiki-z1.a(rpl-icmp6.o)
 .text.rpl_icmp6_update_nbr_table
                0x0000000000009660       0x28 contiki-z1.a(rpl-icmp6.o)
                0x0000000000009660                rpl_icmp6_update_nbr_table
 .text.dao_input
                0x0000000000009688      0x262 contiki-z1.a(rpl-icmp6.o)
 .text.dis_output
                0x00000000000098ea       0x50 contiki-z1.a(rpl-icmp6.o)
                0x00000000000098ea                dis_output
 .text.dio_output
                0x000000000000993a      0x24c contiki-z1.a(rpl-icmp6.o)
                0x000000000000993a                dio_output
 .text.dis_input
                0x0000000000009b86       0x3e contiki-z1.a(rpl-icmp6.o)
 .text.dao_output_target
                0x0000000000009bc4       0xf8 contiki-z1.a(rpl-icmp6.o)
                0x0000000000009bc4                dao_output_target
 .text.dao_output
                0x0000000000009cbc       0xa0 contiki-z1.a(rpl-icmp6.o)
                0x0000000000009cbc                dao_output
 .text.rpl_icmp6_register_handlers
                0x0000000000009d5c       0x22 contiki-z1.a(rpl-icmp6.o)
                0x0000000000009d5c                rpl_icmp6_register_handlers
 .text.lollipop_greater_than
                0x0000000000009d7e       0x44 contiki-z1.a(rpl-dag.o)
 .text.acceptable_rank
                0x0000000000009dc2       0x44 contiki-z1.a(rpl-dag.o)
 .text.find_parent_any_dag_any_instance
                0x0000000000009e06       0x14 contiki-z1.a(rpl-dag.o)
 .text.rpl_set_preferred_parent
                0x0000000000009e1a       0x2c contiki-z1.a(rpl-dag.o)
 .text.set_ip_from_prefix
                0x0000000000009e46       0x30 contiki-z1.a(rpl-dag.o)
 .text.check_prefix
                0x0000000000009e76       0x70 contiki-z1.a(rpl-dag.o)
 .text.rpl_dag_init
                0x0000000000009ee6        0xe contiki-z1.a(rpl-dag.o)
                0x0000000000009ee6                rpl_dag_init
 .text.rpl_get_parent
                0x0000000000009ef4        0xc contiki-z1.a(rpl-dag.o)
                0x0000000000009ef4                rpl_get_parent
 .text.rpl_rank_via_parent
                0x0000000000009f00       0x2e contiki-z1.a(rpl-dag.o)
                0x0000000000009f00                rpl_rank_via_parent
 .text.rpl_get_parent_lladdr
                0x0000000000009f2e        0xc contiki-z1.a(rpl-dag.o)
                0x0000000000009f2e                rpl_get_parent_lladdr
 .text.rpl_get_parent_ipaddr
                0x0000000000009f3a        0xa contiki-z1.a(rpl-dag.o)
                0x0000000000009f3a                rpl_get_parent_ipaddr
 .text.rpl_get_parent_link_stats
                0x0000000000009f44        0xa contiki-z1.a(rpl-dag.o)
                0x0000000000009f44                rpl_get_parent_link_stats
 .text.rpl_parent_is_fresh
                0x0000000000009f4e        0xa contiki-z1.a(rpl-dag.o)
                0x0000000000009f4e                rpl_parent_is_fresh
 .text.best_parent
                0x0000000000009f58       0x64 contiki-z1.a(rpl-dag.o)
 .text.rpl_parent_is_reachable
                0x0000000000009fbc       0x46 contiki-z1.a(rpl-dag.o)
                0x0000000000009fbc                rpl_parent_is_reachable
 .text.rpl_set_prefix
                0x000000000000a002       0x74 contiki-z1.a(rpl-dag.o)
                0x000000000000a002                rpl_set_prefix
 .text.rpl_set_default_route
                0x000000000000a076       0x46 contiki-z1.a(rpl-dag.o)
                0x000000000000a076                rpl_set_default_route
 .text.rpl_alloc_instance
                0x000000000000a0bc       0x34 contiki-z1.a(rpl-dag.o)
                0x000000000000a0bc                rpl_alloc_instance
 .text.rpl_add_parent
                0x000000000000a0f0       0x3a contiki-z1.a(rpl-dag.o)
                0x000000000000a0f0                rpl_add_parent
 .text.rpl_find_parent
                0x000000000000a12a       0x18 contiki-z1.a(rpl-dag.o)
                0x000000000000a12a                rpl_find_parent
 .text.rpl_find_parent_any_dag
                0x000000000000a142       0x20 contiki-z1.a(rpl-dag.o)
                0x000000000000a142                rpl_find_parent_any_dag
 .text.rpl_select_parent
                0x000000000000a162       0x62 contiki-z1.a(rpl-dag.o)
                0x000000000000a162                rpl_select_parent
 .text.rpl_select_dag
                0x000000000000a1c4      0x16e contiki-z1.a(rpl-dag.o)
                0x000000000000a1c4                rpl_select_dag
 .text.rpl_nullify_parent
                0x000000000000a332       0x5c contiki-z1.a(rpl-dag.o)
                0x000000000000a332                rpl_nullify_parent
 .text.rpl_remove_parent
                0x000000000000a38e       0x16 contiki-z1.a(rpl-dag.o)
                0x000000000000a38e                rpl_remove_parent
 .text.nbr_callback
                0x000000000000a3a4        0x6 contiki-z1.a(rpl-dag.o)
 .text.remove_parents.constprop.3
                0x000000000000a3aa       0x2c contiki-z1.a(rpl-dag.o)
 .text.rpl_free_dag
                0x000000000000a3d6       0x44 contiki-z1.a(rpl-dag.o)
                0x000000000000a3d6                rpl_free_dag
 .text.rpl_move_parent
                0x000000000000a41a       0x60 contiki-z1.a(rpl-dag.o)
                0x000000000000a41a                rpl_move_parent
 .text.rpl_get_any_dag
                0x000000000000a47a       0x18 contiki-z1.a(rpl-dag.o)
                0x000000000000a47a                rpl_get_any_dag
 .text.rpl_get_instance
                0x000000000000a492       0x1a contiki-z1.a(rpl-dag.o)
                0x000000000000a492                rpl_get_instance
 .text.rpl_alloc_dag
                0x000000000000a4ac       0x5c contiki-z1.a(rpl-dag.o)
                0x000000000000a4ac                rpl_alloc_dag
 .text.rpl_repair_root
                0x000000000000a508       0x50 contiki-z1.a(rpl-dag.o)
                0x000000000000a508                rpl_repair_root
 .text.rpl_find_of
                0x000000000000a558       0x10 contiki-z1.a(rpl-dag.o)
                0x000000000000a558                rpl_find_of
 .text.rpl_join_instance
                0x000000000000a568      0x144 contiki-z1.a(rpl-dag.o)
                0x000000000000a568                rpl_join_instance
 .text.rpl_local_repair
                0x000000000000a6ac       0x78 contiki-z1.a(rpl-dag.o)
                0x000000000000a6ac                rpl_local_repair
 .text.rpl_process_parent_event
                0x000000000000a724       0x82 contiki-z1.a(rpl-dag.o)
                0x000000000000a724                rpl_process_parent_event
 .text.rpl_recalculate_ranks
                0x000000000000a7a6       0x46 contiki-z1.a(rpl-dag.o)
                0x000000000000a7a6                rpl_recalculate_ranks
 .text.rpl_add_dag
                0x000000000000a7ec      0x104 contiki-z1.a(rpl-dag.o)
                0x000000000000a7ec                rpl_add_dag
 .text.rpl_process_dio
                0x000000000000a8f0      0x318 contiki-z1.a(rpl-dag.o)
                0x000000000000a8f0                rpl_process_dio
 .text.queuebuf_init
                0x000000000000ac08       0x12 contiki-z1.a(queuebuf.o)
                0x000000000000ac08                queuebuf_init
 .text.queuebuf_numfree
                0x000000000000ac1a        0xa contiki-z1.a(queuebuf.o)
                0x000000000000ac1a                queuebuf_numfree
 .text.queuebuf_new_from_packetbuf
                0x000000000000ac24       0x4e contiki-z1.a(queuebuf.o)
                0x000000000000ac24                queuebuf_new_from_packetbuf
 .text.queuebuf_free
                0x000000000000ac72       0x2a contiki-z1.a(queuebuf.o)
                0x000000000000ac72                queuebuf_free
 .text.queuebuf_to_packetbuf
                0x000000000000ac9c       0x32 contiki-z1.a(queuebuf.o)
                0x000000000000ac9c                queuebuf_to_packetbuf
 .text.index_from_key
                0x000000000000acce       0x44 contiki-z1.a(nbr-table.o)
 .text.item_from_key
                0x000000000000ad12       0x34 contiki-z1.a(nbr-table.o)
 .text.nbr_set_bit
                0x000000000000ad46       0x76 contiki-z1.a(nbr-table.o)
 .text.index_from_lladdr
                0x000000000000adbc       0x3e contiki-z1.a(nbr-table.o)
 .text.nbr_get_bit.constprop.0
                0x000000000000adfa       0x5a contiki-z1.a(nbr-table.o)
 .text.remove_key
                0x000000000000ae54       0x50 contiki-z1.a(nbr-table.o)
 .text.nbr_table_register
                0x000000000000aea4       0x26 contiki-z1.a(nbr-table.o)
                0x000000000000aea4                nbr_table_register
 .text.nbr_table_next
                0x000000000000aeca       0x78 contiki-z1.a(nbr-table.o)
                0x000000000000aeca                nbr_table_next
 .text.nbr_table_head
                0x000000000000af42       0x32 contiki-z1.a(nbr-table.o)
                0x000000000000af42                nbr_table_head
 .text.nbr_table_add_lladdr
                0x000000000000af74      0x120 contiki-z1.a(nbr-table.o)
                0x000000000000af74                nbr_table_add_lladdr
 .text.nbr_table_get_from_lladdr
                0x000000000000b094       0x44 contiki-z1.a(nbr-table.o)
                0x000000000000b094                nbr_table_get_from_lladdr
 .text.nbr_table_remove
                0x000000000000b0d8       0x2a contiki-z1.a(nbr-table.o)
                0x000000000000b0d8                nbr_table_remove
 .text.nbr_table_lock
                0x000000000000b102       0x10 contiki-z1.a(nbr-table.o)
                0x000000000000b102                nbr_table_lock
 .text.nbr_table_unlock
                0x000000000000b112       0x10 contiki-z1.a(nbr-table.o)
                0x000000000000b112                nbr_table_unlock
 .text.nbr_table_get_lladdr
                0x000000000000b122       0x54 contiki-z1.a(nbr-table.o)
                0x000000000000b122                nbr_table_get_lladdr
 .text.packetbuf_hdrreduce
                0x000000000000b176       0x1a contiki-z1.a(packetbuf.o)
                0x000000000000b176                packetbuf_hdrreduce
 .text.packetbuf_set_datalen
                0x000000000000b190        0x6 contiki-z1.a(packetbuf.o)
                0x000000000000b190                packetbuf_set_datalen
 .text.packetbuf_hdrptr
                0x000000000000b196        0x6 contiki-z1.a(packetbuf.o)
                0x000000000000b196                packetbuf_hdrptr
 .text.packetbuf_datalen
                0x000000000000b19c        0x6 contiki-z1.a(packetbuf.o)
                0x000000000000b19c                packetbuf_datalen
 .text.packetbuf_hdrlen
                0x000000000000b1a2        0xa contiki-z1.a(packetbuf.o)
                0x000000000000b1a2                packetbuf_hdrlen
 .text.packetbuf_dataptr
                0x000000000000b1ac        0xc contiki-z1.a(packetbuf.o)
                0x000000000000b1ac                packetbuf_dataptr
 .text.packetbuf_copyto
                0x000000000000b1b8       0x3a contiki-z1.a(packetbuf.o)
                0x000000000000b1b8                packetbuf_copyto
 .text.packetbuf_totlen
                0x000000000000b1f2        0xc contiki-z1.a(packetbuf.o)
                0x000000000000b1f2                packetbuf_totlen
 .text.packetbuf_hdralloc
                0x000000000000b1fe       0x3a contiki-z1.a(packetbuf.o)
                0x000000000000b1fe                packetbuf_hdralloc
 .text.packetbuf_attr_clear
                0x000000000000b238       0x28 contiki-z1.a(packetbuf.o)
                0x000000000000b238                packetbuf_attr_clear
 .text.packetbuf_clear
                0x000000000000b260       0x12 contiki-z1.a(packetbuf.o)
                0x000000000000b260                packetbuf_clear
 .text.packetbuf_copyfrom
                0x000000000000b272       0x2a contiki-z1.a(packetbuf.o)
                0x000000000000b272                packetbuf_copyfrom
 .text.packetbuf_attr_copyto
                0x000000000000b29c       0x22 contiki-z1.a(packetbuf.o)
                0x000000000000b29c                packetbuf_attr_copyto
 .text.packetbuf_attr_copyfrom
                0x000000000000b2be       0x24 contiki-z1.a(packetbuf.o)
                0x000000000000b2be                packetbuf_attr_copyfrom
 .text.packetbuf_holds_broadcast
                0x000000000000b2e2        0xe contiki-z1.a(packetbuf.o)
                0x000000000000b2e2                packetbuf_holds_broadcast
 .text.linkaddr_copy
                0x000000000000b2f0        0x8 contiki-z1.a(linkaddr.o)
                0x000000000000b2f0                linkaddr_copy
 .text.linkaddr_cmp
                0x000000000000b2f8       0x12 contiki-z1.a(linkaddr.o)
                0x000000000000b2f8                linkaddr_cmp
 .text.linkaddr_set_node_addr
                0x000000000000b30a        0xc contiki-z1.a(linkaddr.o)
                0x000000000000b30a                linkaddr_set_node_addr
 .text.periodic
                0x000000000000b316       0x2c contiki-z1.a(link-stats.o)
 .text.link_stats_from_lladdr
                0x000000000000b342        0xc contiki-z1.a(link-stats.o)
                0x000000000000b342                link_stats_from_lladdr
 .text.link_stats_is_fresh
                0x000000000000b34e       0x30 contiki-z1.a(link-stats.o)
                0x000000000000b34e                link_stats_is_fresh
 .text.link_stats_packet_sent
                0x000000000000b37e       0xc0 contiki-z1.a(link-stats.o)
                0x000000000000b37e                link_stats_packet_sent
 .text.link_stats_input_callback
                0x000000000000b43e       0xac contiki-z1.a(link-stats.o)
                0x000000000000b43e                link_stats_input_callback
 .text.link_stats_init
                0x000000000000b4ea       0x22 contiki-z1.a(link-stats.o)
                0x000000000000b4ea                link_stats_init
 .text.send_packet
                0x000000000000b50c        0x6 contiki-z1.a(nullmac.o)
 .text.packet_input
                0x000000000000b512        0x6 contiki-z1.a(nullmac.o)
 .text.on       0x000000000000b518        0x6 contiki-z1.a(nullmac.o)
 .text.off      0x000000000000b51e        0x6 contiki-z1.a(nullmac.o)
 .text.channel_check_interval
                0x000000000000b524        0x4 contiki-z1.a(nullmac.o)
 .text.init     0x000000000000b528        0x2 contiki-z1.a(nullmac.o)
 .text.parse    0x000000000000b52a       0xa2 contiki-z1.a(framer-802154.o)
 .text.create_frame.isra.0
                0x000000000000b5cc      0x114 contiki-z1.a(framer-802154.o)
 .text.create   0x000000000000b6e0        0x8 contiki-z1.a(framer-802154.o)
 .text.hdr_length
                0x000000000000b6e8        0x8 contiki-z1.a(framer-802154.o)
 .text.on       0x000000000000b6f0        0x6 contiki-z1.a(nullrdc.o)
 .text.channel_check_interval
                0x000000000000b6f6        0x4 contiki-z1.a(nullrdc.o)
 .text.init     0x000000000000b6fa        0x6 contiki-z1.a(nullrdc.o)
 .text.send_one_packet
                0x000000000000b700       0x62 contiki-z1.a(nullrdc.o)
 .text.send_list
                0x000000000000b762       0x28 contiki-z1.a(nullrdc.o)
 .text.send_packet
                0x000000000000b78a        0x6 contiki-z1.a(nullrdc.o)
 .text.off      0x000000000000b790       0x10 contiki-z1.a(nullrdc.o)
 .text.packet_input
                0x000000000000b7a0       0x26 contiki-z1.a(nullrdc.o)
 .text.init     0x000000000000b7c6        0x2 contiki-z1.a(nullsec.o)
 .text.send     0x000000000000b7c8        0xa contiki-z1.a(nullsec.o)
 .text.input    0x000000000000b7d2        0x6 contiki-z1.a(nullsec.o)
 .text.i2c_receiveinit
                0x000000000000b7d8       0x38 contiki-z1.a(i2cmaster.o)
                0x000000000000b7d8                i2c_receiveinit
 .text.i2c_transmitinit
                0x000000000000b810       0x32 contiki-z1.a(i2cmaster.o)
                0x000000000000b810                i2c_transmitinit
 .text.i2c_receive_n
                0x000000000000b842       0x44 contiki-z1.a(i2cmaster.o)
                0x000000000000b842                i2c_receive_n
 .text.i2c_busy
                0x000000000000b886        0xa contiki-z1.a(i2cmaster.o)
                0x000000000000b886                i2c_busy
 .text.i2c_enable
                0x000000000000b890       0x24 contiki-z1.a(i2cmaster.o)
                0x000000000000b890                i2c_enable
 .text.i2c_transmit_n
                0x000000000000b8b4       0x14 contiki-z1.a(i2cmaster.o)
                0x000000000000b8b4                i2c_transmit_n
 .text.i2c_tx_interrupt
                0x000000000000b8c8       0x8a contiki-z1.a(i2cmaster.o)
                0x000000000000b8c8                __isr_16
                0x000000000000b8c8                i2c_tx_interrupt
 .text.i2c_rx_interrupt
                0x000000000000b952       0x18 contiki-z1.a(i2cmaster.o)
                0x000000000000b952                i2c_rx_interrupt
                0x000000000000b952                __isr_17
 .text.status   0x000000000000b96a       0x16 contiki-z1.a(button-sensor.o)
 .text.configure
                0x000000000000b980       0x52 contiki-z1.a(button-sensor.o)
 .text.value    0x000000000000b9d2       0x22 contiki-z1.a(button-sensor.o)
 .text.irq_p2   0x000000000000b9f4       0x76 contiki-z1.a(button-sensor.o)
                0x000000000000b9f4                irq_p2
                0x000000000000b9f4                __isr_19
 .text.stimer_set
                0x000000000000ba6a       0x1c contiki-z1.a(stimer.o)
                0x000000000000ba6a                stimer_set
 .text.stimer_expired
                0x000000000000ba86       0x30 contiki-z1.a(stimer.o)
                0x000000000000ba86                stimer_expired
 .text.memb_init
                0x000000000000bab6       0x36 contiki-z1.a(memb.o)
                0x000000000000bab6                memb_init
 .text.memb_alloc
                0x000000000000baec       0x3e contiki-z1.a(memb.o)
                0x000000000000baec                memb_alloc
 .text.memb_free
                0x000000000000bb2a       0x3a contiki-z1.a(memb.o)
                0x000000000000bb2a                memb_free
 .text.memb_inmemb
                0x000000000000bb64       0x2e contiki-z1.a(memb.o)
                0x000000000000bb64                memb_inmemb
 .text.memb_numfree
                0x000000000000bb92       0x26 contiki-z1.a(memb.o)
                0x000000000000bb92                memb_numfree
 .text.echo_reply_input
                0x000000000000bbb8       0xaa contiki-z1.a(uip-icmp6.o)
 .text.echo_request_input
                0x000000000000bc62       0xca contiki-z1.a(uip-icmp6.o)
 .text.uip_icmp6_input
                0x000000000000bd2c       0x40 contiki-z1.a(uip-icmp6.o)
                0x000000000000bd2c                uip_icmp6_input
 .text.uip_icmp6_register_input_handler
                0x000000000000bd6c        0xc contiki-z1.a(uip-icmp6.o)
                0x000000000000bd6c                uip_icmp6_register_input_handler
 .text.uip_icmp6_error_output
                0x000000000000bd78      0x168 contiki-z1.a(uip-icmp6.o)
                0x000000000000bd78                uip_icmp6_error_output
 .text.uip_icmp6_send
                0x000000000000bee0       0x86 contiki-z1.a(uip-icmp6.o)
                0x000000000000bee0                uip_icmp6_send
 .text.uip_icmp6_init
                0x000000000000bf66       0x12 contiki-z1.a(uip-icmp6.o)
                0x000000000000bf66                uip_icmp6_init
 .text.uip_udp_packet_send
                0x000000000000bf78       0x2a contiki-z1.a(uip-udp-packet.)
                0x000000000000bf78                uip_udp_packet_send
 .text.uip_udp_packet_sendto
                0x000000000000bfa2       0x56 contiki-z1.a(uip-udp-packet.)
                0x000000000000bfa2                uip_udp_packet_sendto
 .text.update_nbr
                0x000000000000bff8       0xde contiki-z1.a(rpl-nbr-policy.)
 .text.handle_periodic_timer
                0x000000000000c0d6        0xe contiki-z1.a(rpl-nbr-policy.)
 .text.find_removable_dis
                0x000000000000c0e4       0x16 contiki-z1.a(rpl-nbr-policy.)
                0x000000000000c0e4                find_removable_dis
 .text.find_removable_dio
                0x000000000000c0fa       0x3c contiki-z1.a(rpl-nbr-policy.)
                0x000000000000c0fa                find_removable_dio
 .text.find_removable_dao
                0x000000000000c136       0x34 contiki-z1.a(rpl-nbr-policy.)
                0x000000000000c136                find_removable_dao
 .text.rpl_nbr_policy_find_removable
                0x000000000000c16a       0x30 contiki-z1.a(rpl-nbr-policy.)
                0x000000000000c16a                rpl_nbr_policy_find_removable
 .text.handle_unicast_dio_timer
                0x000000000000c19a       0x1c contiki-z1.a(rpl-timers.o)
 .text.new_dio_interval
                0x000000000000c1b6       0x8a contiki-z1.a(rpl-timers.o)
 .text.handle_periodic_timer
                0x000000000000c240       0x50 contiki-z1.a(rpl-timers.o)
 .text.set_dao_lifetime_timer
                0x000000000000c290       0x70 contiki-z1.a(rpl-timers.o)
 .text.schedule_dao
                0x000000000000c300       0x72 contiki-z1.a(rpl-timers.o)
 .text.handle_dio_timer
                0x000000000000c372       0x88 contiki-z1.a(rpl-timers.o)
 .text.handle_dao_timer
                0x000000000000c3fa       0x64 contiki-z1.a(rpl-timers.o)
 .text.rpl_reset_periodic_timer
                0x000000000000c45e       0x5c contiki-z1.a(rpl-timers.o)
                0x000000000000c45e                rpl_reset_periodic_timer
 .text.rpl_reset_dio_timer
                0x000000000000c4ba       0x18 contiki-z1.a(rpl-timers.o)
                0x000000000000c4ba                rpl_reset_dio_timer
 .text.rpl_schedule_dao
                0x000000000000c4d2        0xc contiki-z1.a(rpl-timers.o)
                0x000000000000c4d2                rpl_schedule_dao
 .text.rpl_schedule_unicast_dio_immediately
                0x000000000000c4de       0x16 contiki-z1.a(rpl-timers.o)
                0x000000000000c4de                rpl_schedule_unicast_dio_immediately
 .text.get_probing_delay
                0x000000000000c4f4       0x40 contiki-z1.a(rpl-timers.o)
                0x000000000000c4f4                get_probing_delay
 .text.get_probing_target
                0x000000000000c534       0xe2 contiki-z1.a(rpl-timers.o)
                0x000000000000c534                get_probing_target
 .text.rpl_schedule_probing
                0x000000000000c616       0x26 contiki-z1.a(rpl-timers.o)
                0x000000000000c616                rpl_schedule_probing
 .text.handle_probing_timer
                0x000000000000c63c       0x34 contiki-z1.a(rpl-timers.o)
 .text.reset    0x000000000000c670        0x2 contiki-z1.a(rpl-mrhof.o)
 .text.update_metric_container
                0x000000000000c672        0x6 contiki-z1.a(rpl-mrhof.o)
 .text.parent_link_metric
                0x000000000000c678       0x10 contiki-z1.a(rpl-mrhof.o)
 .text.parent_has_usable_link
                0x000000000000c688       0x14 contiki-z1.a(rpl-mrhof.o)
 .text.best_dag
                0x000000000000c69c       0x34 contiki-z1.a(rpl-mrhof.o)
 .text.parent_path_cost
                0x000000000000c6d0       0x40 contiki-z1.a(rpl-mrhof.o)
 .text.parent_is_acceptable
                0x000000000000c710       0x26 contiki-z1.a(rpl-mrhof.o)
 .text.best_parent
                0x000000000000c736       0x7c contiki-z1.a(rpl-mrhof.o)
 .text.rank_via_parent
                0x000000000000c7b2       0x4e contiki-z1.a(rpl-mrhof.o)
 .text.frame802154_get_pan_id
                0x000000000000c800        0x6 contiki-z1.a(frame802154.o)
                0x000000000000c800                frame802154_get_pan_id
 .text.frame802154_has_panid
                0x000000000000c806       0x7a contiki-z1.a(frame802154.o)
                0x000000000000c806                frame802154_has_panid
 .text.field_len
                0x000000000000c880       0xae contiki-z1.a(frame802154.o)
 .text.frame802154_is_broadcast_addr
                0x000000000000c92e       0x24 contiki-z1.a(frame802154.o)
                0x000000000000c92e                frame802154_is_broadcast_addr
 .text.frame802154_hdrlen
                0x000000000000c952       0x32 contiki-z1.a(frame802154.o)
                0x000000000000c952                frame802154_hdrlen
 .text.frame802154_create
                0x000000000000c984      0x136 contiki-z1.a(frame802154.o)
                0x000000000000c984                frame802154_create
 .text.frame802154_parse
                0x000000000000caba      0x1d4 contiki-z1.a(frame802154.o)
                0x000000000000caba                frame802154_parse
 .text.mac_call_sent_callback
                0x000000000000cc8e       0x14 contiki-z1.a(mac.o)
                0x000000000000cc8e                mac_call_sent_callback
 .text.libgcc   0x000000000000cca2       0x2a /usr/lib/gcc/msp430/4.6.3/mcpu-430x/mmpy-16/libgcc.a(_mulsi3.o)
                0x000000000000cca2                __mulsi3
 .text.libgcc   0x000000000000cccc       0x22 /usr/lib/gcc/msp430/4.6.3/mcpu-430x/mmpy-16/libgcc.a(_udivmod16.o)
                0x000000000000cccc                __udivhi3
                0x000000000000cccc                __ext_udivmod16
                0x000000000000cce6                __umodhi3
 .text.libgcc   0x000000000000ccee       0x3a /usr/lib/gcc/msp430/4.6.3/mcpu-430x/mmpy-16/libgcc.a(_divmod16.o)
                0x000000000000ccee                __ext_divmod16
                0x000000000000ccee                __divhi3
                0x000000000000cd20                __modhi3
 .text.libgcc   0x000000000000cd28       0x38 /usr/lib/gcc/msp430/4.6.3/mcpu-430x/mmpy-16/libgcc.a(_udivmod32.o)
                0x000000000000cd28                __udivsi3
                0x000000000000cd28                __ext_udivmod32
                0x000000000000cd56                __umodsi3
 .text.libgcc   0x000000000000cd60       0x4c /usr/lib/gcc/msp430/4.6.3/mcpu-430x/mmpy-16/libgcc.a(_divmod32.o)
                0x000000000000cd60                __ext_divmod32
                0x000000000000cd60                __divsi3
                0x000000000000cda2                __modsi3
 .text          0x000000000000cdac       0x12 /usr/lib/gcc/msp430/4.6.3/../../../../msp430/lib/mcpu-430x/mmpy-16/libc.a(strchr.o)
                0x000000000000cdac                strchr
 .text          0x000000000000cdbe       0x1e /usr/lib/gcc/msp430/4.6.3/../../../../msp430/lib/mcpu-430x/mmpy-16/libc.a(strcmp.o)
                0x000000000000cdbe                strcmp
 .text          0x000000000000cddc       0x20 /usr/lib/gcc/msp430/4.6.3/../../../../msp430/lib/mcpu-430x/mmpy-16/libc.a(memcmp.o)
                0x000000000000cddc                memcmp
 .text          0x000000000000cdfc       0x14 /usr/lib/gcc/msp430/4.6.3/../../../../msp430/lib/mcpu-430x/mmpy-16/libc.a(strcpy.o)
                0x000000000000cdfc                strcpy
 .text          0x000000000000ce10       0x2a /usr/lib/gcc/msp430/4.6.3/../../../../msp430/lib/mcpu-430x/mmpy-16/libc.a(strncpy.o)
                0x000000000000ce10                strncpy
 .text          0x000000000000ce3a       0xe4 /usr/lib/gcc/msp430/4.6.3/../../../../msp430/lib/mcpu-430x/mmpy-16/libc.a(memcpy.o)
                0x000000000000ce3a                memcpy
 .text          0x000000000000cf1e       0xe4 /usr/lib/gcc/msp430/4.6.3/../../../../msp430/lib/mcpu-430x/mmpy-16/libc.a(memmove.o)
                0x000000000000cf1e                memmove
 .text          0x000000000000d002       0x5c /usr/lib/gcc/msp430/4.6.3/../../../../msp430/lib/mcpu-430x/mmpy-16/libc.a(memset.o)
                0x000000000000d002                memset
 .text          0x000000000000d05e       0xf2 /usr/lib/gcc/msp430/4.6.3/../../../../msp430/lib/mcpu-430x/mmpy-16/libc.a(malloc.o)
                0x000000000000d05e                malloc
                0x000000000000d148                free
 .text          0x000000000000d150       0x1e /usr/lib/gcc/msp430/4.6.3/../../../../msp430/lib/mcpu-430x/mmpy-16/libc.a(printf.o)
                0x000000000000d150                printf
                0x000000000000d160                vprintf
 .text          0x000000000000d16e       0xb8 /usr/lib/gcc/msp430/4.6.3/../../../../msp430/lib/mcpu-430x/mmpy-16/libc.a(sprintf.o)
                0x000000000000d1c8                sprintf
                0x000000000000d1e4                snprintf
                0x000000000000d1fe                vsprintf
                0x000000000000d214                vsnprintf
 .text          0x000000000000d226      0x818 /usr/lib/gcc/msp430/4.6.3/../../../../msp430/lib/mcpu-430x/mmpy-16/libc.a(vuprintf.o)
                0x000000000000d3a2                vuprintf
 .text          0x000000000000da3e       0x2c /usr/lib/gcc/msp430/4.6.3/../../../../msp430/lib/mcpu-430x/mmpy-16/libc.a(puts.o)
                0x000000000000da3e                puts
 .text          0x000000000000da6a       0x54 /usr/lib/gcc/msp430/4.6.3/../../../../msp430/lib/mcpu-430x/mmpy-16/libc.a(rand.o)
                0x000000000000da6a                rand_r
                0x000000000000da8e                rand
                0x000000000000dab4                srand
 .text.libgcc   0x000000000000dabe       0xbc /usr/lib/gcc/msp430/4.6.3/mcpu-430x/mmpy-16/libgcc.a(_udivmod64.o)
                0x000000000000dabe                __xabi_udivmod64
                0x000000000000db10                __udivdi3
                0x000000000000db2a                __umoddi3
                0x000000000000db4c                __udivmoddi4
 .text.crt0     0x000000000000db7a        0x2 /usr/lib/gcc/msp430/4.6.3/mcpu-430x/mmpy-16/libcrt0.a(_unexpected_.o)
                0x000000000000db7a                _unexpected_
                0x000000000000db7c                . = ALIGN (0x2)

.rodata         0x000000000000db7c      0x726
                0x000000000000db7c                . = ALIGN (0x2)
 *(.rodata .rodata.* .gnu.linkonce.r.*)
 .rodata        0x000000000000db7c      0x14a main_core.co
                0x000000000000dc54                autostart_processes
 .rodata        0x000000000000dcc6      0x31c obj_z1/mqtt_sn.o
 .rodata        0x000000000000dfe2      0x115 obj_z1/contiki-z1-main.o
 *fill*         0x000000000000e0f7        0x1 00
 .rodata        0x000000000000e0f8       0x70 contiki-z1.a(cc2420.o)
                0x000000000000e12a                cc2420_aes_128_driver
                0x000000000000e12e                cc2420_driver
 .rodata        0x000000000000e168        0x8 contiki-z1.a(sensors.o)
 .rodata        0x000000000000e170       0x2e contiki-z1.a(adxl345.o)
                0x000000000000e180                adxl345
 .rodata        0x000000000000e19e       0x16 contiki-z1.a(tmp102.o)
                0x000000000000e1ac                tmp102
 .rodata        0x000000000000e1b4        0xf contiki-z1.a(ctimer.o)
 .rodata        0x000000000000e1c3        0xc contiki-z1.a(etimer.o)
 *fill*         0x000000000000e1cf        0x1 00
 .rodata        0x000000000000e1d0       0x24 contiki-z1.a(sicslowpan.o)
                0x000000000000e1dc                sicslowpan_driver
                0x000000000000e1e2                llprefix
                0x000000000000e1e4                unc_mxconf
                0x000000000000e1e8                unc_ctxconf
                0x000000000000e1ec                unc_llconf
 .rodata        0x000000000000e1f4       0x28 contiki-z1.a(uip-debug.o)
 .rodata        0x000000000000e21c        0xd contiki-z1.a(tcpip.o)
 .rodata        0x000000000000e229       0x13 contiki-z1.a(simple-udp.o)
 .rodata        0x000000000000e23c        0x8 contiki-z1.a(linkaddr.o)
                0x000000000000e23c                linkaddr_null
 .rodata        0x000000000000e244       0x16 contiki-z1.a(nullmac.o)
                0x000000000000e24c                nullmac_driver
 .rodata        0x000000000000e25a        0x6 contiki-z1.a(framer-802154.o)
                0x000000000000e25a                framer_802154
 .rodata        0x000000000000e260       0x18 contiki-z1.a(nullrdc.o)
                0x000000000000e268                nullrdc_driver
 .rodata        0x000000000000e278       0x10 contiki-z1.a(nullsec.o)
                0x000000000000e280                nullsec_driver
 .rodata        0x000000000000e288       0x10 contiki-z1.a(button-sensor.o)
                0x000000000000e290                button_sensor
 .rodata        0x000000000000e298        0x2 contiki-z1.a(frame802154.o)
 .rodata        0x000000000000e29a        0x7 /usr/lib/gcc/msp430/4.6.3/../../../../msp430/lib/mcpu-430x/mmpy-16/libc.a(vuprintf.o)
                0x000000000000e2a2                . = ALIGN (0x2)
 *fill*         0x000000000000e2a1        0x1 00
                0x000000000000e2a2                _etext = .

.data           0x0000000000001100      0x126 load address 0x000000000000e2a2
                0x0000000000001100                . = ALIGN (0x2)
                0x0000000000001100                PROVIDE (__data_start, .)
 *(.data .data.* .gnu.linkonce.d.*)
 .data          0x0000000000001100       0x1a main_core.co
                0x0000000000001100                init_system_process
 .data          0x000000000000111a        0xe obj_z1/mqtt_sn.o
                0x000000000000111a                mqtt_sn_main
 .data          0x0000000000001128        0x2 contiki-z1.a(msp430.o)
 .data          0x000000000000112a        0xc contiki-z1.a(cc2420.o)
                0x000000000000112a                cc2420_process
 .data          0x0000000000001136        0xa contiki-z1.a(sensors.o)
                0x0000000000001136                sensors_process
 .data          0x0000000000001140        0x8 contiki-z1.a(z1-sensors.o)
                0x0000000000001140                sensors
 .data          0x0000000000001148       0x20 contiki-z1.a(adxl345.o)
                0x0000000000001148                accmeter_process
 .data          0x0000000000001168        0xa contiki-z1.a(ctimer.o)
                0x0000000000001168                ctimer_process
 .data          0x0000000000001172        0xa contiki-z1.a(etimer.o)
                0x0000000000001172                etimer_process
 .data          0x000000000000117c       0x22 contiki-z1.a(uip-ds6-route.o)
                0x000000000000117c                nbr_routes
 .data          0x000000000000119e        0xa contiki-z1.a(uip-ds6-nbr.o)
                0x000000000000119e                ds6_neighbors
 .data          0x00000000000011a8        0xa contiki-z1.a(tcpip.o)
                0x00000000000011a8                tcpip_process
 .data          0x00000000000011b2        0xa contiki-z1.a(simple-udp.o)