Archive member included to satisfy reference by file (symbol)

contiki-srf06-cc26xx.a(contiki-main.o)
                              obj_srf06-cc26xx/startup_gcc.o (main)
contiki-srf06-cc26xx.a(sensors.o)
                              contiki-srf06-cc26xx.a(contiki-main.o) (sensors_process)
contiki-srf06-cc26xx.a(leds.o)
                              contiki-srf06-cc26xx.a(contiki-main.o) (leds_init)
contiki-srf06-cc26xx.a(leds-arch.o)
                              contiki-srf06-cc26xx.a(leds.o) (leds_arch_init)
contiki-srf06-cc26xx.a(srf06-sensors.o)
                              contiki-srf06-cc26xx.a(sensors.o) (sensors_flags)
contiki-srf06-cc26xx.a(button-sensor.o)
                              contiki-srf06-cc26xx.a(srf06-sensors.o) (button_down_sensor)
contiki-srf06-cc26xx.a(board.o)
                              contiki-srf06-cc26xx.a(contiki-main.o) (board_init)
contiki-srf06-cc26xx.a(als-sensor.o)
                              contiki-srf06-cc26xx.a(srf06-sensors.o) (als_sensor)
contiki-srf06-cc26xx.a(clock.o)
                              contiki-srf06-cc26xx.a(contiki-main.o) (clock_init)
contiki-srf06-cc26xx.a(soc-rtc.o)
                              contiki-srf06-cc26xx.a(contiki-main.o) (soc_rtc_init)
contiki-srf06-cc26xx.a(contiki-watchdo)
                              contiki-srf06-cc26xx.a(contiki-main.o) (watchdog_init)
contiki-srf06-cc26xx.a(aux-ctrl.o)
                              contiki-srf06-cc26xx.a(als-sensor.o) (aux_ctrl_register_consumer)
contiki-srf06-cc26xx.a(putchar.o)
                              contiki-srf06-cc26xx.a(contiki-main.o) (putchar)
contiki-srf06-cc26xx.a(ieee-addr.o)
                              contiki-srf06-cc26xx.a(contiki-main.o) (ieee_addr_cpy_to)
contiki-srf06-cc26xx.a(cc26xx-uart.o)
                              contiki-srf06-cc26xx.a(contiki-main.o) (cc26xx_uart_init)
contiki-srf06-cc26xx.a(lpm.o)
                              contiki-srf06-cc26xx.a(button-sensor.o) (lpm_shutdown)
contiki-srf06-cc26xx.a(gpio-interrupt.)
                              contiki-srf06-cc26xx.a(button-sensor.o) (gpio_interrupt_register_handler)
contiki-srf06-cc26xx.a(oscillators.o)
                              contiki-srf06-cc26xx.a(contiki-main.o) (oscillators_select_lf_xosc)
contiki-srf06-cc26xx.a(ieee-mode.o)
                              contiki-srf06-cc26xx.a(contiki-main.o) (ieee_mode_driver)
contiki-srf06-cc26xx.a(random.o)
                              contiki-srf06-cc26xx.a(contiki-main.o) (random_init)
contiki-srf06-cc26xx.a(soc-trng.o)
                              contiki-srf06-cc26xx.a(random.o) (soc_trng_rand_synchronous)
contiki-srf06-cc26xx.a(dbg-printf.o)
                              main_core.co (printf)
contiki-srf06-cc26xx.a(dbg-sprintf.o)
                              main_core.co (sprintf)
contiki-srf06-cc26xx.a(strformat.o)
                              contiki-srf06-cc26xx.a(dbg-printf.o) (format_str_v)
contiki-srf06-cc26xx.a(autostart.o)
                              contiki-srf06-cc26xx.a(contiki-main.o) (autostart_start)
contiki-srf06-cc26xx.a(energest.o)
                              contiki-srf06-cc26xx.a(contiki-main.o) (energest_init)
contiki-srf06-cc26xx.a(ctimer.o)
                              contiki-srf06-cc26xx.a(contiki-main.o) (ctimer_init)
contiki-srf06-cc26xx.a(etimer.o)
                              contiki-srf06-cc26xx.a(clock.o) (etimer_request_poll)
contiki-srf06-cc26xx.a(process.o)
                              obj_srf06-cc26xx/mqtt_sn.o (process_alloc_event)
contiki-srf06-cc26xx.a(rtimer.o)
                              contiki-srf06-cc26xx.a(contiki-main.o) (rtimer_init)
contiki-srf06-cc26xx.a(timer.o)
                              contiki-srf06-cc26xx.a(button-sensor.o) (timer_set)
contiki-srf06-cc26xx.a(serial-line.o)
                              contiki-srf06-cc26xx.a(contiki-main.o) (serial_line_init)
contiki-srf06-cc26xx.a(list.o)
                              contiki-srf06-cc26xx.a(lpm.o) (list_init)
contiki-srf06-cc26xx.a(ringbuf.o)
                              contiki-srf06-cc26xx.a(serial-line.o) (ringbuf_init)
contiki-srf06-cc26xx.a(uip6.o)
                              obj_srf06-cc26xx/mqtt_sn.o (uip_htons)
contiki-srf06-cc26xx.a(uip-nd6.o)
                              contiki-srf06-cc26xx.a(uip6.o) (uip_nd6_init)
contiki-srf06-cc26xx.a(sicslowpan.o)
                              contiki-srf06-cc26xx.a(contiki-main.o) (sicslowpan_driver)
contiki-srf06-cc26xx.a(uip-debug.o)
                              obj_srf06-cc26xx/mqtt_sn.o (uip_debug_ipaddr_print)
contiki-srf06-cc26xx.a(tcpip.o)
                              contiki-srf06-cc26xx.a(sicslowpan.o) (tcpip_set_outputfunc)
contiki-srf06-cc26xx.a(simple-udp.o)
                              obj_srf06-cc26xx/mqtt_sn.o (simple_udp_send)
contiki-srf06-cc26xx.a(rpl-ext-header.)
                              contiki-srf06-cc26xx.a(uip6.o) (rpl_verify_hbh_header)
contiki-srf06-cc26xx.a(rpl.o)
                              contiki-srf06-cc26xx.a(tcpip.o) (rpl_init)
[...]
Memory Configuration

Name             Origin             Length             Attributes
FLASH            0x00000000         0x0001ffa8         xr
FLASH_CCFG       0x0001ffa8         0x00000058         xr
SRAM             0x20000000         0x00005000         xrw
GPRAM            0x11000000         0x00002000         xrw
*default*        0x00000000         0xffffffff

Linker script and memory map

LOAD obj_srf06-cc26xx/fault-handlers.o
LOAD obj_srf06-cc26xx/ccfg.o
LOAD obj_srf06-cc26xx/startup_gcc.o
LOAD main_core.co
LOAD obj_srf06-cc26xx/mqtt_sn.o
LOAD contiki-srf06-cc26xx.a
LOAD /opt/gcc-arm-none-eabi-5_4-2016q2/bin/../lib/gcc/arm-none-eabi/5.4.1/../../../../arm-none-eabi/lib/armv7-m/libm.a
START GROUP
LOAD /opt/gcc-arm-none-eabi-5_4-2016q2/bin/../lib/gcc/arm-none-eabi/5.4.1/armv7-m/libgcc.a
LOAD /opt/gcc-arm-none-eabi-5_4-2016q2/bin/../lib/gcc/arm-none-eabi/5.4.1/../../../../arm-none-eabi/lib/armv7-m/libc.a
END GROUP
                0x20005000                _estack = (ORIGIN (SRAM) + LENGTH (SRAM))
                0x00000000                _Min_Heap_Size = 0x0
                0x00000100                _Min_Stack_Size = 0x100

.text           0x00000000     0xe43e
                0x00000000                _text = .
 *(SORT(.vectors))
 .vectors       0x00000000       0xc8 obj_srf06-cc26xx/startup_gcc.o
                0x00000000                g_pfnVectors
 *(SORT(.text*))
 .text.FaultISR
                0x000000c8       0x18 obj_srf06-cc26xx/fault-handlers.o
                0x000000c8                FaultISR
 .text.NmiSRHandler
                0x000000e0        0x4 obj_srf06-cc26xx/startup_gcc.o
                0x000000e0                NmiSR
 .text.IntDefaultHandler
                0x000000e4        0x4 obj_srf06-cc26xx/startup_gcc.o
                0x000000e4                SSI0IntHandler
                0x000000e4                SWEvent0IntHandler
                0x000000e4                uDMAIntHandler
                0x000000e4                WatchdogIntHandler
                0x000000e4                RFCHardwareIntHandler
                0x000000e4                Timer1BIntHandler
                0x000000e4                I2SIntHandler
                0x000000e4                Timer2BIntHandler
                0x000000e4                Timer2AIntHandler
                0x000000e4                Timer1AIntHandler
                0x000000e4                AONIntHandler
                0x000000e4                AUXSWEvent0IntHandler
                0x000000e4                AUXADCIntHandler
                0x000000e4                PendSVIntHandler
                0x000000e4                AUXSWEvent1IntHandler
                0x000000e4                SVCallIntHandler
                0x000000e4                MPUFaultIntHandler
                0x000000e4                SysTickIntHandler
                0x000000e4                BusFaultIntHandler
                0x000000e4                AONProgIntHandler
                0x000000e4                AUXCompAIntHandler
                0x000000e4                SSI1IntHandler
                0x000000e4                FlashIntHandler
                0x000000e4                uDMAErrIntHandler
                0x000000e4                UsageFaultIntHandler
                0x000000e4                RFCCmdAckIntHandler
                0x000000e4                CryptoIntHandler
                0x000000e4                Timer0AIntHandler
                0x000000e4                I2CIntHandler
                0x000000e4                DebugMonIntHandler
                0x000000e4                Timer0BIntHandler
                0x000000e4                AUXCombEventIntHandler
                0x000000e4                Timer3AIntHandler
                0x000000e4                DynProgIntHandler
                0x000000e4                Timer3BIntHandler
 .text.ResetISR
                0x000000e8       0x5c obj_srf06-cc26xx/startup_gcc.o
                0x000000e8                ResetISR
 .text.mqtt_sn_callback
                0x00000144       0x24 main_core.co
                0x00000144                mqtt_sn_callback
 .text.init_broker
                0x00000168      0x104 main_core.co
                0x00000168                init_broker
 .text.process_thread_init_system_process
                0x0000026c       0x88 main_core.co
 .text._sbrk    0x000002f4       0x30 obj_srf06-cc26xx/mqtt_sn.o
                0x000002f4                _sbrk
 .text.parse_mqtt_type_string
                0x00000324       0x94 obj_srf06-cc26xx/mqtt_sn.o
                0x00000324                parse_mqtt_type_string
 .text.verf_hist_sub
                0x000003b8       0x3c obj_srf06-cc26xx/mqtt_sn.o
                0x000003b8                verf_hist_sub
 .text.mqtt_sn_will_topic_send
                0x000003f4       0x58 obj_srf06-cc26xx/mqtt_sn.o
                0x000003f4                mqtt_sn_will_topic_send
 .text.mqtt_sn_will_message_send
                0x0000044c       0x50 obj_srf06-cc26xx/mqtt_sn.o
                0x0000044c                mqtt_sn_will_message_send
 .text.mqtt_sn_ping_send
                0x0000049c       0x54 obj_srf06-cc26xx/mqtt_sn.o
                0x0000049c                mqtt_sn_ping_send
 .text.timeout_ping_mqtt
                0x000004f0       0x78 obj_srf06-cc26xx/mqtt_sn.o
                0x000004f0                timeout_ping_mqtt
 .text.mqtt_sn_con_send
                0x00000568       0x7c obj_srf06-cc26xx/mqtt_sn.o
                0x00000568                mqtt_sn_con_send
 .text.mqtt_sn_reg_send
                0x000005e4       0x8c obj_srf06-cc26xx/mqtt_sn.o
                0x000005e4                mqtt_sn_reg_send
 .text.mqtt_sn_regack_send
                0x00000670       0x40 obj_srf06-cc26xx/mqtt_sn.o
                0x00000670                mqtt_sn_regack_send
 .text.mqtt_sn_pub_send
                0x000006b0       0xd8 obj_srf06-cc26xx/mqtt_sn.o
                0x000006b0                mqtt_sn_pub_send
 .text.mqtt_sn_pub
                0x00000788       0x50 obj_srf06-cc26xx/mqtt_sn.o
                0x00000788                mqtt_sn_pub
 .text.mqtt_sn_sub_send
                0x000007d8       0x78 obj_srf06-cc26xx/mqtt_sn.o
                0x000007d8                mqtt_sn_sub_send
 .text.timeout_con
                0x00000850       0xb4 obj_srf06-cc26xx/mqtt_sn.o
                0x00000850                timeout_con
 .text.mqtt_sn_sub_send_wildcard
                0x00000904       0x64 obj_srf06-cc26xx/mqtt_sn.o
                0x00000904                mqtt_sn_sub_send_wildcard
 .text.mqtt_sn_insert_queue
                0x00000968       0x88 obj_srf06-cc26xx/mqtt_sn.o
                0x00000968                mqtt_sn_insert_queue
 .text.mqtt_sn_sub_wildcard
                0x000009f0       0x34 obj_srf06-cc26xx/mqtt_sn.o
                0x000009f0                mqtt_sn_sub_wildcard
 .text.mqtt_sn_sub
                0x00000a24       0x9c obj_srf06-cc26xx/mqtt_sn.o
                0x00000a24                mqtt_sn_sub
 .text.mqtt_sn_delete_queue
                0x00000ac0       0x74 obj_srf06-cc26xx/mqtt_sn.o
                0x00000ac0                mqtt_sn_delete_queue
 .text.init_vectors
                0x00000b34       0x3c obj_srf06-cc26xx/mqtt_sn.o
                0x00000b34                init_vectors
 .text.mqtt_sn_recv_parser
                0x00000b70      0x228 obj_srf06-cc26xx/mqtt_sn.o
                0x00000b70                mqtt_sn_recv_parser
 .text.mqtt_sn_udp_rec_cb
                0x00000d98        0x8 obj_srf06-cc26xx/mqtt_sn.o
                0x00000d98                mqtt_sn_udp_rec_cb
 .text.mqtt_sn_create_sck
                0x00000da0      0x1cc obj_srf06-cc26xx/mqtt_sn.o
                0x00000da0                mqtt_sn_create_sck
 .text.process_thread_mqtt_sn_main
                0x00000f6c      0x408 obj_srf06-cc26xx/mqtt_sn.o
 .text.mqtt_sn_init
                0x00001374       0xa8 obj_srf06-cc26xx/mqtt_sn.o
                0x00001374                mqtt_sn_init
 .text.fade     0x0000141c       0x64 contiki-srf06-cc26xx.a(contiki-main.o)
 .text.startup.main
                0x00001480      0x1fc contiki-srf06-cc26xx.a(contiki-main.o)
                0x00001480                main
 .text.process_thread_sensors_process
                0x0000167c       0xf8 contiki-srf06-cc26xx.a(sensors.o)
 .text.sensors_changed
                0x00001774       0x4c contiki-srf06-cc26xx.a(sensors.o)
                0x00001774                sensors_changed
 .text.leds_init
                0x000017c0       0x14 contiki-srf06-cc26xx.a(leds.o)
                0x000017c0                leds_init
 .text.leds_on  0x000017d4       0x14 contiki-srf06-cc26xx.a(leds.o)
                0x000017d4                leds_on
 .text.leds_off
                0x000017e8       0x14 contiki-srf06-cc26xx.a(leds.o)
                0x000017e8                leds_off
 .text.leds_arch_init
                0x000017fc       0x48 contiki-srf06-cc26xx.a(leds-arch.o)
                0x000017fc                leds_arch_init
 .text.leds_arch_set
                0x00001844       0x48 contiki-srf06-cc26xx.a(leds-arch.o)
                0x00001844                leds_arch_set
 .text.button_press_handler
                0x0000188c      0x124 contiki-srf06-cc26xx.a(button-sensor.o)
 .text.value_select
                0x000019b0       0x24 contiki-srf06-cc26xx.a(button-sensor.o)
 .text.value_left
                0x000019d4       0x24 contiki-srf06-cc26xx.a(button-sensor.o)
 .text.value_right
                0x000019f8       0x18 contiki-srf06-cc26xx.a(button-sensor.o)
 .text.value_up
                0x00001a10       0x24 contiki-srf06-cc26xx.a(button-sensor.o)
 .text.value_down
                0x00001a34       0x24 contiki-srf06-cc26xx.a(button-sensor.o)
 .text.status.part.5
                0x00001a58       0x14 contiki-srf06-cc26xx.a(button-sensor.o)
 .text.status_select
                0x00001a6c       0x10 contiki-srf06-cc26xx.a(button-sensor.o)
 .text.status_left
                0x00001a7c       0x10 contiki-srf06-cc26xx.a(button-sensor.o)
 .text.status_right
                0x00001a8c       0x10 contiki-srf06-cc26xx.a(button-sensor.o)
 .text.status_up
                0x00001a9c       0x10 contiki-srf06-cc26xx.a(button-sensor.o)
 .text.status_down
                0x00001aac       0x10 contiki-srf06-cc26xx.a(button-sensor.o)
 .text.config_buttons
                0x00001abc       0x84 contiki-srf06-cc26xx.a(button-sensor.o)
 .text.config_select
                0x00001b40        0xc contiki-srf06-cc26xx.a(button-sensor.o)
 .text.config_left
                0x00001b4c        0xc contiki-srf06-cc26xx.a(button-sensor.o)
 .text.config_right
                0x00001b58        0xc contiki-srf06-cc26xx.a(button-sensor.o)
 .text.config_up
                0x00001b64        0xc contiki-srf06-cc26xx.a(button-sensor.o)
 .text.config_down
                0x00001b70        0xc contiki-srf06-cc26xx.a(button-sensor.o)
 .text.lpm_handler
                0x00001b7c       0x34 contiki-srf06-cc26xx.a(board.o)
 .text.wakeup_handler
                0x00001bb0       0x20 contiki-srf06-cc26xx.a(board.o)
 .text.board_init
                0x00001bd0       0x70 contiki-srf06-cc26xx.a(board.o)
                0x00001bd0                board_init
 .text.status   0x00001c40        0x4 contiki-srf06-cc26xx.a(als-sensor.o)
 .text.value    0x00001c44       0x24 contiki-srf06-cc26xx.a(als-sensor.o)
 .text.config   0x00001c68       0x88 contiki-srf06-cc26xx.a(als-sensor.o)
 .text.power_domain_on
                0x00001cf0       0x20 contiki-srf06-cc26xx.a(clock.o)
 .text.clock_init
                0x00001d10       0x98 contiki-srf06-cc26xx.a(clock.o)
                0x00001d10                clock_init
 .text.clock_time
                0x00001da8       0x34 contiki-srf06-cc26xx.a(clock.o)
                0x00001da8                clock_time
 .text.clock_update
                0x00001ddc       0x3c contiki-srf06-cc26xx.a(clock.o)
                0x00001ddc                clock_update
 .text.clock_seconds
                0x00001e18       0x18 contiki-srf06-cc26xx.a(clock.o)
                0x00001e18                clock_seconds
 .text.clock_delay_usec
                0x00001e30       0x84 contiki-srf06-cc26xx.a(clock.o)
                0x00001e30                clock_delay_usec
 .text.soc_rtc_init
                0x00001eb4       0xa0 contiki-srf06-cc26xx.a(soc-rtc.o)
                0x00001eb4                soc_rtc_init
 .text.soc_rtc_schedule_one_shot
                0x00001f54       0x6c contiki-srf06-cc26xx.a(soc-rtc.o)
                0x00001f54                soc_rtc_schedule_one_shot
 .text.soc_rtc_last_isr_time
                0x00001fc0        0xc contiki-srf06-cc26xx.a(soc-rtc.o)
                0x00001fc0                soc_rtc_last_isr_time
 .text.AONRTCIntHandler
                0x00001fcc       0x88 contiki-srf06-cc26xx.a(soc-rtc.o)
                0x00001fcc                AONRTCIntHandler
 .text.watchdog_init
                0x00002054       0x1c contiki-srf06-cc26xx.a(contiki-watchdo)
                0x00002054                watchdog_init
 .text.watchdog_start
                0x00002070       0x68 contiki-srf06-cc26xx.a(contiki-watchdo)
                0x00002070                watchdog_start
 .text.watchdog_periodic
                0x000020d8       0x1c contiki-srf06-cc26xx.a(contiki-watchdo)
                0x000020d8                watchdog_periodic
 .text.aux_ctrl_power_up
                0x000020f4       0x28 contiki-srf06-cc26xx.a(aux-ctrl.o)
                0x000020f4                aux_ctrl_power_up
 .text.aux_ctrl_register_consumer
                0x0000211c       0x40 contiki-srf06-cc26xx.a(aux-ctrl.o)
                0x0000211c                aux_ctrl_register_consumer
 .text.aux_ctrl_power_down
                0x0000215c       0x6c contiki-srf06-cc26xx.a(aux-ctrl.o)
                0x0000215c                aux_ctrl_power_down
 .text.aux_ctrl_unregister_consumer
                0x000021c8       0x28 contiki-srf06-cc26xx.a(aux-ctrl.o)
                0x000021c8                aux_ctrl_unregister_consumer
 .text.putchar  0x000021f0       0x10 contiki-srf06-cc26xx.a(putchar.o)
                0x000021f0                putchar
 .text.puts     0x00002200       0x30 contiki-srf06-cc26xx.a(putchar.o)
                0x00002200                puts
 .text.dbg_send_bytes
                0x00002230       0x40 contiki-srf06-cc26xx.a(putchar.o)
                0x00002230                dbg_send_bytes
 .text.ieee_addr_cpy_to
                0x00002270       0x40 contiki-srf06-cc26xx.a(ieee-addr.o)
                0x00002270                ieee_addr_cpy_to
 .text.power_and_clock
                0x000022b0       0x40 contiki-srf06-cc26xx.a(cc26xx-uart.o)
 .text.enable   0x000022f0       0xf0 contiki-srf06-cc26xx.a(cc26xx-uart.o)
 .text.accessible
                0x000023e0       0x24 contiki-srf06-cc26xx.a(cc26xx-uart.o)
 .text.lpm_drop_handler
                0x00002404       0xcc contiki-srf06-cc26xx.a(cc26xx-uart.o)
 .text.cc26xx_uart_init
                0x000024d0       0x28 contiki-srf06-cc26xx.a(cc26xx-uart.o)
                0x000024d0                cc26xx_uart_init
 .text.cc26xx_uart_write_byte
                0x000024f8       0x28 contiki-srf06-cc26xx.a(cc26xx-uart.o)
                0x000024f8                cc26xx_uart_write_byte
 .text.cc26xx_uart_busy
                0x00002520       0x18 contiki-srf06-cc26xx.a(cc26xx-uart.o)
                0x00002520                cc26xx_uart_busy
 .text.UART0IntHandler
                0x00002538       0x54 contiki-srf06-cc26xx.a(cc26xx-uart.o)
                0x00002538                UART0IntHandler
 .text.lpm_shutdown
                0x0000258c      0x198 contiki-srf06-cc26xx.a(lpm.o)
                0x0000258c                lpm_shutdown
 .text.lpm_sleep
                0x00002724       0x14 contiki-srf06-cc26xx.a(lpm.o)
                0x00002724                lpm_sleep
 .text.lpm_drop
                0x00002738      0x258 contiki-srf06-cc26xx.a(lpm.o)
                0x00002738                lpm_drop
 .text.lpm_register_module
                0x00002990        0xc contiki-srf06-cc26xx.a(lpm.o)
                0x00002990                lpm_register_module
 .text.lpm_unregister_module
                0x0000299c        0xc contiki-srf06-cc26xx.a(lpm.o)
                0x0000299c                lpm_unregister_module
 .text.lpm_init
                0x000029a8       0x20 contiki-srf06-cc26xx.a(lpm.o)
                0x000029a8                lpm_init
 .text.lpm_pin_set_default_state
                0x000029c8       0x2c contiki-srf06-cc26xx.a(lpm.o)
                0x000029c8                lpm_pin_set_default_state
 .text.gpio_interrupt_register_handler
                0x000029f4       0x2c contiki-srf06-cc26xx.a(gpio-interrupt.)
                0x000029f4                gpio_interrupt_register_handler
 .text.gpio_interrupt_init
                0x00002a20       0x24 contiki-srf06-cc26xx.a(gpio-interrupt.)
                0x00002a20                gpio_interrupt_init
 .text.GPIOIntHandler
                0x00002a44       0x30 contiki-srf06-cc26xx.a(gpio-interrupt.)
                0x00002a44                GPIOIntHandler
 .text.oscillators_select_lf_xosc
                0x00002a74       0x50 contiki-srf06-cc26xx.a(oscillators.o)
                0x00002a74                oscillators_select_lf_xosc
 .text.oscillators_select_lf_rcosc
                0x00002ac4       0x3c contiki-srf06-cc26xx.a(oscillators.o)
                0x00002ac4                oscillators_select_lf_rcosc
 .text.oscillators_request_hf_xosc
                0x00002b00       0x30 contiki-srf06-cc26xx.a(oscillators.o)
                0x00002b00                oscillators_request_hf_xosc
 .text.oscillators_switch_to_hf_xosc
                0x00002b30       0x34 contiki-srf06-cc26xx.a(oscillators.o)
                0x00002b30                oscillators_switch_to_hf_xosc
 .text.oscillators_switch_to_hf_rc
                0x00002b64       0x38 contiki-srf06-cc26xx.a(oscillators.o)
                0x00002b64                oscillators_switch_to_hf_rc
 .text.request  0x00002b9c       0x20 contiki-srf06-cc26xx.a(ieee-mode.o)
 .text.rx_on    0x00002bbc       0x60 contiki-srf06-cc26xx.a(ieee-mode.o)
 .text.prepare  0x00002c1c       0x1c contiki-srf06-cc26xx.a(ieee-mode.o)
 .text.check_rat_overflow
                0x00002c38       0x68 contiki-srf06-cc26xx.a(ieee-mode.o)
 .text.rf_radio_setup
                0x00002ca0       0x74 contiki-srf06-cc26xx.a(ieee-mode.o)
 .text.soft_on  0x00002d14       0x18 contiki-srf06-cc26xx.a(ieee-mode.o)
 .text.pending_packet
                0x00002d2c       0x48 contiki-srf06-cc26xx.a(ieee-mode.o)
 .text.soft_off
                0x00002d74       0x3c contiki-srf06-cc26xx.a(ieee-mode.o)
 .text.get_object
                0x00002db0       0x4c contiki-srf06-cc26xx.a(ieee-mode.o)
 .text.transmitting.part.1
                0x00002dfc       0x40 contiki-srf06-cc26xx.a(ieee-mode.o)
 .text.rx_off   0x00002e3c       0x64 contiki-srf06-cc26xx.a(ieee-mode.o)
 .text.get_cca_info
                0x00002ea0       0x44 contiki-srf06-cc26xx.a(ieee-mode.o)
 .text.set_object
                0x00002ee4       0x50 contiki-srf06-cc26xx.a(ieee-mode.o)
 .text.receiving_packet
                0x00002f34       0x3c contiki-srf06-cc26xx.a(ieee-mode.o)
 .text.off.part.6
                0x00002f70       0x6c contiki-srf06-cc26xx.a(ieee-mode.o)
 .text.off      0x00002fdc       0x14 contiki-srf06-cc26xx.a(ieee-mode.o)
 .text.on       0x00002ff0       0xa8 contiki-srf06-cc26xx.a(ieee-mode.o)
 .text.set_value
                0x00003098      0x188 contiki-srf06-cc26xx.a(ieee-mode.o)
 .text.get_value
                0x00003220      0x180 contiki-srf06-cc26xx.a(ieee-mode.o)
 .text.transmit
                0x000033a0      0x114 contiki-srf06-cc26xx.a(ieee-mode.o)
 .text.send     0x000034b4       0x24 contiki-srf06-cc26xx.a(ieee-mode.o)
 .text.channel_clear
                0x000034d8       0x84 contiki-srf06-cc26xx.a(ieee-mode.o)
 .text.read_frame
                0x0000355c      0x15c contiki-srf06-cc26xx.a(ieee-mode.o)
 .text.handle_rat_overflow
                0x000036b8       0x50 contiki-srf06-cc26xx.a(ieee-mode.o)
 .text.init     0x00003708       0xfc contiki-srf06-cc26xx.a(ieee-mode.o)
 .text.random_rand
                0x00003804        0xc contiki-srf06-cc26xx.a(random.o)
                0x00003804                random_rand
 .text.random_init
                0x00003810        0x4 contiki-srf06-cc26xx.a(random.o)
                0x00003810                random_init
 .text.power_up
                0x00003814       0x40 contiki-srf06-cc26xx.a(soc-trng.o)
 .text.request  0x00003854       0x14 contiki-srf06-cc26xx.a(soc-trng.o)
 .text.process_thread_soc_trng_process
                0x00003868       0x94 contiki-srf06-cc26xx.a(soc-trng.o)
 .text.accessible
                0x000038fc       0x24 contiki-srf06-cc26xx.a(soc-trng.o)
 .text.soc_trng_rand_synchronous
                0x00003920       0xc4 contiki-srf06-cc26xx.a(soc-trng.o)
                0x00003920                soc_trng_rand_synchronous
 .text.TRNGIntHandler
                0x000039e4       0x50 contiki-srf06-cc26xx.a(soc-trng.o)
                0x000039e4                TRNGIntHandler
 .text.soc_trng_init
                0x00003a34       0x28 contiki-srf06-cc26xx.a(soc-trng.o)
                0x00003a34                soc_trng_init
 .text.write_str
                0x00003a5c       0x14 contiki-srf06-cc26xx.a(dbg-printf.o)
 .text.printf   0x00003a70       0x24 contiki-srf06-cc26xx.a(dbg-printf.o)
                0x00003a70                printf
 .text.buffer_str
                0x00003a94       0x18 contiki-srf06-cc26xx.a(dbg-sprintf.o)
 .text.sprintf  0x00003aac       0x34 contiki-srf06-cc26xx.a(dbg-sprintf.o)
                0x00003aac                sprintf
 .text.fill_space
                0x00003ae0       0x3c contiki-srf06-cc26xx.a(strformat.o)
 .text.format_str_v
                0x00003b1c      0x95c contiki-srf06-cc26xx.a(strformat.o)
                0x00003b1c                format_str_v
 .text.autostart_start
                0x00004478       0x18 contiki-srf06-cc26xx.a(autostart.o)
                0x00004478                autostart_start
 .text.energest_init
                0x00004490        0x4 contiki-srf06-cc26xx.a(energest.o)
                0x00004490                energest_init
 .text.process_thread_ctimer_process
                0x00004494       0x94 contiki-srf06-cc26xx.a(ctimer.o)
 .text.ctimer_init
                0x00004528       0x28 contiki-srf06-cc26xx.a(ctimer.o)
                0x00004528                ctimer_init
 .text.ctimer_set_with_process
                0x00004550       0x4c contiki-srf06-cc26xx.a(ctimer.o)
                0x00004550                ctimer_set_with_process
 .text.ctimer_set
                0x0000459c       0x18 contiki-srf06-cc26xx.a(ctimer.o)
                0x0000459c                ctimer_set
 .text.ctimer_reset
                0x000045b4       0x38 contiki-srf06-cc26xx.a(ctimer.o)
                0x000045b4                ctimer_reset
 .text.ctimer_restart
                0x000045ec       0x38 contiki-srf06-cc26xx.a(ctimer.o)
                0x000045ec                ctimer_restart
 .text.ctimer_stop
                0x00004624       0x34 contiki-srf06-cc26xx.a(ctimer.o)
                0x00004624                ctimer_stop
 .text.update_time
                0x00004658       0x44 contiki-srf06-cc26xx.a(etimer.o)
 .text.process_thread_etimer_process
                0x0000469c       0xc8 contiki-srf06-cc26xx.a(etimer.o)
 .text.add_timer
                0x00004764       0x54 contiki-srf06-cc26xx.a(etimer.o)
 .text.etimer_request_poll
                0x000047b8        0xc contiki-srf06-cc26xx.a(etimer.o)
                0x000047b8                etimer_request_poll
 .text.etimer_set
                0x000047c4       0x14 contiki-srf06-cc26xx.a(etimer.o)
                0x000047c4                etimer_set
 .text.etimer_reset
                0x000047d8       0x14 contiki-srf06-cc26xx.a(etimer.o)
                0x000047d8                etimer_reset
 .text.etimer_restart
                0x000047ec       0x14 contiki-srf06-cc26xx.a(etimer.o)
                0x000047ec                etimer_restart
 .text.etimer_expired
                0x00004800        0xc contiki-srf06-cc26xx.a(etimer.o)
                0x00004800                etimer_expired
 .text.etimer_expiration_time
                0x0000480c        0x8 contiki-srf06-cc26xx.a(etimer.o)
                0x0000480c                etimer_expiration_time
 .text.etimer_pending
                0x00004814       0x10 contiki-srf06-cc26xx.a(etimer.o)
                0x00004814                etimer_pending
 .text.etimer_next_expiration_time
                0x00004824       0x14 contiki-srf06-cc26xx.a(etimer.o)
                0x00004824                etimer_next_expiration_time
 .text.etimer_stop
                0x00004838       0x44 contiki-srf06-cc26xx.a(etimer.o)
                0x00004838                etimer_stop
 .text.exit_process
                0x0000487c       0xb0 contiki-srf06-cc26xx.a(process.o)
 .text.call_process.part.0
                0x0000492c       0x38 contiki-srf06-cc26xx.a(process.o)
 .text.do_poll  0x00004964       0x3c contiki-srf06-cc26xx.a(process.o)
 .text.process_alloc_event
                0x000049a0       0x10 contiki-srf06-cc26xx.a(process.o)
                0x000049a0                process_alloc_event
 .text.process_start
                0x000049b0       0x48 contiki-srf06-cc26xx.a(process.o)
                0x000049b0                process_start
 .text.process_init
                0x000049f8       0x34 contiki-srf06-cc26xx.a(process.o)
                0x000049f8                process_init
 .text.process_run
                0x00004a2c       0xa8 contiki-srf06-cc26xx.a(process.o)
                0x00004a2c                process_run
 .text.process_nevents
                0x00004ad4       0x14 contiki-srf06-cc26xx.a(process.o)
                0x00004ad4                process_nevents
 .text.process_post
                0x00004ae8       0x40 contiki-srf06-cc26xx.a(process.o)
                0x00004ae8                process_post
 .text.process_post_synch
                0x00004b28       0x18 contiki-srf06-cc26xx.a(process.o)
                0x00004b28                process_post_synch
 .text.process_poll
                0x00004b40       0x18 contiki-srf06-cc26xx.a(process.o)
                0x00004b40                process_poll
 .text.rtimer_init
                0x00004b58        0x4 contiki-srf06-cc26xx.a(rtimer.o)
                0x00004b58                rtimer_init
 .text.rtimer_run_next
                0x00004b5c       0x28 contiki-srf06-cc26xx.a(rtimer.o)
                0x00004b5c                rtimer_run_next
 .text.timer_set
                0x00004b84       0x10 contiki-srf06-cc26xx.a(timer.o)
                0x00004b84                timer_set
 .text.timer_reset
                0x00004b94        0xc contiki-srf06-cc26xx.a(timer.o)
                0x00004b94                timer_reset
 .text.timer_restart
                0x00004ba0        0xc contiki-srf06-cc26xx.a(timer.o)
                0x00004ba0                timer_restart
 .text.timer_expired
                0x00004bac       0x1c contiki-srf06-cc26xx.a(timer.o)
                0x00004bac                timer_expired
 .text.process_thread_serial_line_process
                0x00004bc8       0xa8 contiki-srf06-cc26xx.a(serial-line.o)
 .text.serial_line_init
                0x00004c70       0x24 contiki-srf06-cc26xx.a(serial-line.o)
                0x00004c70                serial_line_init
 .text.list_init
                0x00004c94        0x8 contiki-srf06-cc26xx.a(list.o)
                0x00004c94                list_init
 .text.list_head
                0x00004c9c        0x4 contiki-srf06-cc26xx.a(list.o)
                0x00004c9c                list_head
 .text.list_add
                0x00004ca0       0x5c contiki-srf06-cc26xx.a(list.o)
                0x00004ca0                list_add
 .text.list_push
                0x00004cfc       0x48 contiki-srf06-cc26xx.a(list.o)
                0x00004cfc                list_push
 .text.list_remove
                0x00004d44       0x38 contiki-srf06-cc26xx.a(list.o)
                0x00004d44                list_remove
 .text.list_length
                0x00004d7c       0x14 contiki-srf06-cc26xx.a(list.o)
                0x00004d7c                list_length
 .text.list_item_next
                0x00004d90        0x8 contiki-srf06-cc26xx.a(list.o)
                0x00004d90                list_item_next
 .text.ringbuf_init
                0x00004d98       0x10 contiki-srf06-cc26xx.a(ringbuf.o)
                0x00004d98                ringbuf_init
 .text.ringbuf_get
                0x00004da8       0x24 contiki-srf06-cc26xx.a(ringbuf.o)
                0x00004da8                ringbuf_get
 .text.chksum   0x00004dcc       0x50 contiki-srf06-cc26xx.a(uip6.o)
 .text.upper_layer_chksum
                0x00004e1c       0x58 contiki-srf06-cc26xx.a(uip6.o)
 .text.ext_hdr_options_process
                0x00004e74       0xd4 contiki-srf06-cc26xx.a(uip6.o)
 .text.uip_icmp6chksum
                0x00004f48        0x8 contiki-srf06-cc26xx.a(uip6.o)
                0x00004f48                uip_icmp6chksum
 .text.uip_init
                0x00004f50       0x30 contiki-srf06-cc26xx.a(uip6.o)
                0x00004f50                uip_init
 .text.remove_ext_hdr
                0x00004f80       0x54 contiki-srf06-cc26xx.a(uip6.o)
                0x00004f80                remove_ext_hdr
 .text.uip_udp_new
                0x00004fd4       0x90 contiki-srf06-cc26xx.a(uip6.o)
                0x00004fd4                uip_udp_new
 .text.uip_process
                0x00005064      0x540 contiki-srf06-cc26xx.a(uip6.o)
                0x00005064                uip_process
 .text.uip_htons
                0x000055a4        0x8 contiki-srf06-cc26xx.a(uip6.o)
                0x000055a4                uip_htons
 .text.uip_htonl
                0x000055ac       0x14 contiki-srf06-cc26xx.a(uip6.o)
                0x000055ac                uip_htonl
 .text.uip_nd6_init
                0x000055c0        0x4 contiki-srf06-cc26xx.a(uip-nd6.o)
                0x000055c0                uip_nd6_init
 .text.sicslowpan_init
                0x000055c4       0x24 contiki-srf06-cc26xx.a(sicslowpan.o)
                0x000055c4                sicslowpan_init
 .text.compress_addr_64
                0x000055e8       0x9c contiki-srf06-cc26xx.a(sicslowpan.o)
 .text.set_packet_attrs
                0x00005684       0x50 contiki-srf06-cc26xx.a(sicslowpan.o)
 .text.addr_context_lookup_by_prefix
                0x000056d4       0x28 contiki-srf06-cc26xx.a(sicslowpan.o)
 .text.send_packet
                0x000056fc       0x24 contiki-srf06-cc26xx.a(sicslowpan.o)
 .text.packet_sent
                0x00005720       0x28 contiki-srf06-cc26xx.a(sicslowpan.o)
 .text.store_fragment
                0x00005748       0x68 contiki-srf06-cc26xx.a(sicslowpan.o)
 .text.add_fragment
                0x000057b0      0x17c contiki-srf06-cc26xx.a(sicslowpan.o)
 .text.uncompress_addr
                0x0000592c       0xb8 contiki-srf06-cc26xx.a(sicslowpan.o)
 .text.input    0x000059e4      0x68c contiki-srf06-cc26xx.a(sicslowpan.o)
 .text.output   0x00006070      0x6fc contiki-srf06-cc26xx.a(sicslowpan.o)
 .text.uip_debug_ipaddr_print
                0x0000676c       0xb0 contiki-srf06-cc26xx.a(uip-debug.o)
                0x0000676c                uip_debug_ipaddr_print
 .text.tcpip_set_outputfunc
                0x0000681c        0xc contiki-srf06-cc26xx.a(tcpip.o)
                0x0000681c                tcpip_set_outputfunc
 .text.udp_new  0x00006828       0x18 contiki-srf06-cc26xx.a(tcpip.o)
                0x00006828                udp_new
 .text.tcpip_icmp6_call
                0x00006840       0x28 contiki-srf06-cc26xx.a(tcpip.o)
                0x00006840                tcpip_icmp6_call
 .text.tcpip_input
                0x00006868       0x24 contiki-srf06-cc26xx.a(tcpip.o)
                0x00006868                tcpip_input
 .text.tcpip_ipv6_output
                0x0000688c       0xbc contiki-srf06-cc26xx.a(tcpip.o)
                0x0000688c                tcpip_ipv6_output
 .text.process_thread_tcpip_process
                0x00006948       0xe0 contiki-srf06-cc26xx.a(tcpip.o)
 .text.tcpip_uipcall
                0x00006a28       0x2c contiki-srf06-cc26xx.a(tcpip.o)
                0x00006a28                tcpip_uipcall
 .text.process_thread_simple_udp_process
                0x00006a54       0xb0 contiki-srf06-cc26xx.a(simple-udp.o)
 .text.simple_udp_send
                0x00006b04       0x24 contiki-srf06-cc26xx.a(simple-udp.o)
                0x00006b04                simple_udp_send
 .text.simple_udp_register
                0x00006b28       0x78 contiki-srf06-cc26xx.a(simple-udp.o)
                0x00006b28                simple_udp_register
 .text.update_hbh_header
                0x00006ba0       0xd0 contiki-srf06-cc26xx.a(rpl-ext-header.)
 .text.insert_hbh_header.isra.0
                0x00006c70       0xb0 contiki-srf06-cc26xx.a(rpl-ext-header.)
 .text.rpl_verify_hbh_header
                0x00006d20       0xf0 contiki-srf06-cc26xx.a(rpl-ext-header.)
                0x00006d20                rpl_verify_hbh_header
 .text.rpl_remove_header
                0x00006e10       0x80 contiki-srf06-cc26xx.a(rpl-ext-header.)
                0x00006e10                rpl_remove_header
 .text.rpl_update_header
                0x00006e90       0x68 contiki-srf06-cc26xx.a(rpl-ext-header.)
                0x00006e90                rpl_update_header
 .text.rpl_get_mode
                0x00006ef8        0xc contiki-srf06-cc26xx.a(rpl.o)
                0x00006ef8                rpl_get_mode
 .text.rpl_purge_routes
                0x00006f04       0x7c contiki-srf06-cc26xx.a(rpl.o)
                0x00006f04                rpl_purge_routes
 .text.rpl_remove_routes
                0x00006f80       0x24 contiki-srf06-cc26xx.a(rpl.o)
                0x00006f80                rpl_remove_routes
 .text.rpl_remove_routes_by_nexthop
                0x00006fa4       0x34 contiki-srf06-cc26xx.a(rpl.o)
                0x00006fa4                rpl_remove_routes_by_nexthop
 .text.rpl_add_route
                0x00006fd8       0x34 contiki-srf06-cc26xx.a(rpl.o)
                0x00006fd8                rpl_add_route
 .text.rpl_link_neighbor_callback
                0x0000700c       0x60 contiki-srf06-cc26xx.a(rpl.o)
                0x0000700c                rpl_link_neighbor_callback
 .text.rpl_ipv6_neighbor_callback
                0x0000706c       0x30 contiki-srf06-cc26xx.a(rpl.o)
                0x0000706c                rpl_ipv6_neighbor_callback
 .text.rpl_purge_dags
                0x0000709c       0x40 contiki-srf06-cc26xx.a(rpl.o)
                0x0000709c                rpl_purge_dags
 .text.rpl_init
                0x000070dc       0x4c contiki-srf06-cc26xx.a(rpl.o)
                0x000070dc                rpl_init
 .text.dao_ack_input
                0x00007128       0x14 contiki-srf06-cc26xx.a(rpl-icmp6.o)
 .text.dao_output_target_seq
                0x0000713c      0x120 contiki-srf06-cc26xx.a(rpl-icmp6.o)
 .text.dio_input
                0x0000725c      0x2a8 contiki-srf06-cc26xx.a(rpl-icmp6.o)
 .text.rpl_icmp6_update_nbr_table
                0x00007504       0x38 contiki-srf06-cc26xx.a(rpl-icmp6.o)
                0x00007504                rpl_icmp6_update_nbr_table
 .text.dao_input
                0x0000753c      0x2c0 contiki-srf06-cc26xx.a(rpl-icmp6.o)
 .text.dis_output
                0x000077fc       0x58 contiki-srf06-cc26xx.a(rpl-icmp6.o)
                0x000077fc                dis_output
 .text.dio_output
                0x00007854      0x2b0 contiki-srf06-cc26xx.a(rpl-icmp6.o)
                0x00007854                dio_output
 .text.dis_input
                0x00007b04       0x54 contiki-srf06-cc26xx.a(rpl-icmp6.o)
 .text.dao_output
                0x00007b58       0x90 contiki-srf06-cc26xx.a(rpl-icmp6.o)
                0x00007b58                dao_output
 .text.dao_output_target
                0x00007be8        0xc contiki-srf06-cc26xx.a(rpl-icmp6.o)
                0x00007be8                dao_output_target
 .text.rpl_icmp6_register_handlers
                0x00007bf4       0x30 contiki-srf06-cc26xx.a(rpl-icmp6.o)
                0x00007bf4                rpl_icmp6_register_handlers
 .text.rpl_set_preferred_parent
                0x00007c24       0x2c contiki-srf06-cc26xx.a(rpl-dag.o)
 .text.set_ip_from_prefix
                0x00007c50       0x24 contiki-srf06-cc26xx.a(rpl-dag.o)
 .text.check_prefix
                0x00007c74       0x78 contiki-srf06-cc26xx.a(rpl-dag.o)
 .text.find_parent_any_dag_any_instance
                0x00007cec       0x1c contiki-srf06-cc26xx.a(rpl-dag.o)
 .text.lollipop_greater_than
                0x00007d08       0x3c contiki-srf06-cc26xx.a(rpl-dag.o)
 .text.rpl_dag_init
                0x00007d44       0x14 contiki-srf06-cc26xx.a(rpl-dag.o)
                0x00007d44                rpl_dag_init
 .text.rpl_get_parent
                0x00007d58       0x10 contiki-srf06-cc26xx.a(rpl-dag.o)
                0x00007d58                rpl_get_parent
 .text.rpl_rank_via_parent
                0x00007d68       0x1c contiki-srf06-cc26xx.a(rpl-dag.o)
                0x00007d68                rpl_rank_via_parent
 .text.rpl_get_parent_ipaddr
                0x00007d84       0x18 contiki-srf06-cc26xx.a(rpl-dag.o)
                0x00007d84                rpl_get_parent_ipaddr
 .text.rpl_get_parent_link_stats
                0x00007d9c       0x18 contiki-srf06-cc26xx.a(rpl-dag.o)
                0x00007d9c                rpl_get_parent_link_stats
 .text.best_parent
                0x00007db4       0x8c contiki-srf06-cc26xx.a(rpl-dag.o)
 .text.rpl_parent_is_fresh
                0x00007e40       0x10 contiki-srf06-cc26xx.a(rpl-dag.o)
                0x00007e40                rpl_parent_is_fresh
 .text.rpl_parent_is_reachable
                0x00007e50       0x40 contiki-srf06-cc26xx.a(rpl-dag.o)
                0x00007e50                rpl_parent_is_reachable
 .text.rpl_repair_root
                0x00007e90       0x60 contiki-srf06-cc26xx.a(rpl-dag.o)
                0x00007e90                rpl_repair_root
 .text.rpl_set_prefix
                0x00007ef0       0x94 contiki-srf06-cc26xx.a(rpl-dag.o)
                0x00007ef0                rpl_set_prefix
 .text.rpl_set_default_route
                0x00007f84       0x30 contiki-srf06-cc26xx.a(rpl-dag.o)
                0x00007f84                rpl_set_default_route
 .text.rpl_alloc_instance
                0x00007fb4       0x34 contiki-srf06-cc26xx.a(rpl-dag.o)
                0x00007fb4                rpl_alloc_instance
 .text.rpl_alloc_dag
                0x00007fe8       0x5c contiki-srf06-cc26xx.a(rpl-dag.o)
                0x00007fe8                rpl_alloc_dag
 .text.rpl_add_parent
                0x00008044       0x30 contiki-srf06-cc26xx.a(rpl-dag.o)
                0x00008044                rpl_add_parent
 .text.rpl_find_parent
                0x00008074       0x18 contiki-srf06-cc26xx.a(rpl-dag.o)
                0x00008074                rpl_find_parent
 .text.rpl_find_parent_any_dag
                0x0000808c       0x20 contiki-srf06-cc26xx.a(rpl-dag.o)
                0x0000808c                rpl_find_parent_any_dag
 .text.rpl_select_parent
                0x000080ac       0x58 contiki-srf06-cc26xx.a(rpl-dag.o)
                0x000080ac                rpl_select_parent
 .text.rpl_select_dag
                0x00008104      0x184 contiki-srf06-cc26xx.a(rpl-dag.o)
                0x00008104                rpl_select_dag
 .text.rpl_nullify_parent
                0x00008288       0x58 contiki-srf06-cc26xx.a(rpl-dag.o)
                0x00008288                rpl_nullify_parent
 .text.rpl_remove_parent
                0x000082e0       0x1c contiki-srf06-cc26xx.a(rpl-dag.o)
                0x000082e0                rpl_remove_parent
 .text.nbr_callback
                0x000082fc        0x4 contiki-srf06-cc26xx.a(rpl-dag.o)
 .text.remove_parents.constprop.7
                0x00008300       0x48 contiki-srf06-cc26xx.a(rpl-dag.o)
 .text.rpl_free_dag
                0x00008348       0x3c contiki-srf06-cc26xx.a(rpl-dag.o)
                0x00008348                rpl_free_dag
 .text.rpl_move_parent
                0x00008384       0x58 contiki-srf06-cc26xx.a(rpl-dag.o)
                0x00008384                rpl_move_parent
 .text.rpl_get_any_dag
                0x000083dc       0x18 contiki-srf06-cc26xx.a(rpl-dag.o)
                0x000083dc                rpl_get_any_dag
 .text.rpl_get_instance
                0x000083f4       0x20 contiki-srf06-cc26xx.a(rpl-dag.o)
                0x000083f4                rpl_get_instance
 .text.rpl_join_instance
                0x00008414      0x14c contiki-srf06-cc26xx.a(rpl-dag.o)
                0x00008414                rpl_join_instance
 .text.rpl_local_repair
                0x00008560       0x88 contiki-srf06-cc26xx.a(rpl-dag.o)
                0x00008560                rpl_local_repair
 .text.rpl_process_parent_event
                0x000085e8       0x9c contiki-srf06-cc26xx.a(rpl-dag.o)
                0x000085e8                rpl_process_parent_event
 .text.rpl_add_dag
                0x00008684      0x14c contiki-srf06-cc26xx.a(rpl-dag.o)
                0x00008684                rpl_add_dag
 .text.rpl_recalculate_ranks
                0x000087d0       0x50 contiki-srf06-cc26xx.a(rpl-dag.o)
                0x000087d0                rpl_recalculate_ranks
 .text.rpl_process_dio
                0x00008820      0x330 contiki-srf06-cc26xx.a(rpl-dag.o)
                0x00008820                rpl_process_dio
 .text.NOROM_SetupGetTrimForXoscHfCtl.part.3
                0x00008b50       0x20 contiki-srf06-cc26xx.a(setup.o)
 .text.NOROM_SetupGetTrimForRadcExtCfg.part.4
                0x00008b70       0x1c contiki-srf06-cc26xx.a(setup.o)
 .text.NOROM_SetupAfterColdResetWakeupFromShutDownCfg1
                0x00008b8c       0x7c contiki-srf06-cc26xx.a(setup.o)
                0x00008b8c                NOROM_SetupAfterColdResetWakeupFromShutDownCfg1
 .text.NOROM_SetupAfterColdResetWakeupFromShutDownCfg3
                0x00008c08      0x1a0 contiki-srf06-cc26xx.a(setup.o)
                0x00008c08                NOROM_SetupAfterColdResetWakeupFromShutDownCfg3
 .text.NOROM_SetupGetTrimForAnabypassValue1
                0x00008da8       0x64 contiki-srf06-cc26xx.a(setup.o)
                0x00008da8                NOROM_SetupGetTrimForAnabypassValue1
 .text.NOROM_SetupGetTrimForAmpcompCtrl
                0x00008e0c       0x74 contiki-srf06-cc26xx.a(setup.o)
                0x00008e0c                NOROM_SetupGetTrimForAmpcompCtrl
 .text.NOROM_SetupAfterColdResetWakeupFromShutDownCfg2
                0x00008e80      0x194 contiki-srf06-cc26xx.a(setup.o)
                0x00008e80                NOROM_SetupAfterColdResetWakeupFromShutDownCfg2
 .text.TrimAfterColdResetWakeupFromShutDown
                0x00009014       0xe4 contiki-srf06-cc26xx.a(setup.o)
 .text.NOROM_SetupSignExtendVddrTrimValue
                0x000090f8        0x8 contiki-srf06-cc26xx.a(setup.o)
                0x000090f8                NOROM_SetupSignExtendVddrTrimValue
 .text.NOROM_SetupSetCacheModeAccordingToCcfgSetting
                0x00009100       0x68 contiki-srf06-cc26xx.a(setup.o)
                0x00009100                NOROM_SetupSetCacheModeAccordingToCcfgSetting
 .text.NOROM_SetupTrimDevice
                0x00009168       0xa4 contiki-srf06-cc26xx.a(setup.o)
                0x00009168                NOROM_SetupTrimDevice
 .text.NOROM_AUXADCDisable
                0x0000920c       0x80 contiki-srf06-cc26xx.a(aux_adc.o)
                0x0000920c                NOROM_AUXADCDisable
 .text.NOROM_AUXADCEnableSync
                0x0000928c       0xbc contiki-srf06-cc26xx.a(aux_adc.o)
                0x0000928c                NOROM_AUXADCEnableSync
 .text.NOROM_AUXADCReadFifo
                0x00009348       0x18 contiki-srf06-cc26xx.a(aux_adc.o)
                0x00009348                NOROM_AUXADCReadFifo
 .text.NOROM_SysCtrlSetRechargeBeforePowerDown
                0x00009360      0x25c contiki-srf06-cc26xx.a(sys_ctrl.o)
                0x00009360                NOROM_SysCtrlSetRechargeBeforePowerDown
 .text.NOROM_SysCtrlAdjustRechargeAfterPowerDown
                0x000095bc       0x70 contiki-srf06-cc26xx.a(sys_ctrl.o)
                0x000095bc                NOROM_SysCtrlAdjustRechargeAfterPowerDown
 .text.NOROM_SysCtrl_DCDC_VoltageConditionalControl
                0x0000962c       0x7c contiki-srf06-cc26xx.a(sys_ctrl.o)
                0x0000962c                NOROM_SysCtrl_DCDC_VoltageConditionalControl
 .text.NOROM_ChipInfo_GetChipFamily
                0x000096a8       0x4c contiki-srf06-cc26xx.a(chipinfo.o)
                0x000096a8                NOROM_ChipInfo_GetChipFamily
 .text.NOROM_ChipInfo_GetChipType
                0x000096f4       0x50 contiki-srf06-cc26xx.a(chipinfo.o)
                0x000096f4                NOROM_ChipInfo_GetChipType
 .text.NOROM_ChipInfo_GetHwRevision
                0x00009744       0x6c contiki-srf06-cc26xx.a(chipinfo.o)
                0x00009744                NOROM_ChipInfo_GetHwRevision
 .text.NOROM_ThisCodeIsBuiltForCC26xxHwRev22AndLater_HaltIfViolated
                0x000097b0       0x14 contiki-srf06-cc26xx.a(chipinfo.o)
                0x000097b0                NOROM_ThisCodeIsBuiltForCC26xxHwRev22AndLater_HaltIfViolated
 .text.SafeHapiVoid
                0x000097c4       0x2c contiki-srf06-cc26xx.a(adi.o)
                0x000097c4                SafeHapiVoid
 .text.SafeHapiAuxAdiSelect
                0x000097f0       0x30 contiki-srf06-cc26xx.a(adi.o)
                0x000097f0                SafeHapiAuxAdiSelect
 .text.NOROM_PowerCtrlSourceSet
                0x00009820       0x30 contiki-srf06-cc26xx.a(pwr_ctrl.o)
                0x00009820                NOROM_PowerCtrlSourceSet
 .text.NOROM_CPUcpsid
                0x00009850        0x8 contiki-srf06-cc26xx.a(cpu.o)
                0x00009850                NOROM_CPUcpsid
 .text.NOROM_CPUcpsie
                0x00009858        0x8 contiki-srf06-cc26xx.a(cpu.o)
                0x00009858                NOROM_CPUcpsie
 .text.NOROM_TRNGConfigure
                0x00009860       0x38 contiki-srf06-cc26xx.a(trng.o)
                0x00009860                NOROM_TRNGConfigure
 .text.NOROM_DDI32RegWrite
                0x00009898       0x34 contiki-srf06-cc26xx.a(ddi.o)
                0x00009898                NOROM_DDI32RegWrite
 .text.NOROM_DDI16BitfieldWrite
                0x000098cc       0x4c contiki-srf06-cc26xx.a(ddi.o)
                0x000098cc                NOROM_DDI16BitfieldWrite
 .text.NOROM_DDI16BitfieldRead
                0x00009918       0x4c contiki-srf06-cc26xx.a(ddi.o)
                0x00009918                NOROM_DDI16BitfieldRead
 .text.NOROM_AONRTCCurrentCompareValueGet
                0x00009964       0x24 contiki-srf06-cc26xx.a(aon_rtc.o)
                0x00009964                NOROM_AONRTCCurrentCompareValueGet
 .text.NOROM_OSCClockSourceSet
                0x00009988       0x50 contiki-srf06-cc26xx.a(osc.o)
                0x00009988                NOROM_OSCClockSourceSet
 .text.NOROM_OSCClockSourceGet
                0x000099d8       0x20 contiki-srf06-cc26xx.a(osc.o)
                0x000099d8                NOROM_OSCClockSourceGet
 .text.queuebuf_init
                0x000099f8       0x1c contiki-srf06-cc26xx.a(queuebuf.o)
                0x000099f8                queuebuf_init
 .text.queuebuf_numfree
                0x00009a14        0xc contiki-srf06-cc26xx.a(queuebuf.o)
                0x00009a14                queuebuf_numfree
 .text.queuebuf_new_from_packetbuf
                0x00009a20       0x48 contiki-srf06-cc26xx.a(queuebuf.o)
                0x00009a20                queuebuf_new_from_packetbuf
 .text.queuebuf_free
                0x00009a68       0x2c contiki-srf06-cc26xx.a(queuebuf.o)
                0x00009a68                queuebuf_free
 .text.queuebuf_to_packetbuf
                0x00009a94       0x30 contiki-srf06-cc26xx.a(queuebuf.o)
                0x00009a94                queuebuf_to_packetbuf
 .text.index_from_lladdr
                0x00009ac4       0x50 contiki-srf06-cc26xx.a(nbr-table.o)
 .text.remove_key
                0x00009b14       0x9c contiki-srf06-cc26xx.a(nbr-table.o)
 .text.nbr_table_register
                0x00009bb0       0x2c contiki-srf06-cc26xx.a(nbr-table.o)
                0x00009bb0                nbr_table_register
 .text.nbr_table_next
                0x00009bdc       0x7c contiki-srf06-cc26xx.a(nbr-table.o)
                0x00009bdc                nbr_table_next
 .text.nbr_table_head
                0x00009c58       0x70 contiki-srf06-cc26xx.a(nbr-table.o)
                0x00009c58                nbr_table_head
 .text.nbr_table_add_lladdr
                0x00009cc8      0x15c contiki-srf06-cc26xx.a(nbr-table.o)
                0x00009cc8                nbr_table_add_lladdr
 .text.nbr_table_get_from_lladdr
                0x00009e24       0x44 contiki-srf06-cc26xx.a(nbr-table.o)
                0x00009e24                nbr_table_get_from_lladdr
 .text.nbr_table_remove
                0x00009e68       0x5c contiki-srf06-cc26xx.a(nbr-table.o)
                0x00009e68                nbr_table_remove
 .text.nbr_table_lock
                0x00009ec4       0x34 contiki-srf06-cc26xx.a(nbr-table.o)
                0x00009ec4                nbr_table_lock
 .text.nbr_table_unlock
                0x00009ef8       0x38 contiki-srf06-cc26xx.a(nbr-table.o)
                0x00009ef8                nbr_table_unlock
 .text.nbr_table_get_lladdr
                0x00009f30       0x30 contiki-srf06-cc26xx.a(nbr-table.o)
                0x00009f30                nbr_table_get_lladdr
 .text.packetbuf_copyto
                0x00009f60       0x50 contiki-srf06-cc26xx.a(packetbuf.o)
                0x00009f60                packetbuf_copyto
 .text.packetbuf_hdralloc
                0x00009fb0       0x54 contiki-srf06-cc26xx.a(packetbuf.o)
                0x00009fb0                packetbuf_hdralloc
 .text.packetbuf_hdrreduce
                0x0000a004       0x2c contiki-srf06-cc26xx.a(packetbuf.o)
                0x0000a004                packetbuf_hdrreduce
 .text.packetbuf_set_datalen
                0x0000a030        0xc contiki-srf06-cc26xx.a(packetbuf.o)
                0x0000a030                packetbuf_set_datalen
 .text.packetbuf_dataptr
                0x0000a03c       0x20 contiki-srf06-cc26xx.a(packetbuf.o)
                0x0000a03c                packetbuf_dataptr
 .text.packetbuf_hdrptr
                0x0000a05c        0x8 contiki-srf06-cc26xx.a(packetbuf.o)
                0x0000a05c                packetbuf_hdrptr
 .text.packetbuf_datalen
                0x0000a064        0xc contiki-srf06-cc26xx.a(packetbuf.o)
                0x0000a064                packetbuf_datalen
 .text.packetbuf_totlen
                0x0000a070       0x24 contiki-srf06-cc26xx.a(packetbuf.o)
                0x0000a070                packetbuf_totlen
 .text.packetbuf_attr_clear
                0x0000a094       0x34 contiki-srf06-cc26xx.a(packetbuf.o)
                0x0000a094                packetbuf_attr_clear
 .text.packetbuf_clear
                0x0000a0c8       0x20 contiki-srf06-cc26xx.a(packetbuf.o)
                0x0000a0c8                packetbuf_clear
 .text.packetbuf_copyfrom
                0x0000a0e8       0x40 contiki-srf06-cc26xx.a(packetbuf.o)
                0x0000a0e8                packetbuf_copyfrom
 .text.packetbuf_attr_copyto
                0x0000a128       0x44 contiki-srf06-cc26xx.a(packetbuf.o)
                0x0000a128                packetbuf_attr_copyto
 .text.packetbuf_attr_copyfrom
                0x0000a16c       0x44 contiki-srf06-cc26xx.a(packetbuf.o)
                0x0000a16c                packetbuf_attr_copyfrom
 .text.packetbuf_set_attr
                0x0000a1b0       0x10 contiki-srf06-cc26xx.a(packetbuf.o)
                0x0000a1b0                packetbuf_set_attr
 .text.packetbuf_attr
                0x0000a1c0        0xc contiki-srf06-cc26xx.a(packetbuf.o)
                0x0000a1c0                packetbuf_attr
 .text.packetbuf_set_addr
                0x0000a1cc       0x18 contiki-srf06-cc26xx.a(packetbuf.o)
                0x0000a1cc                packetbuf_set_addr
 .text.packetbuf_addr
                0x0000a1e4       0x10 contiki-srf06-cc26xx.a(packetbuf.o)
                0x0000a1e4                packetbuf_addr
 .text.packetbuf_holds_broadcast
                0x0000a1f4       0x10 contiki-srf06-cc26xx.a(packetbuf.o)
                0x0000a1f4                packetbuf_holds_broadcast
 .text.netstack_init
                0x0000a204       0x38 contiki-srf06-cc26xx.a(netstack.o)
                0x0000a204                netstack_init
 .text.linkaddr_copy
                0x0000a23c        0xc contiki-srf06-cc26xx.a(linkaddr.o)
                0x0000a23c                linkaddr_copy
 .text.linkaddr_cmp
                0x0000a248       0x10 contiki-srf06-cc26xx.a(linkaddr.o)
                0x0000a248                linkaddr_cmp
 .text.periodic
                0x0000a258       0x2c contiki-srf06-cc26xx.a(link-stats.o)
 .text.link_stats_from_lladdr
                0x0000a284        0xc contiki-srf06-cc26xx.a(link-stats.o)
                0x0000a284                link_stats_from_lladdr
 .text.link_stats_is_fresh
                0x0000a290       0x28 contiki-srf06-cc26xx.a(link-stats.o)
                0x0000a290                link_stats_is_fresh
 .text.link_stats_packet_sent
                0x0000a2b8       0xcc contiki-srf06-cc26xx.a(link-stats.o)
                0x0000a2b8                link_stats_packet_sent
 .text.link_stats_input_callback
                0x0000a384       0x5c contiki-srf06-cc26xx.a(link-stats.o)
                0x0000a384                link_stats_input_callback
 .text.link_stats_init
                0x0000a3e0       0x28 contiki-srf06-cc26xx.a(link-stats.o)
                0x0000a3e0                link_stats_init
 .text.send_packet
                0x0000a408        0xc contiki-srf06-cc26xx.a(nullmac.o)
 .text.packet_input
                0x0000a414        0xc contiki-srf06-cc26xx.a(nullmac.o)
 .text.on       0x0000a420        0xc contiki-srf06-cc26xx.a(nullmac.o)
 .text.off      0x0000a42c        0xc contiki-srf06-cc26xx.a(nullmac.o)
 .text.channel_check_interval
                0x0000a438        0x4 contiki-srf06-cc26xx.a(nullmac.o)
 .text.init     0x0000a43c        0x4 contiki-srf06-cc26xx.a(nullmac.o)
 .text.parse    0x0000a440       0xa0 contiki-srf06-cc26xx.a(framer-802154.o)
 .text.create_frame.isra.0
                0x0000a4e0      0x140 contiki-srf06-cc26xx.a(framer-802154.o)
 .text.create   0x0000a620        0x8 contiki-srf06-cc26xx.a(framer-802154.o)
 .text.hdr_length
                0x0000a628        0x8 contiki-srf06-cc26xx.a(framer-802154.o)
 .text.on       0x0000a630        0xc contiki-srf06-cc26xx.a(nullrdc.o)
 .text.channel_check_interval
                0x0000a63c        0x4 contiki-srf06-cc26xx.a(nullrdc.o)
 .text.init     0x0000a640        0xc contiki-srf06-cc26xx.a(nullrdc.o)
 .text.send_one_packet
                0x0000a64c      0x118 contiki-srf06-cc26xx.a(nullrdc.o)
 .text.send_list
                0x0000a764       0x28 contiki-srf06-cc26xx.a(nullrdc.o)
 .text.send_packet
                0x0000a78c        0x4 contiki-srf06-cc26xx.a(nullrdc.o)
 .text.off      0x0000a790       0x1c contiki-srf06-cc26xx.a(nullrdc.o)
 .text.packet_input
                0x0000a7ac       0x54 contiki-srf06-cc26xx.a(nullrdc.o)
 .text.init     0x0000a800        0x4 contiki-srf06-cc26xx.a(nullsec.o)
 .text.input    0x0000a804        0xc contiki-srf06-cc26xx.a(nullsec.o)
 .text.send     0x0000a810       0x20 contiki-srf06-cc26xx.a(nullsec.o)
 .text.rtimer_arch_init
                0x0000a830        0x4 contiki-srf06-cc26xx.a(rtimer-arch.o)
                0x0000a830                rtimer_arch_init
 .text.rtimer_arch_schedule
                0x0000a834        0x8 contiki-srf06-cc26xx.a(rtimer-arch.o)
                0x0000a834                rtimer_arch_schedule
 .text.rtimer_arch_now
                0x0000a83c        0x4 contiki-srf06-cc26xx.a(rtimer-arch.o)
                0x0000a83c                rtimer_arch_now
 .text.process_thread_rf_core_process
                0x0000a840       0x58 contiki-srf06-cc26xx.a(rf-core.o)
 .text.rf_core_is_accessible
                0x0000a898       0x10 contiki-srf06-cc26xx.a(rf-core.o)
                0x0000a898                rf_core_is_accessible
 .text.rf_core_send_cmd
                0x0000a8a8       0x94 contiki-srf06-cc26xx.a(rf-core.o)
                0x0000a8a8                rf_core_send_cmd
 .text.rf_core_wait_cmd_done
                0x0000a93c       0x30 contiki-srf06-cc26xx.a(rf-core.o)
                0x0000a93c                rf_core_wait_cmd_done
 .text.rf_core_power_up
                0x0000a96c       0xb4 contiki-srf06-cc26xx.a(rf-core.o)
                0x0000a96c                rf_core_power_up
 .text.rf_core_start_rat
                0x0000aa20       0x68 contiki-srf06-cc26xx.a(rf-core.o)
                0x0000aa20                rf_core_start_rat
 .text.rf_core_stop_rat
                0x0000aa88       0x7c contiki-srf06-cc26xx.a(rf-core.o)
                0x0000aa88                rf_core_stop_rat
 .text.rf_core_power_down
                0x0000ab04       0xec contiki-srf06-cc26xx.a(rf-core.o)
                0x0000ab04                rf_core_power_down
 .text.rf_core_set_modesel
                0x0000abf0       0x38 contiki-srf06-cc26xx.a(rf-core.o)
                0x0000abf0                rf_core_set_modesel
 .text.rf_core_boot
                0x0000ac28       0x1c contiki-srf06-cc26xx.a(rf-core.o)
                0x0000ac28                rf_core_boot
 .text.rf_core_restart_rat
                0x0000ac44       0x20 contiki-srf06-cc26xx.a(rf-core.o)
                0x0000ac44                rf_core_restart_rat
 .text.rf_core_setup_interrupts
                0x0000ac64       0x74 contiki-srf06-cc26xx.a(rf-core.o)
                0x0000ac64                rf_core_setup_interrupts
 .text.rf_core_cmd_done_en
                0x0000acd8       0x28 contiki-srf06-cc26xx.a(rf-core.o)
                0x0000acd8                rf_core_cmd_done_en
 .text.rf_core_cmd_done_dis
                0x0000ad00       0x18 contiki-srf06-cc26xx.a(rf-core.o)
                0x0000ad00                rf_core_cmd_done_dis
 .text.rf_core_get_last_radio_op
                0x0000ad18        0xc contiki-srf06-cc26xx.a(rf-core.o)
                0x0000ad18                rf_core_get_last_radio_op
 .text.rf_core_init_radio_op
                0x0000ad24       0x1c contiki-srf06-cc26xx.a(rf-core.o)
                0x0000ad24                rf_core_init_radio_op
 .text.rf_core_primary_mode_register
                0x0000ad40        0xc contiki-srf06-cc26xx.a(rf-core.o)
                0x0000ad40                rf_core_primary_mode_register
 .text.RFCCPE1IntHandler
                0x0000ad4c       0x28 contiki-srf06-cc26xx.a(rf-core.o)
                0x0000ad4c                RFCCPE1IntHandler
 .text.RFCCPE0IntHandler
                0x0000ad74       0x5c contiki-srf06-cc26xx.a(rf-core.o)
                0x0000ad74                RFCCPE0IntHandler
 .text.rf_ble_is_active
                0x0000add0        0xc contiki-srf06-cc26xx.a(rf-ble.o)
                0x0000add0                rf_ble_is_active
 .text.memb_init
                0x0000addc       0x24 contiki-srf06-cc26xx.a(memb.o)
                0x0000addc                memb_init
 .text.memb_alloc
                0x0000ae00       0x3c contiki-srf06-cc26xx.a(memb.o)
                0x0000ae00                memb_alloc
 .text.memb_free
                0x0000ae3c       0x3c contiki-srf06-cc26xx.a(memb.o)
                0x0000ae3c                memb_free
 .text.memb_inmemb
                0x0000ae78       0x1c contiki-srf06-cc26xx.a(memb.o)
                0x0000ae78                memb_inmemb
 .text.memb_numfree
                0x0000ae94       0x1c contiki-srf06-cc26xx.a(memb.o)
                0x0000ae94                memb_numfree
 .text.echo_reply_input
                0x0000aeb0       0xac contiki-srf06-cc26xx.a(uip-icmp6.o)
 .text.echo_request_input
                0x0000af5c       0xb0 contiki-srf06-cc26xx.a(uip-icmp6.o)
 .text.uip_icmp6_input
                0x0000b00c       0x3c contiki-srf06-cc26xx.a(uip-icmp6.o)
                0x0000b00c                uip_icmp6_input
 .text.uip_icmp6_register_input_handler
                0x0000b048        0xc contiki-srf06-cc26xx.a(uip-icmp6.o)
                0x0000b048                uip_icmp6_register_input_handler
 .text.uip_icmp6_error_output
                0x0000b054      0x158 contiki-srf06-cc26xx.a(uip-icmp6.o)
                0x0000b054                uip_icmp6_error_output
 .text.uip_icmp6_send
                0x0000b1ac       0x80 contiki-srf06-cc26xx.a(uip-icmp6.o)
                0x0000b1ac                uip_icmp6_send
 .text.uip_icmp6_init
                0x0000b22c       0x24 contiki-srf06-cc26xx.a(uip-icmp6.o)
                0x0000b22c                uip_icmp6_init
 .text.uip_ds6_list_loop
                0x0000b250       0x5c contiki-srf06-cc26xx.a(uip-ds6.o)
                0x0000b250                uip_ds6_list_loop
 .text.uip_ds6_prefix_add
                0x0000b2ac       0x6c contiki-srf06-cc26xx.a(uip-ds6.o)
                0x0000b2ac                uip_ds6_prefix_add
 .text.uip_ds6_is_addr_onlink
                0x0000b318       0x40 contiki-srf06-cc26xx.a(uip-ds6.o)
                0x0000b318                uip_ds6_is_addr_onlink
 .text.uip_ds6_addr_lookup
                0x0000b358       0x30 contiki-srf06-cc26xx.a(uip-ds6.o)
                0x0000b358                uip_ds6_addr_lookup
 .text.uip_ds6_get_link_local
                0x0000b388       0x50 contiki-srf06-cc26xx.a(uip-ds6.o)
                0x0000b388                uip_ds6_get_link_local
 .text.uip_ds6_maddr_add
                0x0000b3d8       0x50 contiki-srf06-cc26xx.a(uip-ds6.o)
                0x0000b3d8                uip_ds6_maddr_add
 .text.uip_ds6_addr_add
                0x0000b428       0xa8 contiki-srf06-cc26xx.a(uip-ds6.o)
                0x0000b428                uip_ds6_addr_add
 .text.uip_ds6_maddr_lookup
                0x0000b4d0       0x30 contiki-srf06-cc26xx.a(uip-ds6.o)
                0x0000b4d0                uip_ds6_maddr_lookup
 .text.uip_ds6_addr_rm
                0x0000b500       0x48 contiki-srf06-cc26xx.a(uip-ds6.o)
                0x0000b500                uip_ds6_addr_rm
 .text.uip_ds6_periodic
                0x0000b548       0x5c contiki-srf06-cc26xx.a(uip-ds6.o)
                0x0000b548                uip_ds6_periodic
 .text.uip_ds6_select_src
                0x0000b5a4      0x118 contiki-srf06-cc26xx.a(uip-ds6.o)
                0x0000b5a4                uip_ds6_select_src
 .text.uip_ds6_set_addr_iid
                0x0000b6bc       0x14 contiki-srf06-cc26xx.a(uip-ds6.o)
                0x0000b6bc                uip_ds6_set_addr_iid
 .text.uip_ds6_compute_reachable_time
                0x0000b6d0       0x2c contiki-srf06-cc26xx.a(uip-ds6.o)
                0x0000b6d0                uip_ds6_compute_reachable_time
 .text.uip_ds6_init
                0x0000b6fc       0xf8 contiki-srf06-cc26xx.a(uip-ds6.o)
                0x0000b6fc                uip_ds6_init
 .text.call_route_callback
                0x0000b7f4       0x50 contiki-srf06-cc26xx.a(uip-ds6-route.o)
 .text.uip_ds6_route_init
                0x0000b844       0x4c contiki-srf06-cc26xx.a(uip-ds6-route.o)
                0x0000b844                uip_ds6_route_init
 .text.uip_ds6_route_nexthop
                0x0000b890       0x1c contiki-srf06-cc26xx.a(uip-ds6-route.o)
                0x0000b890                uip_ds6_route_nexthop
 .text.uip_ds6_route_head
                0x0000b8ac        0xc contiki-srf06-cc26xx.a(uip-ds6-route.o)
                0x0000b8ac                uip_ds6_route_head
 .text.uip_ds6_route_next
                0x0000b8b8        0x8 contiki-srf06-cc26xx.a(uip-ds6-route.o)
                0x0000b8b8                uip_ds6_route_next
 .text.uip_ds6_route_is_nexthop
                0x0000b8c0       0x20 contiki-srf06-cc26xx.a(uip-ds6-route.o)
                0x0000b8c0                uip_ds6_route_is_nexthop
 .text.uip_ds6_route_lookup
                0x0000b8e0       0x78 contiki-srf06-cc26xx.a(uip-ds6-route.o)
                0x0000b8e0                uip_ds6_route_lookup
 .text.uip_ds6_route_rm
                0x0000b958       0xac contiki-srf06-cc26xx.a(uip-ds6-route.o)
                0x0000b958                uip_ds6_route_rm
 .text.rm_routelist
                0x0000ba04       0x38 contiki-srf06-cc26xx.a(uip-ds6-route.o)
 .text.rm_routelist_callback
                0x0000ba3c        0x4 contiki-srf06-cc26xx.a(uip-ds6-route.o)
 .text.uip_ds6_route_add
                0x0000ba40      0x118 contiki-srf06-cc26xx.a(uip-ds6-route.o)
                0x0000ba40                uip_ds6_route_add
 .text.uip_ds6_defrt_rm
                0x0000bb58       0x48 contiki-srf06-cc26xx.a(uip-ds6-route.o)
                0x0000bb58                uip_ds6_defrt_rm
 .text.uip_ds6_defrt_lookup
                0x0000bba0       0x34 contiki-srf06-cc26xx.a(uip-ds6-route.o)
                0x0000bba0                uip_ds6_defrt_lookup
 .text.uip_ds6_defrt_add
                0x0000bbd4       0x5c contiki-srf06-cc26xx.a(uip-ds6-route.o)
                0x0000bbd4                uip_ds6_defrt_add
 .text.uip_ds6_defrt_choose
                0x0000bc30       0x34 contiki-srf06-cc26xx.a(uip-ds6-route.o)
                0x0000bc30                uip_ds6_defrt_choose
 .text.uip_ds6_defrt_periodic
                0x0000bc64       0x40 contiki-srf06-cc26xx.a(uip-ds6-route.o)
                0x0000bc64                uip_ds6_defrt_periodic
 .text.uip_ds6_nbr_rm
                0x0000bca4       0x20 contiki-srf06-cc26xx.a(uip-ds6-nbr.o)
                0x0000bca4                uip_ds6_nbr_rm
 .text.uip_ds6_neighbors_init
                0x0000bcc4       0x1c contiki-srf06-cc26xx.a(uip-ds6-nbr.o)
                0x0000bcc4                uip_ds6_neighbors_init
 .text.uip_ds6_nbr_add
                0x0000bce0       0x38 contiki-srf06-cc26xx.a(uip-ds6-nbr.o)
                0x0000bce0                uip_ds6_nbr_add
 .text.uip_ds6_nbr_get_ll
                0x0000bd18       0x10 contiki-srf06-cc26xx.a(uip-ds6-nbr.o)
                0x0000bd18                uip_ds6_nbr_get_ll
 .text.uip_ds6_nbr_lookup
                0x0000bd28       0x3c contiki-srf06-cc26xx.a(uip-ds6-nbr.o)
                0x0000bd28                uip_ds6_nbr_lookup
 .text.uip_ds6_nbr_ipaddr_from_lladdr
                0x0000bd64       0x10 contiki-srf06-cc26xx.a(uip-ds6-nbr.o)
                0x0000bd64                uip_ds6_nbr_ipaddr_from_lladdr
 .text.uip_ds6_nbr_lladdr_from_ipaddr
                0x0000bd74       0x1c contiki-srf06-cc26xx.a(uip-ds6-nbr.o)
                0x0000bd74                uip_ds6_nbr_lladdr_from_ipaddr
 .text.uip_ds6_link_neighbor_callback
                0x0000bd90       0x34 contiki-srf06-cc26xx.a(uip-ds6-nbr.o)
                0x0000bd90                uip_ds6_link_neighbor_callback
 .text.uip_udp_packet_send
                0x0000bdc4       0x40 contiki-srf06-cc26xx.a(uip-udp-packet.)
                0x0000bdc4                uip_udp_packet_send
 .text.uip_udp_packet_sendto
                0x0000be04       0x48 contiki-srf06-cc26xx.a(uip-udp-packet.)
                0x0000be04                uip_udp_packet_sendto
 .text.update_nbr
                0x0000be4c      0x110 contiki-srf06-cc26xx.a(rpl-nbr-policy.)
 .text.handle_periodic_timer
                0x0000bf5c       0x14 contiki-srf06-cc26xx.a(rpl-nbr-policy.)
 .text.find_removable_dio
                0x0000bf70       0x40 contiki-srf06-cc26xx.a(rpl-nbr-policy.)
                0x0000bf70                find_removable_dio
 .text.rpl_nbr_policy_find_removable
                0x0000bfb0       0x64 contiki-srf06-cc26xx.a(rpl-nbr-policy.)
                0x0000bfb0                rpl_nbr_policy_find_removable
 .text.new_dio_interval
                0x0000c014       0x60 contiki-srf06-cc26xx.a(rpl-timers.o)
 .text.handle_periodic_timer
                0x0000c074       0x58 contiki-srf06-cc26xx.a(rpl-timers.o)
 .text.set_dao_lifetime_timer
                0x0000c0cc       0x50 contiki-srf06-cc26xx.a(rpl-timers.o)
 .text.handle_unicast_dio_timer
                0x0000c11c       0x1c contiki-srf06-cc26xx.a(rpl-timers.o)
 .text.handle_dio_timer
                0x0000c138       0x8c contiki-srf06-cc26xx.a(rpl-timers.o)
 .text.schedule_dao
                0x0000c1c4       0x54 contiki-srf06-cc26xx.a(rpl-timers.o)
 .text.handle_dao_timer
                0x0000c218       0x5c contiki-srf06-cc26xx.a(rpl-timers.o)
 .text.rpl_reset_periodic_timer
                0x0000c274       0x3c contiki-srf06-cc26xx.a(rpl-timers.o)
                0x0000c274                rpl_reset_periodic_timer
 .text.rpl_reset_dio_timer
                0x0000c2b0       0x1c contiki-srf06-cc26xx.a(rpl-timers.o)
                0x0000c2b0                rpl_reset_dio_timer
 .text.rpl_schedule_dao
                0x0000c2cc        0x8 contiki-srf06-cc26xx.a(rpl-timers.o)
                0x0000c2cc                rpl_schedule_dao
 .text.rpl_schedule_unicast_dio_immediately
                0x0000c2d4       0x14 contiki-srf06-cc26xx.a(rpl-timers.o)
                0x0000c2d4                rpl_schedule_unicast_dio_immediately
 .text.get_probing_delay
                0x0000c2e8       0x4c contiki-srf06-cc26xx.a(rpl-timers.o)
                0x0000c2e8                get_probing_delay
 .text.get_probing_target
                0x0000c334       0xe4 contiki-srf06-cc26xx.a(rpl-timers.o)
                0x0000c334                get_probing_target
 .text.rpl_schedule_probing
                0x0000c418       0x20 contiki-srf06-cc26xx.a(rpl-timers.o)
                0x0000c418                rpl_schedule_probing
 .text.handle_probing_timer
                0x0000c438       0x34 contiki-srf06-cc26xx.a(rpl-timers.o)
 .text.reset    0x0000c46c        0x4 contiki-srf06-cc26xx.a(rpl-mrhof.o)
 .text.update_metric_container
                0x0000c470        0x8 contiki-srf06-cc26xx.a(rpl-mrhof.o)
 .text.parent_link_metric
                0x0000c478       0x14 contiki-srf06-cc26xx.a(rpl-mrhof.o)
 .text.parent_has_usable_link
                0x0000c48c       0x18 contiki-srf06-cc26xx.a(rpl-mrhof.o)
 .text.best_dag
                0x0000c4a4       0x2c contiki-srf06-cc26xx.a(rpl-mrhof.o)
 .text.parent_path_cost
                0x0000c4d0       0x4c contiki-srf06-cc26xx.a(rpl-mrhof.o)
 .text.parent_is_acceptable
                0x0000c51c       0x34 contiki-srf06-cc26xx.a(rpl-mrhof.o)
 .text.rank_via_parent
                0x0000c550       0x3c contiki-srf06-cc26xx.a(rpl-mrhof.o)
 .text.best_parent
                0x0000c58c       0x68 contiki-srf06-cc26xx.a(rpl-mrhof.o)
 .text.NOROM_AONBatMonTemperatureGetDegC
                0x0000c5f4       0x30 contiki-srf06-cc26xx.a(aon_batmon.o)
                0x0000c5f4                NOROM_AONBatMonTemperatureGetDegC
 .text.mac_sequence_is_duplicate
                0x0000c624       0x4c contiki-srf06-cc26xx.a(mac-sequence.o)
                0x0000c624                mac_sequence_is_duplicate
 .text.mac_sequence_register_seqno
                0x0000c670       0x74 contiki-srf06-cc26xx.a(mac-sequence.o)
                0x0000c670                mac_sequence_register_seqno
 .text.frame802154_get_pan_id
                0x0000c6e4        0xc contiki-srf06-cc26xx.a(frame802154.o)
                0x0000c6e4                frame802154_get_pan_id
 .text.frame802154_has_panid
                0x0000c6f0       0x64 contiki-srf06-cc26xx.a(frame802154.o)
                0x0000c6f0                frame802154_has_panid
 .text.field_len
                0x0000c754       0x88 contiki-srf06-cc26xx.a(frame802154.o)
 .text.frame802154_is_broadcast_addr
                0x0000c7dc       0x20 contiki-srf06-cc26xx.a(frame802154.o)
                0x0000c7dc                frame802154_is_broadcast_addr
 .text.frame802154_hdrlen
                0x0000c7fc       0x34 contiki-srf06-cc26xx.a(frame802154.o)
                0x0000c7fc                frame802154_hdrlen
 .text.frame802154_create
                0x0000c830      0x124 contiki-srf06-cc26xx.a(frame802154.o)
                0x0000c830                frame802154_create
 .text.frame802154_parse
                0x0000c954      0x17c contiki-srf06-cc26xx.a(frame802154.o)
                0x0000c954                frame802154_parse
 .text.mac_call_sent_callback
                0x0000cad0       0x18 contiki-srf06-cc26xx.a(mac.o)
                0x0000cad0                mac_call_sent_callback
 .text.stimer_set
                0x0000cae8       0x10 contiki-srf06-cc26xx.a(stimer.o)
                0x0000cae8                stimer_set
 .text.stimer_expired
                0x0000caf8       0x20 contiki-srf06-cc26xx.a(stimer.o)
                0x0000caf8                stimer_expired
 .text          0x0000cb18       0x30 /opt/gcc-arm-none-eabi-5_4-2016q2/bin/../lib/gcc/arm-none-eabi/5.4.1/armv7-m/libgcc.a(_aeabi_uldivmod.o)
                0x0000cb18                __aeabi_uldivmod
 .text          0x0000cb48      0x2ec /opt/gcc-arm-none-eabi-5_4-2016q2/bin/../lib/gcc/arm-none-eabi/5.4.1/armv7-m/libgcc.a(_udivmoddi4.o)
                0x0000cb48                __udivmoddi4
 .text          0x0000ce34        0x4 /opt/gcc-arm-none-eabi-5_4-2016q2/bin/../lib/gcc/arm-none-eabi/5.4.1/armv7-m/libgcc.a(_dvmd_tls.o)
                0x0000ce34                __aeabi_ldiv0
                0x0000ce34                __aeabi_idiv0
 .text.malloc   0x0000ce38       0x10 /opt/gcc-arm-none-eabi-5_4-2016q2/bin/../lib/gcc/arm-none-eabi/5.4.1/../../../../arm-none-eabi/lib/armv7-m/libc.a(lib_a-malloc.o)
                0x0000ce38                malloc
 .text.free     0x0000ce48       0x10 /opt/gcc-arm-none-eabi-5_4-2016q2/bin/../lib/gcc/arm-none-eabi/5.4.1/../../../../arm-none-eabi/lib/armv7-m/libc.a(lib_a-malloc.o)
                0x0000ce48                free
 .text._malloc_r
                0x0000ce58      0x558 /opt/gcc-arm-none-eabi-5_4-2016q2/bin/../lib/gcc/arm-none-eabi/5.4.1/../../../../arm-none-eabi/lib/armv7-m/libc.a(lib_a-mallocr.o)
                0x0000ce58                _malloc_r
 .text.memcmp   0x0000d3b0       0x64 /opt/gcc-arm-none-eabi-5_4-2016q2/bin/../lib/gcc/arm-none-eabi/5.4.1/../../../../arm-none-eabi/lib/armv7-m/libc.a(lib_a-memcmp.o)
                0x0000d3b0                memcmp
 .text          0x0000d414       0xec /opt/gcc-arm-none-eabi-5_4-2016q2/bin/../lib/gcc/arm-none-eabi/5.4.1/../../../../arm-none-eabi/lib/armv7-m/libc.a(lib_a-memcpy.o)
                0x0000d414                memcpy
 .text.memmove  0x0000d500       0xc8 /opt/gcc-arm-none-eabi-5_4-2016q2/bin/../lib/gcc/arm-none-eabi/5.4.1/../../../../arm-none-eabi/lib/armv7-m/libc.a(lib_a-memmove.o)
                0x0000d500                memmove
 .text.memset   0x0000d5c8       0x9c /opt/gcc-arm-none-eabi-5_4-2016q2/bin/../lib/gcc/arm-none-eabi/5.4.1/../../../../arm-none-eabi/lib/armv7-m/libc.a(lib_a-memset.o)
                0x0000d5c8                memset
 .text.__malloc_lock
                0x0000d664        0x4 /opt/gcc-arm-none-eabi-5_4-2016q2/bin/../lib/gcc/arm-none-eabi/5.4.1/../../../../arm-none-eabi/lib/armv7-m/libc.a(lib_a-mlock.o)
                0x0000d664                __malloc_lock
 .text.__malloc_unlock
                0x0000d668        0x4 /opt/gcc-arm-none-eabi-5_4-2016q2/bin/../lib/gcc/arm-none-eabi/5.4.1/../../../../arm-none-eabi/lib/armv7-m/libc.a(lib_a-mlock.o)
                0x0000d668                __malloc_unlock
 .text._sbrk_r  0x0000d66c       0x24 /opt/gcc-arm-none-eabi-5_4-2016q2/bin/../lib/gcc/arm-none-eabi/5.4.1/../../../../arm-none-eabi/lib/armv7-m/libc.a(lib_a-sbrkr.o)
                0x0000d66c                _sbrk_r
 .text.strchr   0x0000d690       0xd0 /opt/gcc-arm-none-eabi-5_4-2016q2/bin/../lib/gcc/arm-none-eabi/5.4.1/../../../../arm-none-eabi/lib/armv7-m/libc.a(lib_a-strchr.o)
                0x0000d690                strchr
 .text          0x0000d760      0x1bc /opt/gcc-arm-none-eabi-5_4-2016q2/bin/../lib/gcc/arm-none-eabi/5.4.1/../../../../arm-none-eabi/lib/armv7-m/libc.a(lib_a-strcmp.o)
                0x0000d760                strcmp
 .text.strlen   0x0000d91c       0x5c /opt/gcc-arm-none-eabi-5_4-2016q2/bin/../lib/gcc/arm-none-eabi/5.4.1/../../../../arm-none-eabi/lib/armv7-m/libc.a(lib_a-strlen-stub.o)
                0x0000d91c                strlen
 .text.strncpy  0x0000d978       0x68 /opt/gcc-arm-none-eabi-5_4-2016q2/bin/../lib/gcc/arm-none-eabi/5.4.1/../../../../arm-none-eabi/lib/armv7-m/libc.a(lib_a-strncpy.o)
                0x0000d978                strncpy
 .text._malloc_trim_r
                0x0000d9e0       0x9c /opt/gcc-arm-none-eabi-5_4-2016q2/bin/../lib/gcc/arm-none-eabi/5.4.1/../../../../arm-none-eabi/lib/armv7-m/libc.a(lib_a-freer.o)
                0x0000d9e0                _malloc_trim_r
 .text._free_r  0x0000da7c      0x1d0 /opt/gcc-arm-none-eabi-5_4-2016q2/bin/../lib/gcc/arm-none-eabi/5.4.1/../../../../arm-none-eabi/lib/armv7-m/libc.a(lib_a-freer.o)
                0x0000da7c                _free_r
 *(SORT(.rodata*))
 .rodata.autostart_processes
                0x0000dc4c        0x8 main_core.co
                0x0000dc4c                autostart_processes
 .rodata.str1.4
                0x0000dc54      0x153 main_core.co
 *fill*         0x0000dda7        0x1 00000000
 .rodata.CSWTCH.95
                0x0000dda8        0x4 obj_srf06-cc26xx/mqtt_sn.o
 .rodata.CSWTCH.97
                0x0000ddac        0x4 obj_srf06-cc26xx/mqtt_sn.o
 .rodata.str1.4
                0x0000ddb0      0x2cb obj_srf06-cc26xx/mqtt_sn.o
 *fill*         0x0000e07b        0x1 00000000
 .rodata.str1.4
                0x0000e07c       0xb6 contiki-srf06-cc26xx.a(contiki-main.o)
                                 0xba (size before relaxing)
 *fill*         0x0000e132        0x2 00000000
 .rodata.str1.4
                0x0000e134        0x8 contiki-srf06-cc26xx.a(sensors.o)
 .rodata.button_left_sensor
                0x0000e13c       0x10 contiki-srf06-cc26xx.a(button-sensor.o)
                0x0000e13c                button_left_sensor
 .rodata.button_up_sensor
                0x0000e14c       0x10 contiki-srf06-cc26xx.a(button-sensor.o)
                0x0000e14c                button_up_sensor
 .rodata.button_select_sensor
                0x0000e15c       0x10 contiki-srf06-cc26xx.a(button-sensor.o)
                0x0000e15c                button_select_sensor
 .rodata.button_right_sensor
                0x0000e16c       0x10 contiki-srf06-cc26xx.a(button-sensor.o)
                0x0000e16c                button_right_sensor
 .rodata.button_down_sensor
                0x0000e17c       0x10 contiki-srf06-cc26xx.a(button-sensor.o)
                0x0000e17c                button_down_sensor
 .rodata.str1.4
                0x0000e18c        0x7 contiki-srf06-cc26xx.a(button-sensor.o)
 *fill*         0x0000e193        0x1 00000000
 .rodata.als_sensor
                0x0000e194       0x10 contiki-srf06-cc26xx.a(als-sensor.o)
                0x0000e194                als_sensor
 .rodata.str1.4
                0x0000e1a4        0x4 contiki-srf06-cc26xx.a(als-sensor.o)
 .rodata.output_power
                0x0000e1a8       0x68 contiki-srf06-cc26xx.a(ieee-mode.o)
 .rodata.ieee_mode_driver
                0x0000e210       0x38 contiki-srf06-cc26xx.a(ieee-mode.o)
                0x0000e210                ieee_mode_driver
 .rodata.mode_ieee
                0x0000e248        0x8 contiki-srf06-cc26xx.a(ieee-mode.o)
 .rodata.str1.4
                0x0000e250       0x1b contiki-srf06-cc26xx.a(soc-trng.o)
 *fill*         0x0000e26b        0x1 00000000
 .rodata.buffer.4106
                0x0000e26c       0x10 contiki-srf06-cc26xx.a(strformat.o)
 .rodata.buffer.4115
                0x0000e27c       0x10 contiki-srf06-cc26xx.a(strformat.o)
 .rodata.str1.4
                0x0000e28c       0x46 contiki-srf06-cc26xx.a(strformat.o)
 *fill*         0x0000e2d2        0x2 00000000
 .rodata.str1.4
                0x0000e2d4        0xf contiki-srf06-cc26xx.a(ctimer.o)
 *fill*         0x0000e2e3        0x1 00000000
 .rodata.str1.4
                0x0000e2e4        0xc contiki-srf06-cc26xx.a(etimer.o)
 .rodata.str1.4
                0x0000e2f0        0xe contiki-srf06-cc26xx.a(serial-line.o)
 *fill*         0x0000e2fe        0x2 00000000
 .rodata        0x0000e300        0x2 contiki-srf06-cc26xx.a(sicslowpan.o)
 *fill*         0x0000e302        0x2 00000000
 .rodata.ttl_values
                0x0000e304        0x4 contiki-srf06-cc26xx.a(sicslowpan.o)
 .rodata.unc_llconf
                0x0000e308        0x4 contiki-srf06-cc26xx.a(sicslowpan.o)
                0x0000e308                unc_llconf
 .rodata.llprefix
                0x0000e30c        0x2 contiki-srf06-cc26xx.a(sicslowpan.o)
                0x0000e30c                llprefix
 *fill*         0x0000e30e        0x2 00000000
 .rodata.sicslowpan_driver
                0x0000e310        0xc contiki-srf06-cc26xx.a(sicslowpan.o)
                0x0000e310                sicslowpan_driver
 .rodata.unc_mxconf
                0x0000e31c        0x4 contiki-srf06-cc26xx.a(sicslowpan.o)
                0x0000e31c                unc_mxconf
 .rodata.unc_ctxconf
                0x0000e320        0x4 contiki-srf06-cc26xx.a(sicslowpan.o)
                0x0000e320                unc_ctxconf
 .rodata.str1.4
                0x0000e324        0xb contiki-srf06-cc26xx.a(sicslowpan.o)
 *fill*         0x0000e32f        0x1 00000000
 .rodata.str1.4
                0x0000e330       0x2b contiki-srf06-cc26xx.a(uip-debug.o)
 *fill*         0x0000e35b        0x1 00000000
 .rodata.str1.4
                0x0000e35c        0xd contiki-srf06-cc26xx.a(tcpip.o)
 *fill*         0x0000e369        0x3 00000000
 .rodata.str1.4
                0x0000e36c       0x13 contiki-srf06-cc26xx.a(simple-udp.o)
 *fill*         0x0000e37f        0x1 00000000
 .rodata.linkaddr_null
                0x0000e380        0x8 contiki-srf06-cc26xx.a(linkaddr.o)
                0x0000e380                linkaddr_null
 .rodata.nullmac_driver
                0x0000e388       0x1c contiki-srf06-cc26xx.a(nullmac.o)
                0x0000e388                nullmac_driver
 .rodata.str1.4
                0x0000e3a4        0x8 contiki-srf06-cc26xx.a(nullmac.o)
 .rodata.framer_802154
                0x0000e3ac        0xc contiki-srf06-cc26xx.a(framer-802154.o)
                0x0000e3ac                framer_802154
 .rodata.str1.4
                0x0000e3b8        0x8 contiki-srf06-cc26xx.a(nullrdc.o)
 .rodata.nullrdc_driver
                0x0000e3c0       0x20 contiki-srf06-cc26xx.a(nullrdc.o)
                0x0000e3c0                nullrdc_driver
 .rodata.str1.4
                0x0000e3e0        0x8 contiki-srf06-cc26xx.a(nullsec.o)
 .rodata.nullsec_driver
                0x0000e3e8       0x10 contiki-srf06-cc26xx.a(nullsec.o)
                0x0000e3e8                nullsec_driver
 .rodata.str1.4
                0x0000e3f8       0x46 contiki-srf06-cc26xx.a(rf-core.o)
 .rodata.str1.4
                0x0000e43e       0x48 /opt/gcc-arm-none-eabi-5_4-2016q2/bin/../lib/gcc/arm-none-eabi/5.4.1/../../../../arm-none-eabi/lib/armv7-m/libc.a(lib_a-impure.o)
                                  0x2 (size before relaxing)
                0x0000e486                _etext = .

.glue_7         0x0000e440        0x0
 .glue_7        0x0000e440        0x0 linker stubs

.glue_7t        0x0000e440        0x0
 .glue_7t       0x0000e440        0x0 linker stubs

.vfp11_veneer   0x0000e440        0x0
 .vfp11_veneer  0x0000e440        0x0 linker stubs

.v4_bx          0x0000e440        0x0
 .v4_bx         0x0000e440        0x0 linker stubs

.iplt           0x0000e440        0x0
 .iplt          0x0000e440        0x0 obj_srf06-cc26xx/startup_gcc.o

.data           0x20000000      0xaa2 load address 0x0000e43e
                0x20000000                _data = .
 *(SORT(vtable))
 *(SORT(.data*))
 .data.impure_data
                0x20000000      0x428 /opt/gcc-arm-none-eabi-5_4-2016q2/bin/../lib/gcc/arm-none-eabi/5.4.1/../../../../arm-none-eabi/lib/armv7-m/libc.a(lib_a-impure.o)
 .data.broker_address
                0x20000428       0x10 main_core.co
 .data.init_system_process
                0x20000438       0x10 main_core.co
                0x20000438                init_system_process
 .data.mqtt_sn_main
                0x20000448       0x10 obj_srf06-cc26xx/mqtt_sn.o
                0x20000448                mqtt_sn_main
 .data.heap_end.6841
                0x20000458        0x4 obj_srf06-cc26xx/mqtt_sn.o
 .data.sensors_process
                0x2000045c       0x10 contiki-srf06-cc26xx.a(sensors.o)
                0x2000045c                sensors_process
 .data.sensors  0x2000046c       0x1c contiki-srf06-cc26xx.a(srf06-sensors.o)
                0x2000046c                sensors
 .data.srf_module
                0x20000488       0x14 contiki-srf06-cc26xx.a(board.o)
 .data.als_aux  0x2000049c        0x8 contiki-srf06-cc26xx.a(als-sensor.o)
 .data.uart_module
                0x200004a4       0x14 contiki-srf06-cc26xx.a(cc26xx-uart.o)
 .data.tx_power_current
                0x200004b8        0x4 contiki-srf06-cc26xx.a(ieee-mode.o)
                0x200004b8                tx_power_current
 .data.cc26xx_rf_lpm_module
                0x200004bc       0x14 contiki-srf06-cc26xx.a(ieee-mode.o)
 .data.ieee_overrides
                0x200004d0       0x2c contiki-srf06-cc26xx.a(ieee-mode.o)
 .data.rng_module
                0x200004fc       0x14 contiki-srf06-cc26xx.a(soc-trng.o)
 .data.soc_trng_process
                0x20000510       0x10 contiki-srf06-cc26xx.a(soc-trng.o)
                0x20000510                soc_trng_process
 .data.ctxt     0x20000520        0x8 contiki-srf06-cc26xx.a(dbg-printf.o)
 .data.ctimer_process
                0x20000528       0x10 contiki-srf06-cc26xx.a(ctimer.o)
                0x20000528                ctimer_process
 .data.etimer_process
                0x20000538       0x10 contiki-srf06-cc26xx.a(etimer.o)
                0x20000538                etimer_process
 .data.serial_line_process
                0x20000548       0x10 contiki-srf06-cc26xx.a(serial-line.o)
                0x20000548                serial_line_process
 .data.tcpip_process
                0x20000558       0x10 contiki-srf06-cc26xx.a(tcpip.o)
                0x20000558                tcpip_process
 .data.simple_udp_process
                0x20000568       0x10 contiki-srf06-cc26xx.a(simple-udp.o)
                0x20000568                simple_udp_process
 .data.dao_ack_handler
                0x20000578        0xc contiki-srf06-cc26xx.a(rpl-icmp6.o)
 .data.dis_handler
                0x20000584        0xc contiki-srf06-cc26xx.a(rpl-icmp6.o)
 .data.dao_handler
                0x20000590        0xc contiki-srf06-cc26xx.a(rpl-icmp6.o)
 .data.dio_handler
                0x2000059c        0xc contiki-srf06-cc26xx.a(rpl-icmp6.o)
 .data.rpl_parents
                0x200005a8        0x4 contiki-srf06-cc26xx.a(rpl-dag.o)
                0x200005a8                rpl_parents
 .data.rpl_parents_struct
                0x200005ac       0x10 contiki-srf06-cc26xx.a(rpl-dag.o)
 .data.bufmem   0x200005bc        0xc contiki-srf06-cc26xx.a(queuebuf.o)
 .data.buframmem
                0x200005c8        0xc contiki-srf06-cc26xx.a(queuebuf.o)
 .data.neighbor_addr_mem
                0x200005d4        0xc contiki-srf06-cc26xx.a(nbr-table.o)
 .data.link_stats_struct
                0x200005e0       0x10 contiki-srf06-cc26xx.a(link-stats.o)
 .data.rf_core_process
                0x200005f0       0x10 contiki-srf06-cc26xx.a(rf-core.o)
                0x200005f0                rf_core_process
 .data.echo_request_handler
                0x20000600        0xc contiki-srf06-cc26xx.a(uip-icmp6.o)
 .data.echo_reply_handler
                0x2000060c        0xc contiki-srf06-cc26xx.a(uip-icmp6.o)
 .data.defaultroutermemb
                0x20000618        0xc contiki-srf06-cc26xx.a(uip-ds6-route.o)
 .data.nbr_routes_struct
                0x20000624       0x10 contiki-srf06-cc26xx.a(uip-ds6-route.o)
 .data.nbr_routes
                0x20000634        0x4 contiki-srf06-cc26xx.a(uip-ds6-route.o)
                0x20000634                nbr_routes
 .data.routememb
                0x20000638        0xc contiki-srf06-cc26xx.a(uip-ds6-route.o)
 .data.neighborroutememb
                0x20000644        0xc contiki-srf06-cc26xx.a(uip-ds6-route.o)
 .data.ds6_neighbors
                0x20000650        0x4 contiki-srf06-cc26xx.a(uip-ds6-nbr.o)
                0x20000650                ds6_neighbors
 .data.ds6_neighbors_struct
                0x20000654       0x10 contiki-srf06-cc26xx.a(uip-ds6-nbr.o)
 .data.rpl_mrhof
                0x20000664       0x24 contiki-srf06-cc26xx.a(rpl-mrhof.o)
                0x20000664                rpl_mrhof
 .data.__malloc_av_
                0x20000688      0x408 /opt/gcc-arm-none-eabi-5_4-2016q2/bin/../lib/gcc/arm-none-eabi/5.4.1/../../../../arm-none-eabi/lib/armv7-m/libc.a(lib_a-mallocr.o)
                0x20000688                __malloc_av_
 .data.__malloc_trim_threshold
                0x20000a90        0x4 /opt/gcc-arm-none-eabi-5_4-2016q2/bin/../lib/gcc/arm-none-eabi/5.4.1/../../../../arm-none-eabi/lib/armv7-m/libc.a(lib_a-mallocr.o)
                0x20000a90                __malloc_trim_threshold
 .data.__malloc_sbrk_base
                0x20000a94        0x4 /opt/gcc-arm-none-eabi-5_4-2016q2/bin/../lib/gcc/arm-none-eabi/5.4.1/../../../../arm-none-eabi/lib/armv7-m/libc.a(lib_a-mallocr.o)
                0x20000a94                __malloc_sbrk_base
 .data._impure_ptr
                0x20000a98        0x4 /opt/gcc-arm-none-eabi-5_4-2016q2/bin/../lib/gcc/arm-none-eabi/5.4.1/../../../../arm-none-eabi/lib/armv7-m/libc.a(lib_a-impure.o)
                0x20000a98                _impure_ptr
 .data.mac_pan_id
                0x20000a9c        0x2 contiki-srf06-cc26xx.a(frame802154.o)
 .data.g_ping_flag_resp
                0x20000a9e        0x1 obj_srf06-cc26xx/mqtt_sn.o
 .data.mqtt_status
                0x20000a9f        0x1 obj_srf06-cc26xx/mqtt_sn.o
 .data.rng_ready_event
                0x20000aa0        0x1 contiki-srf06-cc26xx.a(soc-trng.o)
 .data.dao_sequence
                0x20000aa1        0x1 contiki-srf06-cc26xx.a(rpl-icmp6.o)
                0x20000aa2                _edata = .

.igot.plt       0x20000aa4        0x0 load address 0x0000eee0
 .igot.plt      0x20000aa4        0x0 obj_srf06-cc26xx/startup_gcc.o

.ARM.exidx      0x0000eee0        0x8
 *(SORT(.ARM.exidx*))
 .ARM.exidx     0x0000eee0        0x8 /opt/gcc-arm-none-eabi-5_4-2016q2/bin/../lib/gcc/arm-none-eabi/5.4.1/armv7-m/libgcc.a(_udivmoddi4.o)

.bss            0x20000aa8     0x3258
                0x20000aa8                _bss = .
 *(SORT(.bss*))
 .bss.count     0x20000aa8        0x8 contiki-srf06-cc26xx.a(clock.o)
 .bss.rands_cache
                0x20000ab0       0x20 contiki-srf06-cc26xx.a(soc-trng.o)
 .bss.pub_test  0x20000ad0       0x14 main_core.co
 .bss.time_poll
                0x20000ae4       0x10 main_core.co
 .bss.device_id
                0x20000af4       0x11 main_core.co
 *fill*         0x20000b05        0x3 
 .bss.topic_hw  0x20000b08        0xf main_core.co
 *fill*         0x20000b17        0x1 
 .bss.topic_temp_wildcard
                0x20000b18        0x4 obj_srf06-cc26xx/mqtt_sn.o
 .bss.g_topic_bind
                0x20000b1c      0x320 obj_srf06-cc26xx/mqtt_sn.o
 .bss.mqtt_time_register
                0x20000e3c       0x20 obj_srf06-cc26xx/mqtt_sn.o
 .bss.topics_reconnect
                0x20000e5c      0x190 obj_srf06-cc26xx/mqtt_sn.o
 .bss.callback_mqtt
                0x20000fec        0x4 obj_srf06-cc26xx/mqtt_sn.o
 .bss.mqtt_time_subscribe
                0x20000ff0       0x20 obj_srf06-cc26xx/mqtt_sn.o
 .bss.broker_addr.7139
                0x20001010       0x10 obj_srf06-cc26xx/mqtt_sn.o
 .bss.g_mqtt_sn_con
                0x20001020       0x3c obj_srf06-cc26xx/mqtt_sn.o
 .bss.mqtt_time_ping
                0x2000105c       0x20 obj_srf06-cc26xx/mqtt_sn.o
 .bss.mqtt_time_connect
                0x2000107c       0x20 obj_srf06-cc26xx/mqtt_sn.o
 .bss.i.4895    0x2000109c        0x4 contiki-srf06-cc26xx.a(sensors.o)
 .bss.events.4896
                0x200010a0        0x4 contiki-srf06-cc26xx.a(sensors.o)
 .bss.inited    0x200010a4        0x4 contiki-srf06-cc26xx.a(leds-arch.o)
 .bss.down_timer
                0x200010a8       0x10 contiki-srf06-cc26xx.a(button-sensor.o)
 .bss.sel_timer
                0x200010b8       0x10 contiki-srf06-cc26xx.a(button-sensor.o)
 .bss.left_timer
                0x200010c8       0x10 contiki-srf06-cc26xx.a(button-sensor.o)
 .bss.up_timer  0x200010d8       0x10 contiki-srf06-cc26xx.a(button-sensor.o)
 .bss.last_isr_time
                0x200010e8        0x4 contiki-srf06-cc26xx.a(soc-rtc.o)
 .bss.consumers_list_list
                0x200010ec        0x4 contiki-srf06-cc26xx.a(aux-ctrl.o)
 .bss.input_handler
                0x200010f0        0x4 contiki-srf06-cc26xx.a(cc26xx-uart.o)
 .bss.modules_list_list
                0x200010f4        0x4 contiki-srf06-cc26xx.a(lpm.o)
 .bss.handlers  0x200010f8       0x80 contiki-srf06-cc26xx.a(gpio-interrupt.)
 .bss.last_value.8834
                0x20001178        0x4 contiki-srf06-cc26xx.a(ieee-mode.o)
 .bss.rat_overflow_timer
                0x2000117c       0x20 contiki-srf06-cc26xx.a(ieee-mode.o)
 .bss.filter_cmd
                0x2000119c        0x8 contiki-srf06-cc26xx.a(ieee-mode.o)
 .bss.rx_data_queue
                0x200011a4        0x8 contiki-srf06-cc26xx.a(ieee-mode.o)
 .bss.rx_read_entry
                0x200011ac        0x4 contiki-srf06-cc26xx.a(ieee-mode.o)
 .bss.rat_overflow_counter
                0x200011b0        0x4 contiki-srf06-cc26xx.a(ieee-mode.o)
 .bss.cmd_ieee_rx_buf
                0x200011b4       0x80 contiki-srf06-cc26xx.a(ieee-mode.o)
 .bss.tx_buf    0x20001234       0xb6 contiki-srf06-cc26xx.a(ieee-mode.o)
 *fill*         0x200012ea        0x2 
 .bss.rf_stats  0x200012ec       0x10 contiki-srf06-cc26xx.a(ieee-mode.o)
 .bss.rx_buf_0  0x200012fc       0x90 contiki-srf06-cc26xx.a(ieee-mode.o)
 .bss.rx_buf_1  0x2000138c       0x90 contiki-srf06-cc26xx.a(ieee-mode.o)
 .bss.last_rat_overflow
                0x2000141c        0x4 contiki-srf06-cc26xx.a(ieee-mode.o)